
> negotiation-ring@0.1.0 viewer /Users/pablo/development/hackathon/negotiation-ring
> pnpm --dir viewer start


> @negotiation-ring/viewer@0.1.0 start /Users/pablo/development/hackathon/negotiation-ring/viewer
> tsx server/main.ts

Visor en http://127.0.0.1:5199/ (solo local, solo lectura) · resultados de /Users/pablo/development/hackathon/negotiation-ring/results/eval-dummy
11:54:49 AM [vite] (client) [Unhandled error] Error: Rendered fewer hooks than expected. This may be caused by an accidental early return statement.
 > renderWithHooks node_modules/.pnpm/react-dom@18.3.1_react@18.3.1/node_modules/react-dom/cjs/react-dom.development.js:15562:10
 > updateFunctionComponent node_modules/.pnpm/react-dom@18.3.1_react@18.3.1/node_modules/react-dom/cjs/react-dom.development.js:19617:19
 > beginWork node_modules/.pnpm/react-dom@18.3.1_react@18.3.1/node_modules/react-dom/cjs/react-dom.development.js:21640:15
 > HTMLUnknownElement.callCallback node_modules/.pnpm/react-dom@18.3.1_react@18.3.1/node_modules/react-dom/cjs/react-dom.development.js:4164:13
 > Object.invokeGuardedCallbackDev node_modules/.pnpm/react-dom@18.3.1_react@18.3.1/node_modules/react-dom/cjs/react-dom.development.js:4213:15
 > invokeGuardedCallback node_modules/.pnpm/react-dom@18.3.1_react@18.3.1/node_modules/react-dom/cjs/react-dom.development.js:4277:30
 > beginWork$1 node_modules/.pnpm/react-dom@18.3.1_react@18.3.1/node_modules/react-dom/cjs/react-dom.development.js:27490:6
 > performUnitOfWork node_modules/.pnpm/react-dom@18.3.1_react@18.3.1/node_modules/react-dom/cjs/react-dom.development.js:26596:11
 > workLoopSync node_modules/.pnpm/react-dom@18.3.1_react@18.3.1/node_modules/react-dom/cjs/react-dom.development.js:26505:4
 > renderRootSync node_modules/.pnpm/react-dom@18.3.1_react@18.3.1/node_modules/react-dom/cjs/react-dom.development.js:26473:6

11:54:49 AM [vite] (client) [Unhandled error] Error: Rendered fewer hooks than expected. This may be caused by an accidental early return statement.
 > renderWithHooks node_modules/.pnpm/react-dom@18.3.1_react@18.3.1/node_modules/react-dom/cjs/react-dom.development.js:15562:10
 > updateFunctionComponent node_modules/.pnpm/react-dom@18.3.1_react@18.3.1/node_modules/react-dom/cjs/react-dom.development.js:19617:19
 > beginWork node_modules/.pnpm/react-dom@18.3.1_react@18.3.1/node_modules/react-dom/cjs/react-dom.development.js:21640:15
 > HTMLUnknownElement.callCallback node_modules/.pnpm/react-dom@18.3.1_react@18.3.1/node_modules/react-dom/cjs/react-dom.development.js:4164:13
 > Object.invokeGuardedCallbackDev node_modules/.pnpm/react-dom@18.3.1_react@18.3.1/node_modules/react-dom/cjs/react-dom.development.js:4213:15
 > invokeGuardedCallback node_modules/.pnpm/react-dom@18.3.1_react@18.3.1/node_modules/react-dom/cjs/react-dom.development.js:4277:30
 > beginWork$1 node_modules/.pnpm/react-dom@18.3.1_react@18.3.1/node_modules/react-dom/cjs/react-dom.development.js:27490:6
 > performUnitOfWork node_modules/.pnpm/react-dom@18.3.1_react@18.3.1/node_modules/react-dom/cjs/react-dom.development.js:26596:11
 > workLoopSync node_modules/.pnpm/react-dom@18.3.1_react@18.3.1/node_modules/react-dom/cjs/react-dom.development.js:26505:4
 > renderRootSync node_modules/.pnpm/react-dom@18.3.1_react@18.3.1/node_modules/react-dom/cjs/react-dom.development.js:26473:6

11:54:49 AM [vite] (client) [console.error] The above error occurred in the <AppContent> component:

    at AppContent (http://127.0.0.1:5199/src/App.tsx:530:42)
    at AppErrorBoundary (http://127.0.0.1:5199/src/App.tsx:721:1)
    at App

React will try to recreate this component tree from scratch using the error boundary you provided, AppErrorBoundary.
11:54:49 AM [vite] (client) [console.error] Arena viewer crashed while rendering Error: Rendered fewer hooks than expected. This may be caused by an accidental early return statement.
    at renderWithHooks (http://127.0.0.1:5199/node_modules/.vite/deps/react-dom-BGT_oick.js?v=0a504b55:9652:36)
    at updateFunctionComponent (http://127.0.0.1:5199/node_modules/.vite/deps/react-dom-BGT_oick.js?v=0a504b55:12117:19)
    at beginWork (http://127.0.0.1:5199/node_modules/.vite/deps/react-dom-BGT_oick.js?v=0a504b55:13091:13)
    at beginWork$1 (http://127.0.0.1:5199/node_modules/.vite/deps/react-dom-BGT_oick.js?v=0a504b55:15977:12)
    at performUnitOfWork (http://127.0.0.1:5199/node_modules/.vite/deps/react-dom-BGT_oick.js?v=0a504b55:15560:12)
    at workLoopSync (http://127.0.0.1:5199/node_modules/.vite/deps/react-dom-BGT_oick.js?v=0a504b55:15509:36)
    at renderRootSync (http://127.0.0.1:5199/node_modules/.vite/deps/react-dom-BGT_oick.js?v=0a504b55:15492:6)
    at recoverFromConcurrentError (http://127.0.0.1:5199/node_modules/.vite/deps/react-dom-BGT_oick.js?v=0a504b55:15185:21)
    at performSyncWorkOnRoot (http://127.0.0.1:5199/node_modules/.vite/deps/react-dom-BGT_oick.js?v=0a504b55:15296:19)
    at flushSyncCallbacks (http://127.0.0.1:5199/node_modules/.vite/deps/react-dom-BGT_oick.js?v=0a504b55:7796:19) 
    at AppContent (http://127.0.0.1:5199/src/App.tsx:530:42)
    at AppErrorBoundary (http://127.0.0.1:5199/src/App.tsx:721:1)
    at App
11:56:38 AM [vite] (client) hmr update /src/App.tsx
11:56:49 AM [vite] (client) hmr update /src/screens/LiveScreen.tsx
11:56:49 AM [vite] (client) hmr invalidate /src/screens/LiveScreen.tsx Could not Fast Refresh ("PROJECTOR" export is incompatible). Learn more at https://github.com/vitejs/vite-plugin-react/tree/main/packages/plugin-react#consistent-components-exports
11:56:49 AM [vite] (client) hmr update /src/App.tsx
12:02:56 PM [vite] (client) hmr update /src/ui/states.tsx
12:03:01 PM [vite] (client) hmr update /src/screens/RunsScreen.tsx
12:03:47 PM [vite] (client) hmr update /src/App.tsx
12:07:31 PM [vite] (client) hmr update /src/App.tsx, /src/screens/RunsScreen.tsx, /src/screens/GateScreen.tsx, /src/screens/MatchesScreen.tsx
12:08:04 PM [vite] (client) hmr update /src/screens/MatchesScreen.tsx
12:08:29 PM [vite] (client) hmr update /src/screens/MatchesScreen.tsx
12:10:33 PM [vite] (client) hmr update /src/App.tsx, /src/screens/RunsScreen.tsx, /src/screens/GateScreen.tsx, /src/screens/MatchesScreen.tsx
12:10:39 PM [vite] (client) hmr update /src/screens/MatchesScreen.tsx
12:10:55 PM [vite] (client) hmr update /src/screens/ArenaReplayScreen.tsx
12:10:55 PM [vite] (client) hmr update /src/screens/TwoIssueScreen.tsx
12:11:21 PM [vite] (client) hmr update /src/App.tsx, /src/screens/RunsScreen.tsx, /src/screens/GateScreen.tsx, /src/screens/MatchesScreen.tsx
12:16:02 PM [vite] (client) hmr update /src/screens/ArenaReplayScreen.tsx
12:16:08 PM [vite] (client) hmr update /src/screens/TwoIssueScreen.tsx
12:20:29 PM [vite] (client) hmr update /src/ui/DecisionPanel.tsx
12:21:16 PM [vite] (client) hmr update /src/screens/ArenaReplayScreen.tsx, /src/screens/RunsScreen.tsx, /src/screens/MatchesScreen.tsx, /src/screens/TwoIssueScreen.tsx, /src/ui/match-selector.tsx
12:21:16 PM [vite] (client) hmr invalidate /src/ui/match-selector.tsx Could not Fast Refresh ("matchWindow" export is incompatible). Learn more at https://github.com/vitejs/vite-plugin-react/tree/main/packages/plugin-react#consistent-components-exports
12:21:16 PM [vite] (client) hmr update /src/ui/replay-header.tsx
12:21:22 PM [vite] (client) hmr update /src/screens/MatchesScreen.tsx
12:21:32 PM [vite] (client) hmr update /src/ui/replay-header.tsx
12:21:43 PM [vite] (client) hmr update /src/screens/ArenaReplayScreen.tsx, /src/screens/LiveScreen.tsx, /src/screens/TournamentReplayScreen.tsx, /src/screens/TwoIssueScreen.tsx, /src/screens/MatchesScreen.tsx
12:21:43 PM [vite] (client) hmr invalidate /src/screens/LiveScreen.tsx Could not Fast Refresh ("PROJECTOR" export is incompatible). Learn more at https://github.com/vitejs/vite-plugin-react/tree/main/packages/plugin-react#consistent-components-exports
12:21:43 PM [vite] (client) hmr update /src/App.tsx
12:21:49 PM [vite] (client) hmr update /src/screens/MatchesScreen.tsx
12:22:05 PM [vite] (client) hmr update /src/App.tsx
12:22:35 PM [vite] (client) hmr update /src/screens/ArenaReplayScreen.tsx, /src/screens/TournamentReplayScreen.tsx, /src/screens/TwoIssueScreen.tsx
12:23:11 PM [vite] (client) hmr update /src/screens/ArenaReplayScreen.tsx
12:23:35 PM [vite] (client) hmr update /src/screens/ArenaReplayScreen.tsx
12:24:08 PM [vite] (client) hmr update /src/screens/ArenaReplayScreen.tsx
12:24:19 PM [vite] (client) hmr update /src/screens/ArenaReplayScreen.tsx
12:24:27 PM [vite] (client) hmr update /src/screens/ArenaReplayScreen.tsx
12:24:50 PM [vite] (client) hmr update /src/screens/ArenaReplayScreen.tsx
12:25:05 PM [vite] (client) hmr update /src/screens/TwoIssueScreen.tsx
12:25:49 PM [vite] (client) hmr update /src/App.tsx, /src/screens/RunsScreen.tsx, /src/screens/GateScreen.tsx, /src/screens/MatchesScreen.tsx
12:26:16 PM [vite] (client) hmr update /src/screens/TwoIssueScreen.tsx
12:26:27 PM [vite] (client) hmr update /src/screens/TwoIssueScreen.tsx
12:26:49 PM [vite] (client) hmr update /src/App.tsx, /src/screens/RunsScreen.tsx, /src/screens/GateScreen.tsx, /src/screens/MatchesScreen.tsx
12:29:54 PM [vite] (client) hmr update /@fs/Users/pablo/development/hackathon/negotiation-ring/design-system/src/components/OfferChart.tsx
12:29:54 PM [vite] (client) hmr invalidate /@fs/Users/pablo/development/hackathon/negotiation-ring/design-system/src/components/OfferChart.tsx Could not Fast Refresh ("clampOfferChartIndex" export is incompatible). Learn more at https://github.com/vitejs/vite-plugin-react/tree/main/packages/plugin-react#consistent-components-exports
12:29:54 PM [vite] (client) hmr update /src/App.tsx, /src/screens/ArenaReplayScreen.tsx, /src/screens/RunsScreen.tsx, /src/screens/GateScreen.tsx, /src/screens/LiveScreen.tsx, /src/screens/MatchesScreen.tsx, /src/ui/DecisionPanel.tsx, /src/ui/replay-header.tsx, /src/screens/StatesScreen.tsx, /src/screens/TournamentReplayScreen.tsx, /src/ui/states.tsx, /src/screens/TwoIssueScreen.tsx, /src/ui/match-selector.tsx
12:29:54 PM [vite] (client) hmr invalidate /src/screens/LiveScreen.tsx Could not Fast Refresh ("PROJECTOR" export is incompatible). Learn more at https://github.com/vitejs/vite-plugin-react/tree/main/packages/plugin-react#consistent-components-exports
12:29:54 PM [vite] (client) hmr update /src/App.tsx
12:29:54 PM [vite] (client) hmr invalidate /src/ui/match-selector.tsx Could not Fast Refresh ("matchWindow" export is incompatible). Learn more at https://github.com/vitejs/vite-plugin-react/tree/main/packages/plugin-react#consistent-components-exports
12:29:54 PM [vite] (client) hmr update /src/screens/ArenaReplayScreen.tsx, /src/screens/TwoIssueScreen.tsx
12:30:01 PM [vite] (client) hmr update /@fs/Users/pablo/development/hackathon/negotiation-ring/design-system/src/styles.css
12:30:53 PM [vite] (client) hmr update /src/screens/ArenaReplayScreen.tsx
12:38:45 PM [vite] (client) hmr update /src/App.tsx, /src/screens/RunsScreen.tsx, /src/screens/GateScreen.tsx, /src/screens/MatchesScreen.tsx
12:38:59 PM [vite] (client) hmr update /src/App.tsx, /src/screens/RunsScreen.tsx, /src/screens/GateScreen.tsx, /src/screens/MatchesScreen.tsx
12:39:13 PM [vite] (client) hmr update /src/ui/replay-header.tsx
12:40:17 PM [vite] (client) hmr update /src/screens/TournamentReplayScreen.tsx
12:40:17 PM [vite] (client) [console.error] [vite] SyntaxError: The requested module '/src/ui/labels.ts?t=1790936476386' does not provide an export named 'firstIssueName'
12:40:17 PM [vite] (client) [console.error] [vite] Failed to reload /src/screens/TournamentReplayScreen.tsx. This could be due to syntax errors or importing non-existent modules. (see errors above)
12:40:41 PM [vite] (client) hmr update /src/App.tsx
12:40:41 PM [vite] (client) [console.error] [vite] SyntaxError: The requested module '/src/ui/labels.ts?t=1790936476386' does not provide an export named 'firstIssueName'
12:40:41 PM [vite] (client) [console.error] [vite] Failed to reload /src/App.tsx. This could be due to syntax errors or importing non-existent modules. (see errors above)
12:40:58 PM [vite] (client) hmr update /src/screens/TournamentReplayScreen.tsx
12:43:12 PM [vite] (client) hmr update /src/screens/GateScreen.tsx
12:43:36 PM [vite] (client) hmr update /src/screens/GateScreen.tsx
12:43:44 PM [vite] (client) hmr update /src/screens/GateScreen.tsx
12:45:48 PM [vite] (client) hmr update /src/App.tsx, /src/screens/RunsScreen.tsx, /src/screens/GateScreen.tsx, /src/screens/MatchesScreen.tsx
12:46:07 PM [vite] (client) hmr update /src/screens/LiveScreen.tsx
12:46:07 PM [vite] (client) hmr invalidate /src/screens/LiveScreen.tsx Could not Fast Refresh ("PROJECTOR" export is incompatible). Learn more at https://github.com/vitejs/vite-plugin-react/tree/main/packages/plugin-react#consistent-components-exports
12:46:07 PM [vite] (client) hmr update /src/App.tsx
12:46:24 PM [vite] (client) hmr update /src/screens/LiveScreen.tsx
12:46:24 PM [vite] (client) hmr invalidate /src/screens/LiveScreen.tsx Could not Fast Refresh ("PROJECTOR" export is incompatible). Learn more at https://github.com/vitejs/vite-plugin-react/tree/main/packages/plugin-react#consistent-components-exports
12:46:24 PM [vite] (client) hmr update /src/App.tsx
12:46:29 PM [vite] (client) hmr update /src/screens/LiveScreen.tsx
12:46:29 PM [vite] (client) hmr invalidate /src/screens/LiveScreen.tsx Could not Fast Refresh ("PROJECTOR" export is incompatible). Learn more at https://github.com/vitejs/vite-plugin-react/tree/main/packages/plugin-react#consistent-components-exports
12:46:29 PM [vite] (client) hmr update /src/App.tsx
12:48:42 PM [vite] (client) hmr update /src/ui/states.tsx
12:48:53 PM [vite] (client) hmr update /@fs/Users/pablo/development/hackathon/negotiation-ring/design-system/src/styles.css
12:48:59 PM [vite] (client) hmr update /src/screens/StatesScreen.tsx
12:49:21 PM [vite] (client) hmr update /src/screens/StatesScreen.tsx
12:59:55 PM [vite] (client) hmr update /src/App.tsx, /src/screens/RunsScreen.tsx, /src/screens/GateScreen.tsx, /src/screens/MatchesScreen.tsx
1:00:08 PM [vite] (client) hmr update /src/App.tsx, /src/screens/RunsScreen.tsx, /src/screens/GateScreen.tsx, /src/screens/MatchesScreen.tsx
1:00:14 PM [vite] (client) hmr update /src/App.tsx, /src/screens/RunsScreen.tsx, /src/screens/GateScreen.tsx, /src/screens/MatchesScreen.tsx
1:00:19 PM [vite] (client) hmr update /src/App.tsx, /src/screens/RunsScreen.tsx, /src/screens/GateScreen.tsx, /src/screens/MatchesScreen.tsx
1:00:35 PM [vite] (client) hmr update /src/App.tsx, /src/screens/RunsScreen.tsx, /src/screens/GateScreen.tsx, /src/screens/MatchesScreen.tsx
1:00:54 PM [vite] (client) hmr update /src/App.tsx, /src/screens/RunsScreen.tsx, /src/screens/GateScreen.tsx, /src/screens/MatchesScreen.tsx
1:00:59 PM [vite] (client) hmr update /src/screens/TournamentReplayScreen.tsx
1:01:17 PM [vite] (client) hmr update /src/screens/TournamentReplayScreen.tsx
1:01:25 PM [vite] (client) hmr update /src/screens/TournamentReplayScreen.tsx
1:03:14 PM [vite] (client) hmr update /src/App.tsx, /src/screens/RunsScreen.tsx, /src/screens/GateScreen.tsx, /src/screens/MatchesScreen.tsx, /src/screens/TournamentReplayScreen.tsx
1:03:18 PM [vite] (client) hmr update /src/App.tsx, /src/screens/RunsScreen.tsx, /src/screens/GateScreen.tsx, /src/screens/MatchesScreen.tsx, /src/screens/TournamentReplayScreen.tsx
1:03:24 PM [vite] (client) hmr update /src/screens/ArenaReplayScreen.tsx, /src/screens/TournamentReplayScreen.tsx
1:03:30 PM [vite] (client) hmr update /src/screens/ArenaReplayScreen.tsx, /src/screens/TournamentReplayScreen.tsx
1:03:38 PM [vite] (client) hmr update /src/screens/ArenaReplayScreen.tsx
1:03:44 PM [vite] (client) hmr update /src/screens/TournamentReplayScreen.tsx
1:03:52 PM [vite] (client) hmr update /src/App.tsx, /src/screens/RunsScreen.tsx, /src/screens/GateScreen.tsx, /src/screens/MatchesScreen.tsx, /src/screens/TournamentReplayScreen.tsx, /src/screens/ArenaReplayScreen.tsx
1:04:04 PM [vite] (client) hmr update /src/screens/TwoIssueScreen.tsx
1:04:11 PM [vite] (client) hmr update /src/App.tsx, /src/screens/RunsScreen.tsx, /src/screens/GateScreen.tsx, /src/screens/MatchesScreen.tsx, /src/screens/TournamentReplayScreen.tsx, /src/screens/ArenaReplayScreen.tsx
1:04:16 PM [vite] (client) hmr update /src/screens/LiveScreen.tsx
1:04:16 PM [vite] (client) hmr invalidate /src/screens/LiveScreen.tsx Could not Fast Refresh ("PROJECTOR" export is incompatible). Learn more at https://github.com/vitejs/vite-plugin-react/tree/main/packages/plugin-react#consistent-components-exports
1:04:16 PM [vite] (client) hmr update /src/App.tsx
1:09:22 PM [vite] (client) hmr update /src/App.tsx
1:11:33 PM [vite] (client) hmr update /src/App.tsx
1:11:41 PM [vite] (client) hmr update /src/App.tsx
1:11:45 PM [vite] (client) hmr update /src/App.tsx
1:13:44 PM [vite] (client) hmr update /src/App.tsx
1:13:51 PM [vite] (client) hmr update /src/App.tsx
1:15:09 PM [vite] (client) hmr update /@fs/Users/pablo/development/hackathon/negotiation-ring/design-system/src/styles.css
1:15:26 PM [vite] (client) hmr update /src/App.tsx
1:15:59 PM [vite] (client) hmr update /src/App.tsx
1:24:01 PM [vite] (client) hmr update /@fs/Users/pablo/development/hackathon/negotiation-ring/design-system/src/components/OfferChart.tsx
1:24:01 PM [vite] (client) hmr invalidate /@fs/Users/pablo/development/hackathon/negotiation-ring/design-system/src/components/OfferChart.tsx Could not Fast Refresh ("clampOfferChartIndex" export is incompatible). Learn more at https://github.com/vitejs/vite-plugin-react/tree/main/packages/plugin-react#consistent-components-exports
1:24:01 PM [vite] (client) hmr update /src/App.tsx, /src/screens/ArenaReplayScreen.tsx, /src/screens/RunsScreen.tsx, /src/screens/GateScreen.tsx, /src/screens/LiveScreen.tsx, /src/screens/MatchesScreen.tsx, /src/ui/DecisionPanel.tsx, /src/ui/replay-header.tsx, /src/screens/StatesScreen.tsx, /src/screens/TournamentReplayScreen.tsx, /src/ui/states.tsx, /src/screens/TwoIssueScreen.tsx, /src/ui/match-selector.tsx
1:24:01 PM [vite] (client) hmr invalidate /src/screens/LiveScreen.tsx Could not Fast Refresh ("PROJECTOR" export is incompatible). Learn more at https://github.com/vitejs/vite-plugin-react/tree/main/packages/plugin-react#consistent-components-exports
1:24:01 PM [vite] (client) hmr update /src/App.tsx
1:24:01 PM [vite] (client) hmr invalidate /src/ui/match-selector.tsx Could not Fast Refresh ("matchWindow" export is incompatible). Learn more at https://github.com/vitejs/vite-plugin-react/tree/main/packages/plugin-react#consistent-components-exports
1:24:01 PM [vite] (client) hmr update /src/screens/ArenaReplayScreen.tsx, /src/screens/TwoIssueScreen.tsx
1:25:02 PM [vite] (client) hmr update /src/App.tsx
1:27:44 PM [vite] (client) hmr update /src/screens/TwoIssueScreen.tsx
1:27:49 PM [vite] (client) hmr update /src/screens/LiveScreen.tsx
1:27:49 PM [vite] (client) hmr invalidate /src/screens/LiveScreen.tsx Could not Fast Refresh ("PROJECTOR" export is incompatible). Learn more at https://github.com/vitejs/vite-plugin-react/tree/main/packages/plugin-react#consistent-components-exports
1:27:49 PM [vite] (client) hmr update /src/App.tsx
1:28:04 PM [vite] (client) hmr update /src/screens/LiveScreen.tsx
1:28:04 PM [vite] (client) hmr invalidate /src/screens/LiveScreen.tsx Could not Fast Refresh ("PROJECTOR" export is incompatible). Learn more at https://github.com/vitejs/vite-plugin-react/tree/main/packages/plugin-react#consistent-components-exports
1:28:04 PM [vite] (client) hmr update /src/App.tsx
1:28:12 PM [vite] (client) hmr update /@fs/Users/pablo/development/hackathon/negotiation-ring/design-system/src/components/OfferChart.tsx
1:28:12 PM [vite] (client) hmr invalidate /@fs/Users/pablo/development/hackathon/negotiation-ring/design-system/src/components/OfferChart.tsx Could not Fast Refresh ("clampOfferChartIndex" export is incompatible). Learn more at https://github.com/vitejs/vite-plugin-react/tree/main/packages/plugin-react#consistent-components-exports
1:28:12 PM [vite] (client) hmr update /src/App.tsx, /src/screens/ArenaReplayScreen.tsx, /src/screens/RunsScreen.tsx, /src/screens/GateScreen.tsx, /src/screens/LiveScreen.tsx, /src/screens/MatchesScreen.tsx, /src/ui/DecisionPanel.tsx, /src/ui/replay-header.tsx, /src/screens/StatesScreen.tsx, /src/screens/TournamentReplayScreen.tsx, /src/ui/states.tsx, /src/screens/TwoIssueScreen.tsx, /src/ui/match-selector.tsx
1:28:12 PM [vite] (client) hmr invalidate /src/screens/LiveScreen.tsx Could not Fast Refresh ("PROJECTOR" export is incompatible). Learn more at https://github.com/vitejs/vite-plugin-react/tree/main/packages/plugin-react#consistent-components-exports
1:28:12 PM [vite] (client) hmr update /src/App.tsx
1:28:12 PM [vite] (client) hmr invalidate /src/ui/match-selector.tsx Could not Fast Refresh ("matchWindow" export is incompatible). Learn more at https://github.com/vitejs/vite-plugin-react/tree/main/packages/plugin-react#consistent-components-exports
1:28:12 PM [vite] (client) hmr update /src/screens/ArenaReplayScreen.tsx, /src/screens/TwoIssueScreen.tsx
1:30:02 PM [vite] (client) hmr update /src/screens/GateScreen.tsx
1:30:15 PM [vite] (client) hmr update /src/screens/GateScreen.tsx
1:30:36 PM [vite] (client) hmr update /src/ui/DecisionPanel.tsx
1:30:41 PM [vite] (client) hmr update /src/screens/ArenaReplayScreen.tsx, /src/screens/TournamentReplayScreen.tsx
1:30:47 PM [vite] (client) hmr update /src/screens/TournamentReplayScreen.tsx
1:31:02 PM [vite] (client) hmr update /src/ui/DecisionPanel.tsx
1:35:12 PM [vite] (client) hmr update /src/screens/TournamentReplayScreen.tsx
1:37:03 PM [vite] (client) hmr update /@fs/Users/pablo/development/hackathon/negotiation-ring/design-system/src/components/OfferChart.tsx
1:37:03 PM [vite] (client) hmr invalidate /@fs/Users/pablo/development/hackathon/negotiation-ring/design-system/src/components/OfferChart.tsx Could not Fast Refresh ("clampOfferChartIndex" export is incompatible). Learn more at https://github.com/vitejs/vite-plugin-react/tree/main/packages/plugin-react#consistent-components-exports
1:37:03 PM [vite] (client) hmr update /src/App.tsx, /src/screens/ArenaReplayScreen.tsx, /src/screens/RunsScreen.tsx, /src/screens/GateScreen.tsx, /src/screens/LiveScreen.tsx, /src/screens/MatchesScreen.tsx, /src/ui/DecisionPanel.tsx, /src/ui/replay-header.tsx, /src/screens/StatesScreen.tsx, /src/screens/TournamentReplayScreen.tsx, /src/ui/states.tsx, /src/screens/TwoIssueScreen.tsx, /src/ui/match-selector.tsx
1:37:03 PM [vite] (client) hmr invalidate /src/screens/LiveScreen.tsx Could not Fast Refresh ("PROJECTOR" export is incompatible). Learn more at https://github.com/vitejs/vite-plugin-react/tree/main/packages/plugin-react#consistent-components-exports
1:37:03 PM [vite] (client) hmr update /src/App.tsx
1:37:03 PM [vite] (client) hmr invalidate /src/ui/match-selector.tsx Could not Fast Refresh ("matchWindow" export is incompatible). Learn more at https://github.com/vitejs/vite-plugin-react/tree/main/packages/plugin-react#consistent-components-exports
1:37:03 PM [vite] (client) hmr update /src/screens/ArenaReplayScreen.tsx, /src/screens/TwoIssueScreen.tsx
1:37:42 PM [vite] (client) hmr update /@fs/Users/pablo/development/hackathon/negotiation-ring/design-system/src/components/OfferChart.tsx
1:37:42 PM [vite] (client) hmr invalidate /@fs/Users/pablo/development/hackathon/negotiation-ring/design-system/src/components/OfferChart.tsx Could not Fast Refresh ("clampOfferChartIndex" export is incompatible). Learn more at https://github.com/vitejs/vite-plugin-react/tree/main/packages/plugin-react#consistent-components-exports
1:37:42 PM [vite] (client) hmr update /src/App.tsx, /src/screens/ArenaReplayScreen.tsx, /src/screens/RunsScreen.tsx, /src/screens/GateScreen.tsx, /src/screens/LiveScreen.tsx, /src/screens/MatchesScreen.tsx, /src/ui/DecisionPanel.tsx, /src/ui/replay-header.tsx, /src/screens/StatesScreen.tsx, /src/screens/TournamentReplayScreen.tsx, /src/ui/states.tsx, /src/screens/TwoIssueScreen.tsx, /src/ui/match-selector.tsx
1:37:42 PM [vite] (client) hmr invalidate /src/screens/LiveScreen.tsx Could not Fast Refresh ("PROJECTOR" export is incompatible). Learn more at https://github.com/vitejs/vite-plugin-react/tree/main/packages/plugin-react#consistent-components-exports
1:37:42 PM [vite] (client) hmr update /src/App.tsx
1:37:42 PM [vite] (client) hmr invalidate /src/ui/match-selector.tsx Could not Fast Refresh ("matchWindow" export is incompatible). Learn more at https://github.com/vitejs/vite-plugin-react/tree/main/packages/plugin-react#consistent-components-exports
1:37:42 PM [vite] (client) hmr update /src/screens/ArenaReplayScreen.tsx, /src/screens/TwoIssueScreen.tsx
1:40:23 PM [vite] (client) hmr update /src/screens/StatesScreen.tsx
1:42:45 PM [vite] (client) hmr update /src/screens/ArenaReplayScreen.tsx
1:44:43 PM [vite] (client) hmr update /src/screens/ArenaReplayScreen.tsx
1:44:55 PM [vite] (client) hmr update /src/screens/TournamentReplayScreen.tsx
1:45:49 PM [vite] (client) hmr update /src/ui/DecisionPanel.tsx
1:46:53 PM [vite] (client) hmr update /src/App.tsx
1:48:03 PM [vite] (client) hmr update /src/screens/GateScreen.tsx
1:49:09 PM [vite] (client) hmr update /src/screens/MatchesScreen.tsx

[killed]
