
> negotiation-ring@0.1.0 bazaar:duels /Users/pablo/development/hackathon/negotiation-ring
> tsx src/bazaar/duels-main.ts

bazaar:duels · LIVE · params {"anchorMargin":0.5,"beta":2,"maxRounds":4,"floorShare":0.3,"minSurplus":1,"lastMoveTicks":1,"endgameTicks":3,"assumedDaysWeight":0,"daysWeightScale":1} · state /Users/pablo/development/hackathon/negotiation-ring/results/bazaar-live/2026-10-02/duels-state.json
tick 142 · 5 live duel(s)
duel 35 · seller · price · limit 43 · rival 54 P · ticks left 2
  → ACCEPT rival 54 P (surplus 11.0, ac-next) [error:no_offer]
duel 48 · buyer · price · limit 97 · rival 99 P · ticks left 11
  → WAIT (waiting-for-rival) [skipped]
duel 90 · buyer · price · limit 168 · rival 120 P · ticks left 12
  → ACCEPT rival 120 P (surplus 48.0, ac-next) [skipped]
duel 131 · buyer · price · limit 103 · rival 80 P · ticks left 4
  → ACCEPT rival 80 P (surplus 23.0, ac-next) [error:no_offer]
duel 132 · seller · price · limit 48 · rival 64 P · ticks left 4
  → ACCEPT rival 64 P (surplus 16.0, ac-next) [error:no_offer]
tick 143 · 5 live duel(s)
duel 35 · seller · price · limit 43 · rival 54 P · ticks left 1
  → ACCEPT rival 54 P (surplus 11.0, last-move) [deferred]
duel 48 · buyer · price · limit 97 · rival 99 P · ticks left 10
  → WAIT (waiting-for-rival) [skipped]
duel 90 · buyer · price · limit 168 · rival 120 P · ticks left 11
  → ACCEPT rival 120 P (surplus 48.0, ac-next) [sent]
duel 131 · buyer · price · limit 103 · rival 80 P · ticks left 3
  → ACCEPT rival 80 P (surplus 23.0, ac-next) [deferred]
duel 132 · seller · price · limit 48 · rival 64 P · ticks left 3
  → ACCEPT rival 64 P (surplus 16.0, ac-next) [deferred]
tick 144 · 6 live duel(s)
duel 36 · buyer · price · limit 102 · rival - · ticks left 12
  → COUNTER 68 P (surplus 34.0, round 0, opening) "Hello, and thank you for meeting me. I would propose 68 P for this one." [sent]
duel 45 · seller · price · limit 142 · rival - · ticks left 12
  → COUNTER 213 P (surplus 71.0, round 0, opening) "Hello, and thank you for meeting me. I would propose 213 P for this one." [sent]
duel 46 · buyer · price · limit 97 · rival - · ticks left 12
  → COUNTER 64 P (surplus 33.0, round 0, opening) "Hello, and thank you for meeting me. I would propose 64 P for this one." [sent]
duel 48 · buyer · price · limit 97 · rival 99 P · ticks left 9
  → WAIT (waiting-for-rival) [skipped]
duel 131 · buyer · price · limit 103 · rival 80 P · ticks left 2
  → ACCEPT rival 80 P (surplus 23.0, ac-next) [error:no_offer]
duel 132 · seller · price · limit 48 · rival 64 P · ticks left 2
  → ACCEPT rival 64 P (surplus 16.0, ac-next) [error:no_offer]
tick 145 · 6 live duel(s)
duel 36 · buyer · price · limit 102 · rival 68 P · ticks left 11
  → ACCEPT rival 68 P (surplus 34.0, ac-next) [error:no_offer]
duel 45 · seller · price · limit 142 · rival 213 P · ticks left 11
  → ACCEPT rival 213 P (surplus 71.0, ac-next) [error:no_offer]
duel 46 · buyer · price · limit 97 · rival 64 P · ticks left 11
  → ACCEPT rival 64 P (surplus 33.0, ac-next) [error:no_offer]
duel 48 · buyer · price · limit 97 · rival 99 P · ticks left 8
  → WAIT (waiting-for-rival) [skipped]
duel 131 · buyer · price · limit 103 · rival 80 P · ticks left 1
  → ACCEPT rival 80 P (surplus 23.0, last-move) [error:no_offer]
duel 132 · seller · price · limit 48 · rival 64 P · ticks left 1
  → ACCEPT rival 64 P (surplus 16.0, last-move) [error:no_offer]
tick 146 · 4 live duel(s)
duel 36 · buyer · price · limit 102 · rival 68 P · ticks left 10
  → ACCEPT rival 68 P (surplus 34.0, ac-next) [error:no_offer]
duel 45 · seller · price · limit 142 · rival 213 P · ticks left 10
  → ACCEPT rival 213 P (surplus 71.0, ac-next) [error:no_offer]
duel 46 · buyer · price · limit 97 · rival 64 P · ticks left 10
  → ACCEPT rival 64 P (surplus 33.0, ac-next) [error:no_offer]
duel 48 · buyer · price · limit 97 · rival 99 P · ticks left 7
  → WAIT (waiting-for-rival) [skipped]
tick 147 · 4 live duel(s)
duel 36 · buyer · price · limit 102 · rival 68 P · ticks left 9
  → ACCEPT rival 68 P (surplus 34.0, ac-next) [error:no_offer]
duel 45 · seller · price · limit 142 · rival 213 P · ticks left 9
  → ACCEPT rival 213 P (surplus 71.0, ac-next) [error:no_offer]
duel 46 · buyer · price · limit 97 · rival 64 P · ticks left 9
  → ACCEPT rival 64 P (surplus 33.0, ac-next) [error:no_offer]
duel 48 · buyer · price · limit 97 · rival 99 P · ticks left 6
  → WAIT (waiting-for-rival) [skipped]
tick 148 · 4 live duel(s)
duel 36 · buyer · price · limit 102 · rival 68 P · ticks left 8
  → ACCEPT rival 68 P (surplus 34.0, ac-next) [error:no_offer]
duel 45 · seller · price · limit 142 · rival 213 P · ticks left 8
  → ACCEPT rival 213 P (surplus 71.0, ac-next) [error:no_offer]
duel 46 · buyer · price · limit 97 · rival 64 P · ticks left 8
  → ACCEPT rival 64 P (surplus 33.0, ac-next) [error:no_offer]
duel 48 · buyer · price · limit 97 · rival 99 P · ticks left 5
  → WAIT (waiting-for-rival) [skipped]

[killed]
