
> negotiation-ring@0.1.0 viewer /Users/pablo/development/hackathon/negotiation-ring.worktrees/viewer-polish
> pnpm --dir viewer start


> @negotiation-ring/viewer@0.1.0 start /Users/pablo/development/hackathon/negotiation-ring.worktrees/viewer-polish/viewer
> tsx server/main.ts

Visor en http://127.0.0.1:5199/ (solo local, solo lectura) · resultados de /Users/pablo/development/hackathon/negotiation-ring.worktrees/text-first-ring/results/demo-text
2:59:23 AM [vite] (client) hmr update /src/App.tsx, /src/screens/GateScreen.tsx, /src/screens/MatchesScreen.tsx
2:59:23 AM [vite] (client) hmr update /src/screens/ArenaReplayScreen.tsx
2:59:23 AM [vite] (client) Pre-transform error: Transform failed with 1 error:

[31m[PARSE_ERROR] [0mUnexpected token
     [38;5;246m╭[0m[38;5;246m─[0m[38;5;246m[[0m src/screens/ArenaReplayScreen.tsx:159:1 [38;5;246m][0m
     [38;5;246m│[0m
 [38;5;246m159 │[0m <<[38;5;249m<[0m[38;5;249m<[0m[38;5;249m<[0m[38;5;249m<[0m[38;5;249m<[0m[38;5;249m [0m[38;5;249mH[0m[38;5;249mE[0m[38;5;249mA[0m[38;5;249mD[0m
 [38;5;240m    │[0m ─┬  
 [38;5;240m    │[0m  ╰── 
[38;5;246m─────╯[0m

  Plugin: vite:oxc
  File: /Users/pablo/development/hackathon/negotiation-ring.worktrees/viewer-polish/viewer/src/screens/ArenaReplayScreen.tsx
2:59:23 AM [vite] Internal server error: Transform failed with 1 error:

[31m[PARSE_ERROR] [0mUnexpected token
     [38;5;246m╭[0m[38;5;246m─[0m[38;5;246m[[0m src/screens/ArenaReplayScreen.tsx:159:1 [38;5;246m][0m
     [38;5;246m│[0m
 [38;5;246m159 │[0m <<[38;5;249m<[0m[38;5;249m<[0m[38;5;249m<[0m[38;5;249m<[0m[38;5;249m<[0m[38;5;249m [0m[38;5;249mH[0m[38;5;249mE[0m[38;5;249mA[0m[38;5;249mD[0m
 [38;5;240m    │[0m ─┬  
 [38;5;240m    │[0m  ╰── 
[38;5;246m─────╯[0m

  Plugin: vite:oxc
  File: /Users/pablo/development/hackathon/negotiation-ring.worktrees/viewer-polish/viewer/src/screens/ArenaReplayScreen.tsx
      at transformWithOxc (/Users/pablo/development/hackathon/negotiation-ring.worktrees/viewer-polish/viewer/node_modules/.pnpm/vite@8.3.2_@types+node@26.6.3_esbuild@0.28.2_tsx@4.23.15/node_modules/vite/dist/node/chunks/node.js:7581:19)
      at TransformPluginContext.transform (/Users/pablo/development/hackathon/negotiation-ring.worktrees/viewer-polish/viewer/node_modules/.pnpm/vite@8.3.2_@types+node@26.6.3_esbuild@0.28.2_tsx@4.23.15/node_modules/vite/dist/node/chunks/node.js:7653:26)
      at EnvironmentPluginContainer.transform (/Users/pablo/development/hackathon/negotiation-ring.worktrees/viewer-polish/viewer/node_modules/.pnpm/vite@8.3.2_@types+node@26.6.3_esbuild@0.28.2_tsx@4.23.15/node_modules/vite/dist/node/chunks/node.js:8545:51)
      at async loadAndTransform (/Users/pablo/development/hackathon/negotiation-ring.worktrees/viewer-polish/viewer/node_modules/.pnpm/vite@8.3.2_@types+node@26.6.3_esbuild@0.28.2_tsx@4.23.15/node_modules/vite/dist/node/chunks/node.js:19988:26)
      at async viteTransformMiddleware (/Users/pablo/development/hackathon/negotiation-ring.worktrees/viewer-polish/viewer/node_modules/.pnpm/vite@8.3.2_@types+node@26.6.3_esbuild@0.28.2_tsx@4.23.15/node_modules/vite/dist/node/chunks/node.js:20207:20)
2:59:23 AM [vite] (client) [console.error] [vite] Failed to reload /src/App.tsx. This could be due to syntax errors or importing non-existent modules. (see errors above)
2:59:23 AM [vite] (client) [console.error] [vite] Failed to reload /src/screens/ArenaReplayScreen.tsx. This could be due to syntax errors or importing non-existent modules. (see errors above)
2:59:59 AM [vite] (client) hmr update /src/screens/ArenaReplayScreen.tsx
3:00:19 AM [vite] (client) hmr update /src/screens/ArenaReplayScreen.tsx

[killed]
