[tick 127] · outcome · thread 242 · buy:SAL-04 · status deal
SUMMARY thread 242 · abuela · buy SAL-04 · deal at ? · her 12→10 · ours 9 · our value 13 limit 13 · received SAL-04
  copies SAL-04×0 → SAL-04×1 · deals with abuela last hour 3 · ticks 124→127 (2026-10-02T20:27:47.387Z) · patience 1 msgs / 3 ticks until close
  → COUNTER 108 P (surplus 22.0, round 2, concede) "Fair enough, I will meet you partway at 108 P." [sent]
  → COUNTER 81 P (surplus 17.0, round 2, concede) "Fair enough, I will meet you partway at 81 P." [sent]
[tick 127 · 2.12h · open] cash 320 (floor 280) · spent 0/60 this hour, 0/150 run · abuela: open #250 buy:SAL-05 · chato: locked · deals 6 · neg -14.9 · rank 15
[tick 128 · 2.13h · open] cash 320 (floor 280) · spent 0/60 this hour, 0/150 run · abuela: counter #250 buy:SAL-05 her 12 ours 9 anchor · chato: locked · deals 6 · neg -14.9 · rank 15
  → COUNTER 103 P (surplus 17.0, round 3, concede) "We are getting close. 103 P works for me." [sent]
  → ACCEPT rival 85 P (surplus 13.0, ac-next) [sent]
  → COUNTER 86 P (surplus 18.0, round 2, concede) "Fair enough, I will meet you partway at 86 P." [sent]
  → COUNTER 108 P (surplus 23.0, round 2, concede) "Fair enough, I will meet you partway at 108 P." [sent]
  → COUNTER 145 P (surplus 30.0, round 2, concede) "Fair enough, I will meet you partway at 145 P." [sent]
  → COUNTER 59 P (surplus 17.0, round 1, concede) "I appreciate it. Let us try to close quickly: 59 P." [sent]
dealer chato (El Chato): unlocked · quota 6 deals/hour · negotiator {"patienceBudget":3,"buyAnchorFrac":0.85,"sellAnchorMult":1.5,"sellFloorAnchorMult":1.15,"maxHolds":1}
  → COUNTER 63 P (surplus 13.0, round 2, concede) "Fair enough, I will meet you partway at 63 P." [sent]
  → COUNTER 95 P (surplus 32.0, round 0, opening) "Hello, and thank you for meeting me. I would propose 95 P for this one." [sent]
[tick 129 · 2.15h · open] cash 320 (floor 280) · spent 0/60 this hour, 0/150 run · abuela: counter #250 buy:SAL-05 her 11 ours 10 adaptive · chato: open #257 sell:438 · deals 6 · neg -14.9 · rank 15
[tick 130] · outcome · thread 250 · buy:SAL-05 · status deal
SUMMARY thread 250 · abuela · buy SAL-05 · deal at ? · her 12→11 · ours 9→10 · our value 13 limit 13 · received SAL-05
  copies SAL-05×0 → SAL-05×1 · deals with abuela last hour 4 · ticks 127→130 (2026-10-02T20:30:47.365Z) · patience 2 msgs / 3 ticks until close
  → COUNTER 122 P (surplus 41.0, round 0, opening) "Hello, and thank you for meeting me. I would propose 122 P for this one." [sent]
  → COUNTER 138 P (surplus 23.0, round 3, concede) "We are getting close. 138 P works for me." [sent]
  → COUNTER 84 P (surplus 21.0, round 1, concede) "I appreciate it. Let us try to close quickly: 84 P." [sent]
[tick 130 · 2.17h · open] cash 40 (floor 280) · spent 0/60 this hour, 0/150 run · abuela: open #260 sell:438 · chato: counter #257 sell:438 her 13 ours 20 anchor · deals 7 · neg -14.9 · rank 15
  → COUNTER 82 P (surplus 14.0, round 3, concede) "We are getting close. 82 P works for me." [sent]
  → COUNTER 113 P (surplus 18.0, round 3, concede) "We are getting close. 113 P works for me." [sent]
  → COUNTER 133 P (surplus 18.0, round 4, concede) "Thank you for your offer. I can move to 133 P." [sent]
  → COUNTER 66 P (surplus 10.0, round 3, concede) "We are getting close. 66 P works for me." [sent]
[tick 131 · 2.18h · open] cash 40 (floor 280) · spent 0/60 this hour, 0/150 run · abuela: counter #260 sell:438 her 12 ours 24 anchor · chato: counter #257 sell:438 her 13 ours 17 adaptive · deals 7 · neg -14.9 · rank 15
  → COUNTER 132 P (surplus 44.0, round 0, opening) "Hello, and thank you for meeting me. I would propose 132 P for this one." [sent]
  → COUNTER 66 P (surplus 34.0, round 0, opening) "Hello, and thank you for meeting me. I would propose 66 P for this one." [sent]
  → COUNTER 65 P (surplus 22.0, round 0, opening) "Hello, and thank you for meeting me. I would propose 65 P for this one." [sent]
  → COUNTER 68 P (surplus 8.0, round 4, concede) "Thank you for your offer. I can move to 68 P." [sent]
  → COUNTER 79 P (surplus 16.0, round 2, concede) "Fair enough, I will meet you partway at 79 P." [sent]
  → COUNTER 117 P (surplus 29.0, round 1, concede) "I appreciate it. Let us try to close quickly: 117 P." [sent]
  → ACCEPT rival 63 P (surplus 37.0, ac-next) [sent]
  → COUNTER 108 P (surplus 27.0, round 1, concede) "I appreciate it. Let us try to close quickly: 108 P." [sent]
  → COUNTER 68 P (surplus 8.0, round 5, concede) "I think 68 P is fair for both of us. Shall we settle?" [sent]
  → COUNTER 76 P (surplus 13.0, round 3, concede) "We are getting close. 76 P works for me." [sent]
  → COUNTER 68 P (surplus 35.0, round 0, opening) "Hello, and thank you for meeting me. I would propose 68 P for this one." [sent]
  → COUNTER 72 P (surplus 24.0, round 0, opening) "Hello, and thank you for meeting me. I would propose 72 P for this one." [sent]
  → COUNTER 59 P (surplus 20.0, round 0, opening) "Hello, and thank you for meeting me. I would propose 59 P for this one." [sent]
  → COUNTER 73 P (surplus 10.0, round 4, concede) "Thank you for your offer. I can move to 73 P." [sent]
  → COUNTER 57 P (surplus 14.0, round 1, concede) "I appreciate it. Let us try to close quickly: 57 P." [sent]
  → COUNTER 129 P (surplus 65.0, round 0, opening) "Hello, and thank you for meeting me. I would propose 129 P for this one." [sent]
  → COUNTER 73 P (surplus 10.0, round 5, concede) "I think 73 P is fair for both of us. Shall we settle?" [sent]
  → COUNTER 102 P (surplus 21.0, round 2, concede) "Fair enough, I will meet you partway at 102 P." [sent]
  → COUNTER 151 P (surplus 43.0, round 1, concede) "I appreciate it. Let us try to close quickly: 151 P." [sent]

[killed]
