
> negotiation-ring@0.1.0 bazaar:duels /Users/pablo/development/hackathon/negotiation-ring
> tsx src/bazaar/duels-main.ts

bazaar:duels · LIVE · params {"anchorMargin":0.5,"beta":2,"maxRounds":4,"floorShare":0.3,"minSurplus":1,"lastMoveTicks":1,"endgameTicks":3,"assumedDaysWeight":0,"daysWeightScale":1} · state /Users/pablo/development/hackathon/negotiation-ring/results/bazaar-live/2026-10-02/duels-state.json
tick 138 · 6 live duel(s)
duel 35 · seller · price · limit 43 · rival 54 P · ticks left 6
  → ACCEPT rival 54 P (surplus 11.0, ac-next) [deferred]
duel 47 · seller · price · limit 81 · rival 102 P · ticks left 4
  → ACCEPT rival 102 P (surplus 21.0, ac-next) [deferred]
duel 89 · seller · price · limit 126 · rival 149 P · ticks left 12
  → COUNTER 167 P (surplus 41.0, round 1, concede) "I appreciate it. Let us try to close quickly: 167 P." [error:wait_for_tick]
duel 131 · buyer · price · limit 103 · rival 80 P · ticks left 8
  → ACCEPT rival 80 P (surplus 23.0, ac-next) [error:no_offer]
duel 132 · seller · price · limit 48 · rival 64 P · ticks left 8
  → ACCEPT rival 64 P (surplus 16.0, ac-next) [deferred]
duel 244 · buyer · price · limit 186 · rival 213 P · ticks left 11
  → COUNTER 145 P (surplus 41.0, round 1, concede) "I appreciate it. Let us try to close quickly: 145 P." [error:wait_for_tick]
tick 139 · 6 live duel(s)
duel 35 · seller · price · limit 43 · rival 54 P · ticks left 5
  → ACCEPT rival 54 P (surplus 11.0, ac-next) [deferred]
duel 47 · seller · price · limit 81 · rival 102 P · ticks left 3
  → ACCEPT rival 102 P (surplus 21.0, ac-next) [deferred]
duel 89 · seller · price · limit 126 · rival 149 P · ticks left 11
  → COUNTER 167 P (surplus 41.0, round 1, concede) "I appreciate it. Let us try to close quickly: 167 P." [sent]
duel 131 · buyer · price · limit 103 · rival 80 P · ticks left 7
  → ACCEPT rival 80 P (surplus 23.0, ac-next) [error:no_offer]
duel 132 · seller · price · limit 48 · rival 64 P · ticks left 7
  → ACCEPT rival 64 P (surplus 16.0, ac-next) [deferred]
duel 244 · buyer · price · limit 186 · rival 213 P · ticks left 10
  → COUNTER 145 P (surplus 41.0, round 1, concede) "I appreciate it. Let us try to close quickly: 145 P." [sent]
tick 140 · 6 live duel(s)
duel 35 · seller · price · limit 43 · rival 54 P · ticks left 4
  → ACCEPT rival 54 P (surplus 11.0, ac-next) [deferred]
duel 47 · seller · price · limit 81 · rival 77 P · ticks left 2
  → COUNTER 102 P (surplus 21.0, round 1, concede) "I appreciate it. Let us try to close quickly: 102 P." [sent]
duel 89 · seller · price · limit 126 · rival 160 P · ticks left 10
  → COUNTER 167 P (surplus 41.0, round 1, concede) "I think 167 P is fair for both of us. Shall we settle?" [sent]
duel 131 · buyer · price · limit 103 · rival 80 P · ticks left 6
  → ACCEPT rival 80 P (surplus 23.0, ac-next) [error:no_offer]
duel 132 · seller · price · limit 48 · rival 64 P · ticks left 6
  → ACCEPT rival 64 P (surplus 16.0, ac-next) [deferred]
duel 244 · buyer · price · limit 186 · rival 203 P · ticks left 9
  → COUNTER 145 P (surplus 41.0, round 1, concede) "I think 145 P is fair for both of us. Shall we settle?" [sent]
tick 141 · 6 live duel(s)
duel 35 · seller · price · limit 43 · rival 54 P · ticks left 3
  → ACCEPT rival 54 P (surplus 11.0, ac-next) [deferred]
duel 47 · seller · price · limit 81 · rival 77 P · ticks left 1
  → COUNTER 102 P (surplus 21.0, round 1, concede) "I think 102 P is fair for both of us. Shall we settle?" [sent]
duel 48 · buyer · price · limit 97 · rival - · ticks left 12
  → COUNTER 64 P (surplus 33.0, round 0, opening) "Hello, and thank you for meeting me. I would propose 64 P for this one." [sent]
duel 89 · seller · price · limit 126 · rival 167 P · ticks left 9
  → ACCEPT rival 167 P (surplus 41.0, ac-next) [sent]
duel 131 · buyer · price · limit 103 · rival 80 P · ticks left 5
  → ACCEPT rival 80 P (surplus 23.0, ac-next) [deferred]
duel 132 · seller · price · limit 48 · rival 64 P · ticks left 5
  → ACCEPT rival 64 P (surplus 16.0, ac-next) [deferred]
tick 142 · 5 live duel(s)
duel 35 · seller · price · limit 43 · rival 54 P · ticks left 2
  → ACCEPT rival 54 P (surplus 11.0, ac-next) [deferred]
duel 48 · buyer · price · limit 97 · rival 99 P · ticks left 11
  → COUNTER 75 P (surplus 22.0, round 1, concede) "I appreciate it. Let us try to close quickly: 75 P." [sent]
duel 90 · buyer · price · limit 168 · rival - · ticks left 12
  → COUNTER 112 P (surplus 56.0, round 0, opening) "Hello, and thank you for meeting me. I would propose 112 P for this one." [sent]
duel 131 · buyer · price · limit 103 · rival 80 P · ticks left 4
  → ACCEPT rival 80 P (surplus 23.0, ac-next) [error:no_offer]
duel 132 · seller · price · limit 48 · rival 64 P · ticks left 4
  → ACCEPT rival 64 P (surplus 16.0, ac-next) [deferred]

[killed]
