
> negotiation-ring@0.1.0 viewer /Users/pablo/development/hackathon/negotiation-ring
> pnpm --dir viewer start


> @negotiation-ring/viewer@0.1.0 start /Users/pablo/development/hackathon/negotiation-ring/viewer
> tsx server/main.ts

Visor en http://127.0.0.1:5199/ (solo local, solo lectura) · resultados de /Users/pablo/development/hackathon/negotiation-ring/results/demo-text
11:34:16 AM [vite] (client) hmr update /src/App.tsx
11:35:15 AM [vite] (client) hmr update /src/screens/ArenaReplayScreen.tsx, /src/screens/RunsScreen.tsx, /src/screens/MatchesScreen.tsx, /src/screens/TwoIssueScreen.tsx, /src/ui/match-selector.tsx
11:35:15 AM [vite] (client) hmr invalidate /src/ui/match-selector.tsx Could not Fast Refresh ("matchWindow" export is incompatible). Learn more at https://github.com/vitejs/vite-plugin-react/tree/main/packages/plugin-react#consistent-components-exports
11:35:15 AM [vite] (client) hmr update /src/ui/replay-header.tsx
11:35:54 AM [vite] (client) hmr update /src/screens/RunsScreen.tsx
11:36:05 AM [vite] (client) hmr update /src/App.tsx
11:37:48 AM [vite] (client) hmr update /src/App.tsx, /src/screens/LiveScreen.tsx
11:37:48 AM [vite] (client) hmr invalidate /src/screens/LiveScreen.tsx Could not Fast Refresh ("PROJECTOR" export is incompatible). Learn more at https://github.com/vitejs/vite-plugin-react/tree/main/packages/plugin-react#consistent-components-exports
11:37:48 AM [vite] (client) hmr update /src/App.tsx
11:38:44 AM [vite] (client) hmr update /src/App.tsx
11:38:54 AM [vite] (client) hmr update /src/App.tsx
11:39:02 AM [vite] (client) hmr update /src/App.tsx
11:39:10 AM [vite] (client) hmr update /src/App.tsx
11:39:18 AM [vite] (client) hmr update /src/App.tsx
11:39:39 AM [vite] (client) hmr update /src/App.tsx

[killed]
