feed started · 6 existing threads skipped
[thread 222] abuela: ¡Ay, hijo, you bargain like my grandson! Look — 25 P, and we are done, sí? One coin between us, not worth more talk. Take La Galería home, show it to your friends. And eat something tonight, you look thin, cariño.
── thread 222 status: deal
── thread 227 opened with abuela · topic {"buy":{"card":"SAL-08"}}
[thread 227] t02 (22 P): Good evening, Abuela Carmen! What a lovely stall. I would be happy to offer 22 P for it, if that suits you.
[thread 227] abuela (29 P): Ay, hola cariño! Come, sit a moment. Have you eaten? Look here — Guantería Antigua, one of my favourites, I have kept her nice and clean. For you, twenty-nine P. My grandson started his album with this very card, ¿sabes?
[thread 227] abuela (26 P): Let's meet in the middle, cariño: 26 P.
[thread 227] t02 (25 P): I really appreciate your patience. Could we meet at 25 P?
── thread 227 status: deal
[thread 227] abuela: Ay, hecho, hijo! Twenty-five P, and she is yours. Take good care of her. And a little advice, cariño: a full page is worth much more than loose cards — swap your duplicates with the other niños. Now go, eat something. Come back Sunday!
── thread 236 opened with abuela · topic {"buy":{"card":"SAL-03"}}
[thread 236] t02 (9 P): Hello, Abuela! I have been looking for one just like this. Would 9 P be all right? Thank you so much.
[thread 236] abuela (12 P): ¡Hola, cariño! Come, sit a moment. Have you eaten? Look here — this one, Perrito con Abrigo, my favourite little dog in his coat. Twelve P and he is yours. No hurry, hijo, look at all of them first.
[thread 236] abuela: Look, 10 P. My grandchildren would pay more!
── thread 236 status: deal
── thread 242 opened with abuela · topic {"buy":{"card":"SAL-04"}}
[thread 242] t02 (9 P): Hello, Abuela! I have been looking for one just like this. Would 9 P be all right? Thank you so much.
[thread 242] abuela (12 P): Hola, cariño! Come, sit a little. Have you eaten? Look here — this one, Café en Goya, very pretty card, my favourite of the set. For you, twelve P. My Sundays here are forty years now, and I still love giving the good ones to beginners.
[thread 242] abuela: Let's meet in the middle, cariño: 10 P.
── thread 242 status: deal
── thread 250 opened with abuela · topic {"buy":{"card":"SAL-05"}}
[thread 250] t02 (9 P): Hello, Abuela! I have been looking for one just like this. Would 9 P be all right? Thank you so much.
[thread 250] abuela (12 P): Ay, hola cariño! Come, sit a moment, you look hungry — have you eaten today? Look here, this one, the Taxi Blanco. A good card to start with, very pretty. Twelve P for you. My grandson started with this very same one, pobrecito, he never swapped it.
[thread 250] abuela (11 P): Let's meet in the middle, cariño: 11 P.
[thread 250] t02 (10 P): Thank you, Abuela, you are very kind. I can stretch a little: 10 P?
── thread 257 opened with chato · topic {"sell":{"assets":[438]}}
[thread 250] abuela: Ay, está bien, hijo — ten P, we have a deal! Take the Taxi Blanco, she is yours. Keep her in a sleeve, eh? And come back Sunday, I always have something for beginners. Now go eat something, cariño, you look too thin.
── thread 250 status: deal
[thread 257] chato (13 P): Abuela sent you. Bueno. Mercado de la Paz, thirteen. Silver pack, clean. You want it or you want to look?
[thread 257] t02 (20 P): Good evening, Abuela Carmen! This one has been with me a while and I would love it to find a good home. Would you give 20 P for it?
── thread 260 opened with abuela · topic {"sell":{"assets":[438]}}
[thread 257] t02 (17 P): Thank you, Abuela, that is kind of you. I could come down a little: 17 P?
[thread 257] chato (13 P): I'm not Abuela. And I'm selling, not buying. Mercado de la Paz, thirteen. That's the number.
[thread 260] t02 (24 P): Good evening, Abuela Carmen! This one has been with me a while and I would love it to find a good home. Would you give 24 P for it?
[thread 260] abuela (12 P): ¡Hola, cariño! Come, sit a moment, you look hungry — have you eaten today? Look here, this one, Mercado de la Paz, very pretty card, my favourite. For you, twelve P. My daughter learned the game with that very card, hijo.
── thread 257 status: closed

[killed]
