
> negotiation-ring@0.1.0 typecheck /Users/pablo/development/hackathon/negotiation-ring.worktrees/causa-prima-arena
> tsc --noEmit

-- docs
  CLI flags found: 67
  CSS custom properties found: 27
  Issues found: 0

✓ All identifiers found in source!
-- arena
price-seller-hidden-long     hypothetical    seller  21     100.0        32.2     0     9.0      0          0    0.39       0/0          0
price-seller-hidden-long     extreme-anchor  seller  21     100.0         0.0     0    14.0      0          0    0.43       0/0          0
price-seller-hidden-long     causa-prima     seller  21     100.0        34.6     0    10.0      0          0    0.45       0/0          0
text-buyer-wide              boulware        buyer   21     100.0        35.4     0    10.0      0          0    0.44       0/0          0
text-buyer-wide              conceder        buyer   21     100.0        88.5     0     9.0      0          0    0.44       0/0          0
text-buyer-wide              tit-for-tat     buyer   21     100.0        34.3     0    10.0      0          0    0.43       0/0          0
text-buyer-wide              text-only       buyer   21     100.0        67.6     0     9.0      0          0    0.47      0/50          0
text-buyer-wide              inject-voss     buyer   21     100.0        64.3     0     9.0      0          0    0.40     0/105          0
text-buyer-wide              liar            buyer   21       0.0         0.0     0       —      0          0    0.42     0/189          0
text-buyer-wide              hypothetical    buyer   21     100.0        68.2     0     9.0      0          0    0.41     0/126          0
text-buyer-wide              extreme-anchor  buyer   21       0.0         0.0     0       —      0          0    0.42       0/0          0
text-buyer-wide              causa-prima     buyer   21       0.0         0.0     0       —      0          0    0.43     0/105          0
text-seller-wide             boulware        seller  21     100.0        35.4     0    10.0      0          0    0.42       0/0          0
text-seller-wide             conceder        seller  21     100.0        88.5     0     9.0      0          0    0.42       0/0          0
text-seller-wide             tit-for-tat     seller  21     100.0        34.6     0    10.0      0          0    0.41       0/0          0
text-seller-wide             text-only       seller  21     100.0        67.6     0     9.0      0          0    0.42      0/50          0
text-seller-wide             inject-voss     seller  21     100.0        64.3     0     9.0      0          0    0.44     0/105          0
text-seller-wide             liar            seller  21       0.0         0.0     0       —      0          0    0.40     0/189          0
text-seller-wide             hypothetical    seller  21     100.0        68.2     0     9.0      0          0    0.41     0/126          0
text-seller-wide             extreme-anchor  seller  21       0.0         0.0     0       —      0          0    0.41       0/0          0
text-seller-wide             causa-prima     seller  21       0.0         0.0     0       —      0          0    0.45     0/105          0

2646 partidas en 12.4 s · acuerdo 61.1 % · excedente medio 26.8 % · violaciones 0 · ZOPA vacía correcta 100 % · errores del rival 0
fugas 0 · plantilla 0 · latencia media 0.43 ms (máx 8.4 ms) · mal extraídas 0 · sin extraer 1150 · acuerdos distintos de los reales 0
resultados: results/arena-2026-10-01T232335839

[exited with code 0]
