trades: LIVE · max-offers 8 · max-spend 40 P · max-bids 6 · min-margin 3 P · expires 40 ticks
Top opportunities (value created if WE accept):
Accept: none
  SELL SAL-07 (asset 438) at 32 P · floor 14 · ref 30 (asks uncommon n=3) · value +20.9 · new
  SELL LAT-04 (asset 393) at 10 P · floor 7 · ref 9 (settled common n=1) · value +6.2 · new
  BUY  LAT-06 at 12 P · cap 12 · ref 30 (asks uncommon n=3) · value +3.5 · new
  BUY  LAT-07 at 12 P · cap 12 · ref 30 (asks uncommon n=3) · value +3.5 · new
  BUY  LAV-06 at 7 P · cap 7 · ref 30 (asks uncommon n=3) · value +3.5 · new
Top opportunities (value created if WE accept):
Accept: none
Top opportunities (value created if WE accept):
Accept: none
Top opportunities (value created if WE accept):
Accept: none
Top opportunities (value created if WE accept):
Accept: none
Top opportunities (value created if WE accept):
Accept: none
Top opportunities (value created if WE accept):
Accept: none
Top opportunities (value created if WE accept):
Accept: none

[killed]
