
> negotiation-ring@0.1.0 bazaar /Users/pablo/development/hackathon/negotiation-ring
> tsx src/bazaar/main.ts --serious

bazaar agent · SERIOUS · LIVE · all unlocked dealers · safety 1 · max-spend-hour 60 P · max-spend 150 P · cash floor 280 P (venue 270 + reserve 10) · limits {"accepts_per_team_per_tick":1,"messages_per_side_per_tick":1,"max_open_threads_per_team":6,"max_open_offers_per_team":30,"offers_per_team_per_tick":12} · trazas en /Users/pablo/development/hackathon/negotiation-ring/results/bazaar-live/2026-10-02
dealer abuela (Abuela Carmen): unlocked · quota 8 deals/hour · negotiator {"patienceBudget":6}
[tick 119] · error · thread 227 · buy:SAL-08 · error wait_for_tick
[tick 119 · 1.98h · open] cash 365 (floor 280) · spent 0/60 this hour, 0/150 run · abuela: error #227 buy:SAL-08 error wait_for_tick · chato: locked · deals 3 · neg -14.9 · rank 15
transient error (wait_for_tick); retry in 2 s
[tick 120] · counter · thread 227 · buy:SAL-08 · her 26 · ours 25 · rule adaptive
[tick 120 · 2.00h · open] cash 365 (floor 280) · spent 0/60 this hour, 0/150 run · abuela: counter #227 buy:SAL-08 her 26 ours 25 adaptive · chato: locked · deals 3 · neg -14.9 · rank 15
[tick 121] · outcome · thread 227 · buy:SAL-08 · status deal
  patience: 2 msgs / 2 ticks until close · her replies 2 · steps: anchor 24 (her +3), step 1 → 25 (her 26, no reply yet)
SUMMARY thread 227 · abuela · buy SAL-08,sobre_bienvenida · deal at ? · her 29→26 · ours 22→25 · our value 32.5 limit 32 · received SAL-08,sobre_bienvenida
  copies SAL-08×0 sobre_bienvenida×0 → SAL-08×1 sobre_bienvenida×0 · deals with abuela last hour 1 · ticks 119→121 (2026-10-02T20:21:46.991Z) · patience 2 msgs / 2 ticks until close
[tick 121] · open · thread 236 · buy:SAL-03
[tick 121 · 2.02h · open] cash 340 (floor 280) · spent 0/60 this hour, 0/150 run · abuela: open #236 buy:SAL-03 · chato: locked · deals 4 · neg -14.9 · rank 15
[tick 122] · counter · thread 236 · buy:SAL-03 · her 12 · ours 9 · rule anchor
[tick 122 · 2.03h · open] cash 340 (floor 280) · spent 0/60 this hour, 0/150 run · abuela: counter #236 buy:SAL-03 her 12 ours 9 anchor · chato: locked · deals 4 · neg -14.9 · rank 15
[tick 123] · accept · thread 236 · buy:SAL-03 · her 10 · ours 10 · rule ac-next
  patience: 1 msgs / 2 ticks until close · her replies 2 · steps: anchor 9 (her +2)
[tick 123 · 2.05h · open] cash 340 (floor 280) · spent 0/60 this hour, 0/150 run · abuela: accept #236 buy:SAL-03 her 10 ours 10 ac-next · chato: locked · deals 4 · neg -14.9 · rank 15
[tick 124] · outcome · thread 236 · buy:SAL-03 · status deal
  patience: 1 msgs / 3 ticks until close · her replies 2 · steps: anchor 9 (her +2)
SUMMARY thread 236 · abuela · buy SAL-03 · deal at ? · her 12→10 · ours 9 · our value 13 limit 13 · received SAL-03
  copies SAL-03×0 → SAL-03×1 · deals with abuela last hour 2 · ticks 121→124 (2026-10-02T20:24:47.144Z) · patience 1 msgs / 3 ticks until close
[tick 124] · open · thread 242 · buy:SAL-04
[tick 124 · 2.07h · open] cash 330 (floor 280) · spent 0/60 this hour, 0/150 run · abuela: open #242 buy:SAL-04 · chato: locked · deals 5 · neg -14.9 · rank 15
[tick 125] · counter · thread 242 · buy:SAL-04 · her 12 · ours 9 · rule anchor
[tick 125 · 2.08h · open] cash 330 (floor 280) · spent 0/60 this hour, 0/150 run · abuela: counter #242 buy:SAL-04 her 12 ours 9 anchor · chato: locked · deals 5 · neg -14.9 · rank 15
[tick 126] · accept · thread 242 · buy:SAL-04 · her 10 · ours 10 · rule ac-next
  patience: 1 msgs / 2 ticks until close · her replies 2 · steps: anchor 9 (her +2)
[tick 126 · 2.10h · open] cash 330 (floor 280) · spent 0/60 this hour, 0/150 run · abuela: accept #242 buy:SAL-04 her 10 ours 10 ac-next · chato: locked · deals 5 · neg -14.9 · rank 15
[tick 127] · outcome · thread 242 · buy:SAL-04 · status deal
  patience: 1 msgs / 3 ticks until close · her replies 2 · steps: anchor 9 (her +2)
SUMMARY thread 242 · abuela · buy SAL-04 · deal at ? · her 12→10 · ours 9 · our value 13 limit 13 · received SAL-04
  copies SAL-04×0 → SAL-04×1 · deals with abuela last hour 3 · ticks 124→127 (2026-10-02T20:27:47.387Z) · patience 1 msgs / 3 ticks until close
[tick 127] · open · thread 250 · buy:SAL-05
[tick 127 · 2.12h · open] cash 320 (floor 280) · spent 0/60 this hour, 0/150 run · abuela: open #250 buy:SAL-05 · chato: locked · deals 6 · neg -14.9 · rank 15
[tick 128] · counter · thread 250 · buy:SAL-05 · her 12 · ours 9 · rule anchor
[tick 128 · 2.13h · open] cash 320 (floor 280) · spent 0/60 this hour, 0/150 run · abuela: counter #250 buy:SAL-05 her 12 ours 9 anchor · chato: locked · deals 6 · neg -14.9 · rank 15
dealer chato (El Chato): unlocked · quota 6 deals/hour · negotiator {"patienceBudget":3,"buyAnchorFrac":0.85,"sellAnchorMult":1.5,"sellFloorAnchorMult":1.15,"maxHolds":1}
[tick 129] · counter · thread 250 · buy:SAL-05 · her 11 · ours 10 · rule adaptive
[tick 129] · open · thread 257 · sell:438
[tick 129 · 2.15h · open] cash 320 (floor 280) · spent 0/60 this hour, 0/150 run · abuela: counter #250 buy:SAL-05 her 11 ours 10 adaptive · chato: open #257 sell:438 · deals 6 · neg -14.9 · rank 15
[tick 130] · outcome · thread 250 · buy:SAL-05 · status deal
  patience: 2 msgs / 3 ticks until close · her replies 2 · steps: anchor 9 (her +1), step 1 → 10 (her 11, no reply yet)
SUMMARY thread 250 · abuela · buy SAL-05 · deal at ? · her 12→11 · ours 9→10 · our value 13 limit 13 · received SAL-05
  copies SAL-05×0 → SAL-05×1 · deals with abuela last hour 4 · ticks 127→130 (2026-10-02T20:30:47.365Z) · patience 2 msgs / 3 ticks until close
[tick 130] · open · thread 260 · sell:438
[tick 130] · counter · thread 257 · sell:438 · her 13 · ours 20 · rule anchor
[tick 130 · 2.17h · open] cash 40 (floor 280) · spent 0/60 this hour, 0/150 run · abuela: open #260 sell:438 · chato: counter #257 sell:438 her 13 ours 20 anchor · deals 7 · neg -14.9 · rank 15
[tick 131] · counter · thread 260 · sell:438 · her 12 · ours 24 · rule anchor
[tick 131] · counter · thread 257 · sell:438 · her 13 · ours 17 · rule adaptive
[tick 131 · 2.18h · open] cash 40 (floor 280) · spent 0/60 this hour, 0/150 run · abuela: counter #260 sell:438 her 12 ours 24 anchor · chato: counter #257 sell:438 her 13 ours 17 adaptive · deals 7 · neg -14.9 · rank 15

[killed]
