bazaar:duels · LIVE · params {"anchorMargin":0.5,"beta":2,"maxRounds":4,"floorShare":0.3,"minSurplus":1,"lastMoveTicks":1,"endgameTicks":3,"assumedDaysWeight":0,"daysWeightScale":1} · state /Users/pablo/development/hackathon/negotiation-ring/results/bazaar-live/2026-10-02/duels-state.json
  → ACCEPT rival 54 P (surplus 11.0, ac-next) [error:no_offer]
  → ACCEPT rival 120 P (surplus 48.0, ac-next) [skipped]
  → ACCEPT rival 80 P (surplus 23.0, ac-next) [error:no_offer]
  → ACCEPT rival 64 P (surplus 16.0, ac-next) [error:no_offer]
  → ACCEPT rival 120 P (surplus 48.0, ac-next) [sent]
  → ACCEPT rival 80 P (surplus 23.0, ac-next) [error:no_offer]
  → ACCEPT rival 64 P (surplus 16.0, ac-next) [error:no_offer]
  → ACCEPT rival 68 P (surplus 34.0, ac-next) [error:no_offer]
  → ACCEPT rival 213 P (surplus 71.0, ac-next) [error:no_offer]
  → ACCEPT rival 64 P (surplus 33.0, ac-next) [error:no_offer]
  → ACCEPT rival 80 P (surplus 23.0, last-move) [error:no_offer]
  → ACCEPT rival 64 P (surplus 16.0, last-move) [error:no_offer]
  → ACCEPT rival 68 P (surplus 34.0, ac-next) [error:no_offer]
  → ACCEPT rival 213 P (surplus 71.0, ac-next) [error:no_offer]
  → ACCEPT rival 64 P (surplus 33.0, ac-next) [error:no_offer]
  → ACCEPT rival 68 P (surplus 34.0, ac-next) [error:no_offer]
  → ACCEPT rival 213 P (surplus 71.0, ac-next) [error:no_offer]
  → ACCEPT rival 64 P (surplus 33.0, ac-next) [error:no_offer]
  → ACCEPT rival 68 P (surplus 34.0, ac-next) [error:no_offer]
  → ACCEPT rival 213 P (surplus 71.0, ac-next) [error:no_offer]
  → ACCEPT rival 64 P (surplus 33.0, ac-next) [error:no_offer]

[killed]
