
> negotiation-ring@0.1.0 bazaar:trades /Users/pablo/development/hackathon/negotiation-ring
> tsx src/bazaar/trades-main.ts --confirm --min-margin 3 --max-spend 40 --max-offers 8

trades: LIVE · max-offers 8 · max-spend 40 P · max-bids 6 · min-margin 3 P · expires 40 ticks
Trades plan · tick 118 · 38 offers read, 21 actionable, valued at our private values (fees included)
Settled team trades (feed): common n=1 median 9
Top opportunities (value created if WE accept):
  #1200 [board] buy  MAL-04 for 9 P               value   -2.0 (cards +9.0, cash -9.0, fee -2) need ≥3.0 → below-margin
  #1461 [board] buy  MAL-05 for 9 P               value   -2.0 (cards +9.0, cash -9.0, fee -2) need ≥3.0 → below-margin
  #1867 [board] buy  MAL-01 for 9 P               value   -2.0 (cards +9.0, cash -9.0, fee -2) need ≥3.0 → below-margin
  #1864 [board] buy  MAL-01 for 12 P              value   -5.0 (cards +9.0, cash -12.0, fee -2) need ≥3.0 → below-margin
  #1866 [board] buy  LAV-03 for 8 P               value   -5.0 (cards +5.0, cash -8.0, fee -2) need ≥3.0 → below-margin
  #1775 [board] buy  MAL-06 for 25 P              value   -5.5 (cards +22.5, cash -25.0, fee -3) need ≥3.0 → below-margin
  #1415 [board] buy  LAV-04 for 9 P               value   -6.0 (cards +5.0, cash -9.0, fee -2) need ≥3.0 → below-margin
  #1795 [board] buy  LAV-04 for 10 P              value   -7.0 (cards +5.0, cash -10.0, fee -2) need ≥3.0 → below-margin
  #1796 [board] buy  LAV-04 for 10 P              value   -7.0 (cards +5.0, cash -10.0, fee -2) need ≥3.0 → below-margin
  #1731 [board] buy  LAT-01 for 8 P               value   -8.3 (cards +1.8, cash -8.0, fee -2) need ≥3.0 → below-margin
Accept: none
Cancels: none
Listings to post: 
  SELL SAL-07 (asset 438) at 32 P · floor 14 · ref 30 (asks uncommon n=3) · value +20.9 · new
  SELL LAT-04 (asset 393) at 10 P · floor 7 · ref 9 (settled common n=1) · value +6.2 · new
Bids to post: 
  BUY  LAT-06 at 12 P · cap 12 · ref 30 (asks uncommon n=3) · value +3.5 · new
  BUY  LAT-07 at 12 P · cap 12 · ref 30 (asks uncommon n=3) · value +3.5 · new
  BUY  LAV-06 at 7 P · cap 7 · ref 30 (asks uncommon n=3) · value +3.5 · new
Open offers after: 5 · bid cash committed: 37 P
  note: 19 bids skipped by --max-spend budget: SAL-09@56 LAV-08@7 MAL-06@17 MAL-07@17 MAL-08@17 SAL-08@26 LAT-03@2 LAT-09@42 LAT-10@42 LAV-09@29 LAV-10@29 MAL-01@4 MAL-04@4 MAL-05@4 MAL-09@56 MAL-10@56 SAL-03@8 SAL-04@8 SAL-05@8
sent: post list SAL-07 @32
sent: post list LAT-04 @10
sent: post bid LAT-06 @12
sent: post bid LAT-07 @12
sent: post bid LAV-06 @7
Trades plan · tick 119 · 35 offers read, 19 actionable, valued at our private values (fees included)
Settled team trades (feed): common n=1 median 9 · uncommon n=1 median 26
Top opportunities (value created if WE accept):
  #1200 [board] buy  MAL-04 for 9 P               value   -2.0 (cards +9.0, cash -9.0, fee -2) need ≥3.0 → below-margin
  #1461 [board] buy  MAL-05 for 9 P               value   -2.0 (cards +9.0, cash -9.0, fee -2) need ≥3.0 → below-margin
  #1867 [board] buy  MAL-01 for 9 P               value   -2.0 (cards +9.0, cash -9.0, fee -2) need ≥3.0 → below-margin
  #1864 [board] buy  MAL-01 for 12 P              value   -5.0 (cards +9.0, cash -12.0, fee -2) need ≥3.0 → below-margin
  #1866 [board] buy  LAV-03 for 8 P               value   -5.0 (cards +5.0, cash -8.0, fee -2) need ≥3.0 → below-margin
  #1775 [board] buy  MAL-06 for 25 P              value   -5.5 (cards +22.5, cash -25.0, fee -3) need ≥3.0 → below-margin
  #1415 [board] buy  LAV-04 for 9 P               value   -6.0 (cards +5.0, cash -9.0, fee -2) need ≥3.0 → below-margin
  #1795 [board] buy  LAV-04 for 10 P              value   -7.0 (cards +5.0, cash -10.0, fee -2) need ≥3.0 → below-margin
  #1796 [board] buy  LAV-04 for 10 P              value   -7.0 (cards +5.0, cash -10.0, fee -2) need ≥3.0 → below-margin
  #1731 [board] buy  LAT-01 for 8 P               value   -8.3 (cards +1.8, cash -8.0, fee -2) need ≥3.0 → below-margin
Accept: none
Cancels: none
Listings to post: none
Bids to post: none
Open offers after: 5 · bid cash committed: 37 P
  note: 19 bids skipped by --max-spend budget: SAL-09@56 LAV-08@7 MAL-06@17 MAL-07@17 MAL-08@17 SAL-08@26 LAT-03@2 LAT-09@42 LAT-10@42 LAV-09@29 LAV-10@29 MAL-01@4 MAL-04@4 MAL-05@4 MAL-09@56 MAL-10@56 SAL-03@8 SAL-04@8 SAL-05@8
Trades plan · tick 120 · 37 offers read, 24 actionable, valued at our private values (fees included)
Settled team trades (feed): common n=1 median 9 · uncommon n=1 median 26
Top opportunities (value created if WE accept):
  #1920 [board] buy  MAL-04 for 8 P               value   -1.0 (cards +9.0, cash -8.0, fee -2) need ≥3.0 → below-margin
  #1200 [board] buy  MAL-04 for 9 P               value   -2.0 (cards +9.0, cash -9.0, fee -2) need ≥3.0 → below-margin
  #1461 [board] buy  MAL-05 for 9 P               value   -2.0 (cards +9.0, cash -9.0, fee -2) need ≥3.0 → below-margin
  #1867 [board] buy  MAL-01 for 9 P               value   -2.0 (cards +9.0, cash -9.0, fee -2) need ≥3.0 → below-margin
  #1864 [board] buy  MAL-01 for 12 P              value   -5.0 (cards +9.0, cash -12.0, fee -2) need ≥3.0 → below-margin
  #1866 [board] buy  LAV-03 for 8 P               value   -5.0 (cards +5.0, cash -8.0, fee -2) need ≥3.0 → below-margin
  #1775 [board] buy  MAL-06 for 25 P              value   -5.5 (cards +22.5, cash -25.0, fee -3) need ≥3.0 → below-margin
  #1415 [board] buy  LAV-04 for 9 P               value   -6.0 (cards +5.0, cash -9.0, fee -2) need ≥3.0 → below-margin
  #1795 [board] buy  LAV-04 for 10 P              value   -7.0 (cards +5.0, cash -10.0, fee -2) need ≥3.0 → below-margin
  #1796 [board] buy  LAV-04 for 10 P              value   -7.0 (cards +5.0, cash -10.0, fee -2) need ≥3.0 → below-margin
Accept: none
Cancels: none
Listings to post: none
Bids to post: none
Open offers after: 5 · bid cash committed: 37 P
  note: 19 bids skipped by --max-spend budget: SAL-09@75 SAL-08@23 LAV-08@7 MAL-06@17 MAL-07@17 MAL-08@17 LAT-03@2 LAT-09@42 LAT-10@42 LAV-09@29 LAV-10@29 MAL-01@4 MAL-04@4 MAL-05@4 MAL-09@56 MAL-10@56 SAL-03@8 SAL-04@8 SAL-05@8
Trades plan · tick 121 · 35 offers read, 22 actionable, valued at our private values (fees included)
Settled team trades (feed): common n=1 median 9 · uncommon n=1 median 26
Top opportunities (value created if WE accept):
  #1943 [board] buy  SAL-05 for 9 P               value   +2.0 (cards +13.0, cash -9.0, fee -2) need ≥3.0 → below-margin
  #1920 [board] buy  MAL-04 for 8 P               value   -1.0 (cards +9.0, cash -8.0, fee -2) need ≥3.0 → below-margin
  #1200 [board] buy  MAL-04 for 9 P               value   -2.0 (cards +9.0, cash -9.0, fee -2) need ≥3.0 → below-margin
  #1461 [board] buy  MAL-05 for 9 P               value   -2.0 (cards +9.0, cash -9.0, fee -2) need ≥3.0 → below-margin
  #1867 [board] buy  MAL-01 for 9 P               value   -2.0 (cards +9.0, cash -9.0, fee -2) need ≥3.0 → below-margin
  #1864 [board] buy  MAL-01 for 12 P              value   -5.0 (cards +9.0, cash -12.0, fee -2) need ≥3.0 → below-margin
  #1866 [board] buy  LAV-03 for 8 P               value   -5.0 (cards +5.0, cash -8.0, fee -2) need ≥3.0 → below-margin
  #1775 [board] buy  MAL-06 for 25 P              value   -5.5 (cards +22.5, cash -25.0, fee -3) need ≥3.0 → below-margin
  #1415 [board] buy  LAV-04 for 9 P               value   -6.0 (cards +5.0, cash -9.0, fee -2) need ≥3.0 → below-margin
  #1795 [board] buy  LAV-04 for 10 P              value   -7.0 (cards +5.0, cash -10.0, fee -2) need ≥3.0 → below-margin
Accept: none
Cancels: none
Listings to post: none
Bids to post: none
Open offers after: 5 · bid cash committed: 37 P
  note: 18 bids skipped by --max-spend budget: SAL-09@75 LAV-08@7 MAL-06@17 MAL-07@17 MAL-08@17 LAT-03@2 LAT-09@42 LAT-10@42 LAV-09@29 LAV-10@29 MAL-01@4 MAL-04@4 MAL-05@4 MAL-09@56 MAL-10@56 SAL-03@8 SAL-04@8 SAL-05@8
Trades plan · tick 122 · 35 offers read, 21 actionable, valued at our private values (fees included)
Settled team trades (feed): common n=1 median 9 · uncommon n=1 median 26
Top opportunities (value created if WE accept):
  #1920 [board] buy  MAL-04 for 8 P               value   -1.0 (cards +9.0, cash -8.0, fee -2) need ≥3.0 → below-margin
  #1200 [board] buy  MAL-04 for 9 P               value   -2.0 (cards +9.0, cash -9.0, fee -2) need ≥3.0 → below-margin
  #1461 [board] buy  MAL-05 for 9 P               value   -2.0 (cards +9.0, cash -9.0, fee -2) need ≥3.0 → below-margin
  #1867 [board] buy  MAL-01 for 9 P               value   -2.0 (cards +9.0, cash -9.0, fee -2) need ≥3.0 → below-margin
  #1864 [board] buy  MAL-01 for 12 P              value   -5.0 (cards +9.0, cash -12.0, fee -2) need ≥3.0 → below-margin
  #1866 [board] buy  LAV-03 for 8 P               value   -5.0 (cards +5.0, cash -8.0, fee -2) need ≥3.0 → below-margin
  #1415 [board] buy  LAV-04 for 9 P               value   -6.0 (cards +5.0, cash -9.0, fee -2) need ≥3.0 → below-margin
  #1795 [board] buy  LAV-04 for 10 P              value   -7.0 (cards +5.0, cash -10.0, fee -2) need ≥3.0 → below-margin
  #1796 [board] buy  LAV-04 for 10 P              value   -7.0 (cards +5.0, cash -10.0, fee -2) need ≥3.0 → below-margin
  #1918 [board] buy  MAL-02 for 9 P               value   -8.8 (cards +2.3, cash -9.0, fee -2) need ≥3.0 → below-margin
Accept: none
Cancels: none
Listings to post: none
Bids to post: none
Open offers after: 5 · bid cash committed: 37 P
  note: 18 bids skipped by --max-spend budget: SAL-09@56 LAV-08@7 MAL-06@17 MAL-07@17 MAL-08@17 LAT-03@2 LAT-09@42 LAT-10@42 LAV-09@29 LAV-10@29 MAL-01@4 MAL-04@4 MAL-05@4 MAL-09@56 MAL-10@56 SAL-03@8 SAL-04@8 SAL-05@8
Trades plan · tick 123 · 38 offers read, 25 actionable, valued at our private values (fees included)
Settled team trades (feed): common n=1 median 9 · uncommon n=1 median 26
Top opportunities (value created if WE accept):
  #1980 [board] sell 35 P for any SAL-08          value   -0.5 (cards -32.5, cash +35.0, fee -3) need ≥3.5 → below-margin
  #1920 [board] buy  MAL-04 for 8 P               value   -1.0 (cards +9.0, cash -8.0, fee -2) need ≥3.0 → below-margin
  #1200 [board] buy  MAL-04 for 9 P               value   -2.0 (cards +9.0, cash -9.0, fee -2) need ≥3.0 → below-margin
  #1461 [board] buy  MAL-05 for 9 P               value   -2.0 (cards +9.0, cash -9.0, fee -2) need ≥3.0 → below-margin
  #1867 [board] buy  MAL-01 for 9 P               value   -2.0 (cards +9.0, cash -9.0, fee -2) need ≥3.0 → below-margin
  #1864 [board] buy  MAL-01 for 12 P              value   -5.0 (cards +9.0, cash -12.0, fee -2) need ≥3.0 → below-margin
  #1866 [board] buy  LAV-03 for 8 P               value   -5.0 (cards +5.0, cash -8.0, fee -2) need ≥3.0 → below-margin
  #1415 [board] buy  LAV-04 for 9 P               value   -6.0 (cards +5.0, cash -9.0, fee -2) need ≥3.0 → below-margin
  #1795 [board] buy  LAV-04 for 10 P              value   -7.0 (cards +5.0, cash -10.0, fee -2) need ≥3.0 → below-margin
  #1796 [board] buy  LAV-04 for 10 P              value   -7.0 (cards +5.0, cash -10.0, fee -2) need ≥3.0 → below-margin
Accept: none
Cancels: none
Listings to post: none
Bids to post: none
Open offers after: 5 · bid cash committed: 37 P
  note: 18 bids skipped by --max-spend budget: SAL-09@56 LAV-08@7 MAL-06@17 MAL-07@17 MAL-08@17 LAT-03@2 LAT-09@42 LAT-10@42 LAV-09@29 LAV-10@29 MAL-01@4 MAL-04@4 MAL-05@4 MAL-09@56 MAL-10@56 SAL-03@8 SAL-04@8 SAL-05@8
Trades plan · tick 124 · 36 offers read, 24 actionable, valued at our private values (fees included)
Settled team trades (feed): common n=1 median 9 · uncommon n=2 median 30.5
Top opportunities (value created if WE accept):
  #1991 [board] buy  SAL-05 for 9 P               value   +2.0 (cards +13.0, cash -9.0, fee -2) need ≥3.0 → below-margin
  #1993 [board] sell 35 P for any SAL-08          value   -0.5 (cards -32.5, cash +35.0, fee -3) need ≥3.5 → below-margin
  #1920 [board] buy  MAL-04 for 8 P               value   -1.0 (cards +9.0, cash -8.0, fee -2) need ≥3.0 → below-margin
  #1200 [board] buy  MAL-04 for 9 P               value   -2.0 (cards +9.0, cash -9.0, fee -2) need ≥3.0 → below-margin
  #1461 [board] buy  MAL-05 for 9 P               value   -2.0 (cards +9.0, cash -9.0, fee -2) need ≥3.0 → below-margin
  #1867 [board] buy  MAL-01 for 9 P               value   -2.0 (cards +9.0, cash -9.0, fee -2) need ≥3.0 → below-margin
  #1864 [board] buy  MAL-01 for 12 P              value   -5.0 (cards +9.0, cash -12.0, fee -2) need ≥3.0 → below-margin
  #1866 [board] buy  LAV-03 for 8 P               value   -5.0 (cards +5.0, cash -8.0, fee -2) need ≥3.0 → below-margin
  #1415 [board] buy  LAV-04 for 9 P               value   -6.0 (cards +5.0, cash -9.0, fee -2) need ≥3.0 → below-margin
  #1795 [board] buy  LAV-04 for 10 P              value   -7.0 (cards +5.0, cash -10.0, fee -2) need ≥3.0 → below-margin
Accept: none
Cancels: none
Listings to post: none
Bids to post: none
Open offers after: 5 · bid cash committed: 37 P
  note: 17 bids skipped by --max-spend budget: SAL-09@56 LAV-08@7 MAL-06@17 MAL-07@17 MAL-08@17 LAT-03@2 LAT-09@42 LAT-10@42 LAV-09@29 LAV-10@29 MAL-01@4 MAL-04@4 MAL-05@4 MAL-09@56 MAL-10@56 SAL-04@8 SAL-05@8
Trades plan · tick 125 · 33 offers read, 22 actionable, valued at our private values (fees included)
Settled team trades (feed): common n=1 median 9 · uncommon n=2 median 30.5
Top opportunities (value created if WE accept):
  #1920 [board] buy  MAL-04 for 8 P               value   -1.0 (cards +9.0, cash -8.0, fee -2) need ≥3.0 → below-margin
  #1200 [board] buy  MAL-04 for 9 P               value   -2.0 (cards +9.0, cash -9.0, fee -2) need ≥3.0 → below-margin
  #1461 [board] buy  MAL-05 for 9 P               value   -2.0 (cards +9.0, cash -9.0, fee -2) need ≥3.0 → below-margin
  #1867 [board] buy  MAL-01 for 9 P               value   -2.0 (cards +9.0, cash -9.0, fee -2) need ≥3.0 → below-margin
  #1864 [board] buy  MAL-01 for 12 P              value   -5.0 (cards +9.0, cash -12.0, fee -2) need ≥3.0 → below-margin
  #1866 [board] buy  LAV-03 for 8 P               value   -5.0 (cards +5.0, cash -8.0, fee -2) need ≥3.0 → below-margin
  #1415 [board] buy  LAV-04 for 9 P               value   -6.0 (cards +5.0, cash -9.0, fee -2) need ≥3.0 → below-margin
  #2005 [board] buy  LAV-04 for 10 P              value   -7.0 (cards +5.0, cash -10.0, fee -2) need ≥3.0 → below-margin
  #2006 [board] buy  LAV-04 for 10 P              value   -7.0 (cards +5.0, cash -10.0, fee -2) need ≥3.0 → below-margin
  #1976 [board] buy  LAT-01 for 8 P               value   -8.3 (cards +1.8, cash -8.0, fee -2) need ≥3.0 → below-margin
Accept: none
Cancels: none
Listings to post: none
Bids to post: none
Open offers after: 5 · bid cash committed: 37 P
  note: 17 bids skipped by --max-spend budget: SAL-09@56 LAV-08@7 MAL-06@17 MAL-07@17 MAL-08@17 LAT-03@2 LAT-09@42 LAT-10@42 LAV-09@29 LAV-10@29 MAL-01@4 MAL-04@4 MAL-05@4 MAL-09@56 MAL-10@56 SAL-04@8 SAL-05@8
Trades plan · tick 126 · 35 offers read, 23 actionable, valued at our private values (fees included)
Settled team trades (feed): uncommon n=2 median 30.5
Top opportunities (value created if WE accept):
  #1920 [board] buy  MAL-04 for 8 P               value   -1.0 (cards +9.0, cash -8.0, fee -2) need ≥3.0 → below-margin
  #1200 [board] buy  MAL-04 for 9 P               value   -2.0 (cards +9.0, cash -9.0, fee -2) need ≥3.0 → below-margin
  #1461 [board] buy  MAL-05 for 9 P               value   -2.0 (cards +9.0, cash -9.0, fee -2) need ≥3.0 → below-margin
  #1867 [board] buy  MAL-01 for 9 P               value   -2.0 (cards +9.0, cash -9.0, fee -2) need ≥3.0 → below-margin
  #1864 [board] buy  MAL-01 for 12 P              value   -5.0 (cards +9.0, cash -12.0, fee -2) need ≥3.0 → below-margin
  #1866 [board] buy  LAV-03 for 8 P               value   -5.0 (cards +5.0, cash -8.0, fee -2) need ≥3.0 → below-margin
  #1415 [board] buy  LAV-04 for 9 P               value   -6.0 (cards +5.0, cash -9.0, fee -2) need ≥3.0 → below-margin
  #2005 [board] buy  LAV-04 for 10 P              value   -7.0 (cards +5.0, cash -10.0, fee -2) need ≥3.0 → below-margin
  #2006 [board] buy  LAV-04 for 10 P              value   -7.0 (cards +5.0, cash -10.0, fee -2) need ≥3.0 → below-margin
  #2024 [board] buy  MAL-02 for 8 P               value   -7.8 (cards +2.3, cash -8.0, fee -2) need ≥3.0 → below-margin
Accept: none
Cancels: none
Listings to post: none
Bids to post: none
Open offers after: 5 · bid cash committed: 37 P
  note: 17 bids skipped by --max-spend budget: SAL-09@56 LAV-08@7 MAL-06@17 MAL-07@17 MAL-08@17 LAT-03@2 LAT-09@42 LAT-10@42 LAV-09@29 LAV-10@29 MAL-01@4 MAL-04@4 MAL-05@4 MAL-09@56 MAL-10@56 SAL-04@8 SAL-05@8
Trades plan · tick 127 · 41 offers read, 16 actionable, valued at our private values (fees included)
Settled team trades (feed): uncommon n=1 median 35
Top opportunities (value created if WE accept):
  #1920 [board] buy  MAL-04 for 8 P               value   -1.0 (cards +9.0, cash -8.0, fee -2) need ≥3.0 → below-margin
  #1200 [board] buy  MAL-04 for 9 P               value   -2.0 (cards +9.0, cash -9.0, fee -2) need ≥3.0 → below-margin
  #1461 [board] buy  MAL-05 for 9 P               value   -2.0 (cards +9.0, cash -9.0, fee -2) need ≥3.0 → below-margin
  #1415 [board] buy  LAV-04 for 9 P               value   -6.0 (cards +5.0, cash -9.0, fee -2) need ≥3.0 → below-margin
  #2005 [board] buy  LAV-04 for 10 P              value   -7.0 (cards +5.0, cash -10.0, fee -2) need ≥3.0 → below-margin
  #2006 [board] buy  LAV-04 for 10 P              value   -7.0 (cards +5.0, cash -10.0, fee -2) need ≥3.0 → below-margin
  #1976 [board] buy  LAT-01 for 8 P               value   -8.3 (cards +1.8, cash -8.0, fee -2) need ≥3.0 → below-margin
  #1918 [board] buy  MAL-02 for 9 P               value   -8.8 (cards +2.3, cash -9.0, fee -2) need ≥3.0 → below-margin
  #1460 [board] buy  LAT-01 for 9 P               value   -9.3 (cards +1.8, cash -9.0, fee -2) need ≥3.0 → below-margin
  #1979 [board] buy  MAL-06 for 29 P              value   -9.5 (cards +22.5, cash -29.0, fee -3) need ≥3.0 → below-margin
Accept: none
Cancels: none
Listings to post: none
Bids to post: none
Open offers after: 5 · bid cash committed: 37 P
  note: 16 bids skipped by --max-spend budget: SAL-09@54 LAV-09@22 LAV-08@7 MAL-06@17 MAL-07@17 MAL-08@17 LAT-03@2 LAT-09@42 LAT-10@42 LAV-10@29 MAL-01@4 MAL-04@4 MAL-05@4 MAL-09@56 MAL-10@56 SAL-05@8
Trades plan · tick 128 · 39 offers read, 18 actionable, valued at our private values (fees included)
Settled team trades (feed): uncommon n=1 median 35
Top opportunities (value created if WE accept):
  #1920 [board] buy  MAL-04 for 8 P               value   -1.0 (cards +9.0, cash -8.0, fee -2) need ≥3.0 → below-margin
  #2066 [board] buy  MAL-01 for 8 P               value   -1.0 (cards +9.0, cash -8.0, fee -2) need ≥3.0 → below-margin
  #1200 [board] buy  MAL-04 for 9 P               value   -2.0 (cards +9.0, cash -9.0, fee -2) need ≥3.0 → below-margin
  #1461 [board] buy  MAL-05 for 9 P               value   -2.0 (cards +9.0, cash -9.0, fee -2) need ≥3.0 → below-margin
  #1415 [board] buy  LAV-04 for 9 P               value   -6.0 (cards +5.0, cash -9.0, fee -2) need ≥3.0 → below-margin
  #2065 [board] buy  MAL-06 for 26 P              value   -6.5 (cards +22.5, cash -26.0, fee -3) need ≥3.0 → below-margin
  #2005 [board] buy  LAV-04 for 10 P              value   -7.0 (cards +5.0, cash -10.0, fee -2) need ≥3.0 → below-margin
  #2006 [board] buy  LAV-04 for 10 P              value   -7.0 (cards +5.0, cash -10.0, fee -2) need ≥3.0 → below-margin
  #1976 [board] buy  LAT-01 for 8 P               value   -8.3 (cards +1.8, cash -8.0, fee -2) need ≥3.0 → below-margin
  #1918 [board] buy  MAL-02 for 9 P               value   -8.8 (cards +2.3, cash -9.0, fee -2) need ≥3.0 → below-margin
Accept: none
Cancels: none
Listings to post: 
  SELL SAL-07 (asset 438) at 37 P · floor 14 · ref 35 (settled uncommon n=1) · value +25.9 · new
  SELL LAT-04 (asset 393) at 10 P · floor 7 · ref 9 (asks common n=11) · value +6.2 · new
Bids to post: 
  BUY  LAT-06 at 12 P · cap 12 · ref 35 (settled uncommon n=1) · value +3.5 · new
  BUY  LAT-07 at 12 P · cap 12 · ref 35 (settled uncommon n=1) · value +3.5 · new
  BUY  LAV-06 at 7 P · cap 7 · ref 35 (settled uncommon n=1) · value +3.5 · new
Open offers after: 5 · bid cash committed: 37 P
  note: 16 bids skipped by --max-spend budget: SAL-09@63 LAV-08@7 MAL-06@17 MAL-07@17 MAL-08@17 LAT-03@2 LAT-09@42 LAT-10@42 LAV-09@29 LAV-10@29 MAL-01@4 MAL-04@4 MAL-05@4 MAL-09@56 MAL-10@56 SAL-05@8
sent: post list SAL-07 @37
sent: post list LAT-04 @10
sent: post bid LAT-06 @12
sent: post bid LAT-07 @12
sent: post bid LAV-06 @7
Trades plan · tick 129 · 33 offers read, 19 actionable, valued at our private values (fees included)
Settled team trades (feed): uncommon n=1 median 35
Top opportunities (value created if WE accept):
  #2066 [board] buy  MAL-01 for 8 P               value   -1.0 (cards +9.0, cash -8.0, fee -2) need ≥3.0 → below-margin
  #1200 [board] buy  MAL-04 for 9 P               value   -2.0 (cards +9.0, cash -9.0, fee -2) need ≥3.0 → below-margin
  #1461 [board] buy  MAL-05 for 9 P               value   -2.0 (cards +9.0, cash -9.0, fee -2) need ≥3.0 → below-margin
  #1415 [board] buy  LAV-04 for 9 P               value   -6.0 (cards +5.0, cash -9.0, fee -2) need ≥3.0 → below-margin
  #2065 [board] buy  MAL-06 for 26 P              value   -6.5 (cards +22.5, cash -26.0, fee -3) need ≥3.0 → below-margin
  #2005 [board] buy  LAV-04 for 10 P              value   -7.0 (cards +5.0, cash -10.0, fee -2) need ≥3.0 → below-margin
  #2006 [board] buy  LAV-04 for 10 P              value   -7.0 (cards +5.0, cash -10.0, fee -2) need ≥3.0 → below-margin
  #2088 [board] sell 4 P for any MAL-02           value   -7.0 (cards -9.0, cash +4.0, fee -2) need ≥3.0 → below-margin
  #1976 [board] buy  LAT-01 for 8 P               value   -8.3 (cards +1.8, cash -8.0, fee -2) need ≥3.0 → below-margin
  #1460 [board] buy  LAT-01 for 9 P               value   -9.3 (cards +1.8, cash -9.0, fee -2) need ≥3.0 → below-margin
Accept: none
Cancels: none
Listings to post: none
Bids to post: none
Open offers after: 5 · bid cash committed: 37 P
  note: 16 bids skipped by --max-spend budget: SAL-09@75 LAV-08@7 MAL-06@17 MAL-07@17 MAL-08@17 LAT-03@2 LAT-09@42 LAT-10@42 LAV-09@29 LAV-10@29 MAL-01@4 MAL-04@4 MAL-05@4 MAL-09@56 MAL-10@56 SAL-05@8
Trades plan · tick 130 · 33 offers read, 21 actionable, valued at our private values (fees included)
Settled team trades (feed): uncommon n=1 median 35
Top opportunities (value created if WE accept):
  #2066 [board] buy  MAL-01 for 8 P               value   -1.0 (cards +9.0, cash -8.0, fee -2) need ≥3.0 → below-margin
  #1200 [board] buy  MAL-04 for 9 P               value   -2.0 (cards +9.0, cash -9.0, fee -2) need ≥3.0 → below-margin
  #1461 [board] buy  MAL-05 for 9 P               value   -2.0 (cards +9.0, cash -9.0, fee -2) need ≥3.0 → below-margin
  #1415 [board] buy  LAV-04 for 9 P               value   -6.0 (cards +5.0, cash -9.0, fee -2) need ≥3.0 → below-margin
  #2065 [board] buy  MAL-06 for 26 P              value   -6.5 (cards +22.5, cash -26.0, fee -3) need ≥3.0 → below-margin
  #2005 [board] buy  LAV-04 for 10 P              value   -7.0 (cards +5.0, cash -10.0, fee -2) need ≥3.0 → below-margin
  #2006 [board] buy  LAV-04 for 10 P              value   -7.0 (cards +5.0, cash -10.0, fee -2) need ≥3.0 → below-margin
  #2112 [board] buy  MAL-02 for 8 P               value   -7.8 (cards +2.3, cash -8.0, fee -2) need ≥3.0 → below-margin
  #2114 [board] buy  SAL-05 for 9 P               value   -7.8 (cards +3.3, cash -9.0, fee -2) need ≥3.0 → below-margin
  #1976 [board] buy  LAT-01 for 8 P               value   -8.3 (cards +1.8, cash -8.0, fee -2) need ≥3.0 → below-margin
Accept: none
Cancels: none
Listings to post: none
Bids to post: none
Open offers after: 5 · bid cash committed: 37 P
  note: 15 bids skipped by --max-spend budget: SAL-09@75 LAV-08@7 MAL-06@17 MAL-07@17 MAL-08@17 LAT-03@2 LAT-09@42 LAT-10@42 LAV-09@29 LAV-10@29 MAL-01@4 MAL-04@4 MAL-05@4 MAL-09@56 MAL-10@56
Trades plan · tick 131 · 39 offers read, 25 actionable, valued at our private values (fees included)
Settled team trades (feed): none
Top opportunities (value created if WE accept):
  #2139 [board] buy  MAL-04 for 8 P               value   -1.0 (cards +9.0, cash -8.0, fee -2) need ≥3.0 → below-margin
  #1200 [board] buy  MAL-04 for 9 P               value   -2.0 (cards +9.0, cash -9.0, fee -2) need ≥3.0 → below-margin
  #1461 [board] buy  MAL-05 for 9 P               value   -2.0 (cards +9.0, cash -9.0, fee -2) need ≥3.0 → below-margin
  #2133 [board] buy  MAL-01 for 9 P               value   -2.0 (cards +9.0, cash -9.0, fee -2) need ≥3.0 → below-margin
  #2142 [board] buy  MAL-01 for 9 P               value   -2.0 (cards +9.0, cash -9.0, fee -2) need ≥3.0 → below-margin
  #1415 [board] buy  LAV-04 for 9 P               value   -6.0 (cards +5.0, cash -9.0, fee -2) need ≥3.0 → below-margin
  #2135 [board] buy  MAL-02 for 7 P               value   -6.8 (cards +2.3, cash -7.0, fee -2) need ≥3.0 → below-margin
  #2136 [board] buy  MAL-02 for 7 P               value   -6.8 (cards +2.3, cash -7.0, fee -2) need ≥3.0 → below-margin
  #2005 [board] buy  LAV-04 for 10 P              value   -7.0 (cards +5.0, cash -10.0, fee -2) need ≥3.0 → below-margin
  #2006 [board] buy  LAV-04 for 10 P              value   -7.0 (cards +5.0, cash -10.0, fee -2) need ≥3.0 → below-margin
Accept: none
Cancels: none
Listings to post: none
Bids to post: none
Open offers after: 5 · bid cash committed: 37 P
  note: 15 bids skipped by --max-spend budget: SAL-09@75 LAV-08@7 MAL-06@17 MAL-07@17 MAL-08@17 LAT-03@2 LAT-09@42 LAT-10@42 LAV-09@29 LAV-10@29 MAL-01@4 MAL-04@4 MAL-05@4 MAL-09@56 MAL-10@56
Trades plan · tick 132 · 42 offers read, 25 actionable, valued at our private values (fees included)
Settled team trades (feed): none
Top opportunities (value created if WE accept):
  #2139 [board] buy  MAL-04 for 8 P               value   -1.0 (cards +9.0, cash -8.0, fee -2) need ≥3.0 → below-margin
  #1200 [board] buy  MAL-04 for 9 P               value   -2.0 (cards +9.0, cash -9.0, fee -2) need ≥3.0 → below-margin
  #1461 [board] buy  MAL-05 for 9 P               value   -2.0 (cards +9.0, cash -9.0, fee -2) need ≥3.0 → below-margin
  #2133 [board] buy  MAL-01 for 9 P               value   -2.0 (cards +9.0, cash -9.0, fee -2) need ≥3.0 → below-margin
  #2142 [board] buy  MAL-01 for 9 P               value   -2.0 (cards +9.0, cash -9.0, fee -2) need ≥3.0 → below-margin
  #2136 [board] buy  MAL-02 for 7 P               value   -6.8 (cards +2.3, cash -7.0, fee -2) need ≥3.0 → below-margin
  #2005 [board] buy  LAV-04 for 10 P              value   -7.0 (cards +5.0, cash -10.0, fee -2) need ≥3.0 → below-margin
  #2006 [board] buy  LAV-04 for 10 P              value   -7.0 (cards +5.0, cash -10.0, fee -2) need ≥3.0 → below-margin
  #2112 [board] buy  MAL-02 for 8 P               value   -7.8 (cards +2.3, cash -8.0, fee -2) need ≥3.0 → below-margin
  #1460 [board] buy  LAT-01 for 9 P               value   -9.3 (cards +1.8, cash -9.0, fee -2) need ≥3.0 → below-margin
Accept: none
Cancels: none
Listings to post: none
Bids to post: none
Open offers after: 5 · bid cash committed: 37 P
  note: 15 bids skipped by --max-spend budget: SAL-09@75 LAV-09@22 LAV-10@22 LAV-08@7 MAL-06@17 MAL-07@17 MAL-08@17 LAT-03@2 LAT-09@42 LAT-10@42 MAL-01@4 MAL-04@4 MAL-05@4 MAL-09@56 MAL-10@56
Trades plan · tick 133 · 45 offers read, 33 actionable, valued at our private values (fees included)
Settled team trades (feed): none
Top opportunities (value created if WE accept):
  #2139 [board] buy  MAL-04 for 8 P               value   -1.0 (cards +9.0, cash -8.0, fee -2) need ≥3.0 → below-margin
  #1200 [board] buy  MAL-04 for 9 P               value   -2.0 (cards +9.0, cash -9.0, fee -2) need ≥3.0 → below-margin
  #1461 [board] buy  MAL-05 for 9 P               value   -2.0 (cards +9.0, cash -9.0, fee -2) need ≥3.0 → below-margin
  #2133 [board] buy  MAL-01 for 9 P               value   -2.0 (cards +9.0, cash -9.0, fee -2) need ≥3.0 → below-margin
  #2142 [board] buy  MAL-01 for 9 P               value   -2.0 (cards +9.0, cash -9.0, fee -2) need ≥3.0 → below-margin
  #2203 [board] buy  MAL-05 for 10 P              value   -3.0 (cards +9.0, cash -10.0, fee -2) need ≥3.0 → below-margin
  #2207 [board] buy  MAL-01 for 10 P              value   -3.0 (cards +9.0, cash -10.0, fee -2) need ≥3.0 → below-margin
  #2197 [board] buy  LAT-03 for 10 P              value   -5.0 (cards +7.0, cash -10.0, fee -2) need ≥3.0 → below-margin
  #2136 [board] buy  MAL-02 for 7 P               value   -6.8 (cards +2.3, cash -7.0, fee -2) need ≥3.0 → below-margin
  #2005 [board] buy  LAV-04 for 10 P              value   -7.0 (cards +5.0, cash -10.0, fee -2) need ≥3.0 → below-margin
Accept: none
Cancels: none
Listings to post: none
Bids to post: none
Open offers after: 5 · bid cash committed: 37 P
  note: 15 bids skipped by --max-spend budget: SAL-09@38 LAV-08@7 MAL-06@17 MAL-07@17 MAL-08@17 LAT-03@2 LAT-09@42 LAT-10@42 LAV-09@29 LAV-10@29 MAL-01@4 MAL-04@4 MAL-05@4 MAL-09@56 MAL-10@56
Trades plan · tick 134 · 43 offers read, 31 actionable, valued at our private values (fees included)
Settled team trades (feed): none
Top opportunities (value created if WE accept):
  #2139 [board] buy  MAL-04 for 8 P               value   -1.0 (cards +9.0, cash -8.0, fee -2) need ≥3.0 → below-margin
  #1200 [board] buy  MAL-04 for 9 P               value   -2.0 (cards +9.0, cash -9.0, fee -2) need ≥3.0 → below-margin
  #1461 [board] buy  MAL-05 for 9 P               value   -2.0 (cards +9.0, cash -9.0, fee -2) need ≥3.0 → below-margin
  #2133 [board] buy  MAL-01 for 9 P               value   -2.0 (cards +9.0, cash -9.0, fee -2) need ≥3.0 → below-margin
  #2142 [board] buy  MAL-01 for 9 P               value   -2.0 (cards +9.0, cash -9.0, fee -2) need ≥3.0 → below-margin
  #2203 [board] buy  MAL-05 for 10 P              value   -3.0 (cards +9.0, cash -10.0, fee -2) need ≥3.0 → below-margin
  #2207 [board] buy  MAL-01 for 10 P              value   -3.0 (cards +9.0, cash -10.0, fee -2) need ≥3.0 → below-margin
  #2136 [board] buy  MAL-02 for 7 P               value   -6.8 (cards +2.3, cash -7.0, fee -2) need ≥3.0 → below-margin
  #2005 [board] buy  LAV-04 for 10 P              value   -7.0 (cards +5.0, cash -10.0, fee -2) need ≥3.0 → below-margin
  #2006 [board] buy  LAV-04 for 10 P              value   -7.0 (cards +5.0, cash -10.0, fee -2) need ≥3.0 → below-margin
Accept: none
Cancels: none
Listings to post: none
Bids to post: none
Open offers after: 5 · bid cash committed: 37 P
  note: 15 bids skipped by --max-spend budget: SAL-09@75 LAV-08@7 MAL-06@17 MAL-07@17 MAL-08@17 LAT-03@2 LAT-09@42 LAT-10@42 LAV-09@29 LAV-10@29 MAL-01@4 MAL-04@4 MAL-05@4 MAL-09@56 MAL-10@56
Trades plan · tick 135 · 38 offers read, 30 actionable, valued at our private values (fees included)
Settled team trades (feed): none
Top opportunities (value created if WE accept):
  #2139 [board] buy  MAL-04 for 8 P               value   -1.0 (cards +9.0, cash -8.0, fee -2) need ≥3.0 → below-margin
  #1200 [board] buy  MAL-04 for 9 P               value   -2.0 (cards +9.0, cash -9.0, fee -2) need ≥3.0 → below-margin
  #1461 [board] buy  MAL-05 for 9 P               value   -2.0 (cards +9.0, cash -9.0, fee -2) need ≥3.0 → below-margin
  #2133 [board] buy  MAL-01 for 9 P               value   -2.0 (cards +9.0, cash -9.0, fee -2) need ≥3.0 → below-margin
  #2142 [board] buy  MAL-01 for 9 P               value   -2.0 (cards +9.0, cash -9.0, fee -2) need ≥3.0 → below-margin
  #2203 [board] buy  MAL-05 for 10 P              value   -3.0 (cards +9.0, cash -10.0, fee -2) need ≥3.0 → below-margin
  #2207 [board] buy  MAL-01 for 10 P              value   -3.0 (cards +9.0, cash -10.0, fee -2) need ≥3.0 → below-margin
  #2136 [board] buy  MAL-02 for 7 P               value   -6.8 (cards +2.3, cash -7.0, fee -2) need ≥3.0 → below-margin
  #2201 [board] buy  LAV-02 for 10 P              value   -7.0 (cards +5.0, cash -10.0, fee -2) need ≥3.0 → below-margin
  #2202 [board] buy  LAV-03 for 10 P              value   -7.0 (cards +5.0, cash -10.0, fee -2) need ≥3.0 → below-margin
Accept: none
Cancels: none
Listings to post: none
Bids to post: none
Open offers after: 5 · bid cash committed: 37 P
  note: 15 bids skipped by --max-spend budget: SAL-09@75 LAV-08@7 MAL-06@17 MAL-07@17 MAL-08@17 LAT-03@2 LAT-09@42 LAT-10@42 LAV-09@29 LAV-10@29 MAL-01@4 MAL-04@4 MAL-05@4 MAL-09@56 MAL-10@56
Trades plan · tick 136 · 37 offers read, 28 actionable, valued at our private values (fees included)
Settled team trades (feed): none
Top opportunities (value created if WE accept):
  #2139 [board] buy  MAL-04 for 8 P               value   -1.0 (cards +9.0, cash -8.0, fee -2) need ≥3.0 → below-margin
  #1200 [board] buy  MAL-04 for 9 P               value   -2.0 (cards +9.0, cash -9.0, fee -2) need ≥3.0 → below-margin
  #1461 [board] buy  MAL-05 for 9 P               value   -2.0 (cards +9.0, cash -9.0, fee -2) need ≥3.0 → below-margin
  #2133 [board] buy  MAL-01 for 9 P               value   -2.0 (cards +9.0, cash -9.0, fee -2) need ≥3.0 → below-margin
  #2142 [board] buy  MAL-01 for 9 P               value   -2.0 (cards +9.0, cash -9.0, fee -2) need ≥3.0 → below-margin
  #2203 [board] buy  MAL-05 for 10 P              value   -3.0 (cards +9.0, cash -10.0, fee -2) need ≥3.0 → below-margin
  #2207 [board] buy  MAL-01 for 10 P              value   -3.0 (cards +9.0, cash -10.0, fee -2) need ≥3.0 → below-margin
  #2136 [board] buy  MAL-02 for 7 P               value   -6.8 (cards +2.3, cash -7.0, fee -2) need ≥3.0 → below-margin
  #2201 [board] buy  LAV-02 for 10 P              value   -7.0 (cards +5.0, cash -10.0, fee -2) need ≥3.0 → below-margin
  #2202 [board] buy  LAV-03 for 10 P              value   -7.0 (cards +5.0, cash -10.0, fee -2) need ≥3.0 → below-margin
Accept: none
Cancels: none
Listings to post: none
Bids to post: none
Open offers after: 5 · bid cash committed: 37 P
  note: 15 bids skipped by --max-spend budget: SAL-09@75 LAV-08@7 MAL-06@17 MAL-07@17 MAL-08@17 LAT-03@2 LAT-09@42 LAT-10@42 LAV-09@29 LAV-10@29 MAL-01@4 MAL-04@4 MAL-05@4 MAL-09@56 MAL-10@56
Trades plan · tick 137 · 38 offers read, 30 actionable, valued at our private values (fees included)
Settled team trades (feed): none
Top opportunities (value created if WE accept):
  #2139 [board] buy  MAL-04 for 8 P               value   -1.0 (cards +9.0, cash -8.0, fee -2) need ≥3.0 → below-margin
  #1200 [board] buy  MAL-04 for 9 P               value   -2.0 (cards +9.0, cash -9.0, fee -2) need ≥3.0 → below-margin
  #1461 [board] buy  MAL-05 for 9 P               value   -2.0 (cards +9.0, cash -9.0, fee -2) need ≥3.0 → below-margin
  #2133 [board] buy  MAL-01 for 9 P               value   -2.0 (cards +9.0, cash -9.0, fee -2) need ≥3.0 → below-margin
  #2142 [board] buy  MAL-01 for 9 P               value   -2.0 (cards +9.0, cash -9.0, fee -2) need ≥3.0 → below-margin
  #2203 [board] buy  MAL-05 for 10 P              value   -3.0 (cards +9.0, cash -10.0, fee -2) need ≥3.0 → below-margin
  #2207 [board] buy  MAL-01 for 10 P              value   -3.0 (cards +9.0, cash -10.0, fee -2) need ≥3.0 → below-margin
  #2283 [board] buy  LAT-03 for 10 P              value   -5.0 (cards +7.0, cash -10.0, fee -2) need ≥3.0 → below-margin
  #2284 [board] buy  MAL-02 for 6 P               value   -5.8 (cards +2.3, cash -6.0, fee -2) need ≥3.0 → below-margin
  #2136 [board] buy  MAL-02 for 7 P               value   -6.8 (cards +2.3, cash -7.0, fee -2) need ≥3.0 → below-margin
Accept: none
Cancels: none
Listings to post: none
Bids to post: none
Open offers after: 5 · bid cash committed: 37 P
  note: 15 bids skipped by --max-spend budget: SAL-09@75 LAV-08@7 MAL-06@17 MAL-07@17 MAL-08@17 LAT-03@2 LAT-09@42 LAT-10@42 LAV-09@29 LAV-10@29 MAL-01@4 MAL-04@4 MAL-05@4 MAL-09@56 MAL-10@56
Trades plan · tick 138 · 48 offers read, 29 actionable, valued at our private values (fees included)
Settled team trades (feed): none
Top opportunities (value created if WE accept):
  #2139 [board] buy  MAL-04 for 8 P               value   -1.0 (cards +9.0, cash -8.0, fee -2) need ≥3.0 → below-margin
  #1200 [board] buy  MAL-04 for 9 P               value   -2.0 (cards +9.0, cash -9.0, fee -2) need ≥3.0 → below-margin
  #1461 [board] buy  MAL-05 for 9 P               value   -2.0 (cards +9.0, cash -9.0, fee -2) need ≥3.0 → below-margin
  #2133 [board] buy  MAL-01 for 9 P               value   -2.0 (cards +9.0, cash -9.0, fee -2) need ≥3.0 → below-margin
  #2142 [board] buy  MAL-01 for 9 P               value   -2.0 (cards +9.0, cash -9.0, fee -2) need ≥3.0 → below-margin
  #2203 [board] buy  MAL-05 for 10 P              value   -3.0 (cards +9.0, cash -10.0, fee -2) need ≥3.0 → below-margin
  #2207 [board] buy  MAL-01 for 10 P              value   -3.0 (cards +9.0, cash -10.0, fee -2) need ≥3.0 → below-margin
  #2136 [board] buy  MAL-02 for 7 P               value   -6.8 (cards +2.3, cash -7.0, fee -2) need ≥3.0 → below-margin
  #2201 [board] buy  LAV-02 for 10 P              value   -7.0 (cards +5.0, cash -10.0, fee -2) need ≥3.0 → below-margin
  #2202 [board] buy  LAV-03 for 10 P              value   -7.0 (cards +5.0, cash -10.0, fee -2) need ≥3.0 → below-margin
Accept: none
Cancels: none
Listings to post: 
  SELL SAL-07 (asset 438) at 40 P · floor 14 · ref 38 (asks uncommon n=2) · value +28.9 · new
  SELL LAT-04 (asset 393) at 11 P · floor 7 · ref 10 (asks card n=3) · value +7.2 · new
Bids to post: 
  BUY  LAV-09 at 22 P · cap 29 · ref 21 (best bid n=1) · value +10.0 · new
  BUY  LAT-06 at 12 P · cap 12 · ref 18 (best bid n=1) · value +3.5 · new
Open offers after: 4 · bid cash committed: 39 P
  note: 16 bids skipped by --max-spend budget: SAL-09@63 LAV-10@22 LAT-07@12 LAV-06@7 LAV-08@7 MAL-06@17 MAL-07@17 MAL-08@17 LAT-03@2 LAT-09@42 LAT-10@42 MAL-01@4 MAL-04@4 MAL-05@4 MAL-09@56 MAL-10@56
sent: post list SAL-07 @40
sent: post list LAT-04 @11
sent: post bid LAV-09 @22
sent: post bid LAT-06 @12
Trades plan · tick 139 · 40 offers read, 25 actionable, valued at our private values (fees included)
Settled team trades (feed): none
Top opportunities (value created if WE accept):
  #2139 [board] buy  MAL-04 for 8 P               value   -1.0 (cards +9.0, cash -8.0, fee -2) need ≥3.0 → below-margin
  #1200 [board] buy  MAL-04 for 9 P               value   -2.0 (cards +9.0, cash -9.0, fee -2) need ≥3.0 → below-margin
  #1461 [board] buy  MAL-05 for 9 P               value   -2.0 (cards +9.0, cash -9.0, fee -2) need ≥3.0 → below-margin
  #2133 [board] buy  MAL-01 for 9 P               value   -2.0 (cards +9.0, cash -9.0, fee -2) need ≥3.0 → below-margin
  #2142 [board] buy  MAL-01 for 9 P               value   -2.0 (cards +9.0, cash -9.0, fee -2) need ≥3.0 → below-margin
  #2203 [board] buy  MAL-05 for 10 P              value   -3.0 (cards +9.0, cash -10.0, fee -2) need ≥3.0 → below-margin
  #2207 [board] buy  MAL-01 for 10 P              value   -3.0 (cards +9.0, cash -10.0, fee -2) need ≥3.0 → below-margin
  #2136 [board] buy  MAL-02 for 7 P               value   -6.8 (cards +2.3, cash -7.0, fee -2) need ≥3.0 → below-margin
  #2201 [board] buy  LAV-02 for 10 P              value   -7.0 (cards +5.0, cash -10.0, fee -2) need ≥3.0 → below-margin
  #2202 [board] buy  LAV-03 for 10 P              value   -7.0 (cards +5.0, cash -10.0, fee -2) need ≥3.0 → below-margin
Accept: none
Cancels: none
Listings to post: none
Bids to post: none
Open offers after: 4 · bid cash committed: 39 P
  note: 16 bids skipped by --max-spend budget: SAL-09@38 LAT-07@12 LAV-06@7 LAV-08@7 MAL-06@17 MAL-07@17 MAL-08@17 LAT-03@2 LAT-09@42 LAT-10@42 LAV-10@29 MAL-01@4 MAL-04@4 MAL-05@4 MAL-09@56 MAL-10@56
Trades plan · tick 140 · 38 offers read, 23 actionable, valued at our private values (fees included)
Settled team trades (feed): none
Top opportunities (value created if WE accept):
  #1200 [board] buy  MAL-04 for 9 P               value   -2.0 (cards +9.0, cash -9.0, fee -2) need ≥3.0 → below-margin
  #1461 [board] buy  MAL-05 for 9 P               value   -2.0 (cards +9.0, cash -9.0, fee -2) need ≥3.0 → below-margin
  #2203 [board] buy  MAL-05 for 10 P              value   -3.0 (cards +9.0, cash -10.0, fee -2) need ≥3.0 → below-margin
  #2207 [board] buy  MAL-01 for 10 P              value   -3.0 (cards +9.0, cash -10.0, fee -2) need ≥3.0 → below-margin
  #2348 [board] buy  LAT-03 for 10 P              value   -5.0 (cards +7.0, cash -10.0, fee -2) need ≥3.0 → below-margin
  #2350 [board] buy  MAL-02 for 6 P               value   -5.8 (cards +2.3, cash -6.0, fee -2) need ≥3.0 → below-margin
  #2201 [board] buy  LAV-02 for 10 P              value   -7.0 (cards +5.0, cash -10.0, fee -2) need ≥3.0 → below-margin
  #2202 [board] buy  LAV-03 for 10 P              value   -7.0 (cards +5.0, cash -10.0, fee -2) need ≥3.0 → below-margin
  #2251 [board] buy  LAV-04 for 10 P              value   -7.0 (cards +5.0, cash -10.0, fee -2) need ≥3.0 → below-margin
  #2252 [board] buy  LAV-04 for 10 P              value   -7.0 (cards +5.0, cash -10.0, fee -2) need ≥3.0 → below-margin
Accept: none
Cancels: none
Listings to post: none
Bids to post: none
Open offers after: 4 · bid cash committed: 39 P
  note: 16 bids skipped by --max-spend budget: SAL-09@75 LAT-07@12 LAV-06@7 LAV-08@7 MAL-06@17 MAL-07@17 MAL-08@17 LAT-03@2 LAT-09@42 LAT-10@42 LAV-10@29 MAL-01@4 MAL-04@4 MAL-05@4 MAL-09@56 MAL-10@56
Trades plan · tick 141 · 37 offers read, 25 actionable, valued at our private values (fees included)
Settled team trades (feed): none
Top opportunities (value created if WE accept):
  #1200 [board] buy  MAL-04 for 9 P               value   -2.0 (cards +9.0, cash -9.0, fee -2) need ≥3.0 → below-margin
  #1461 [board] buy  MAL-05 for 9 P               value   -2.0 (cards +9.0, cash -9.0, fee -2) need ≥3.0 → below-margin
  #2203 [board] buy  MAL-05 for 10 P              value   -3.0 (cards +9.0, cash -10.0, fee -2) need ≥3.0 → below-margin
  #2207 [board] buy  MAL-01 for 10 P              value   -3.0 (cards +9.0, cash -10.0, fee -2) need ≥3.0 → below-margin
  #2371 [board] buy  MAL-02 for 5 P               value   -4.8 (cards +2.3, cash -5.0, fee -2) need ≥3.0 → below-margin
  #2201 [board] buy  LAV-02 for 10 P              value   -7.0 (cards +5.0, cash -10.0, fee -2) need ≥3.0 → below-margin
  #2202 [board] buy  LAV-03 for 10 P              value   -7.0 (cards +5.0, cash -10.0, fee -2) need ≥3.0 → below-margin
  #2251 [board] buy  LAV-04 for 10 P              value   -7.0 (cards +5.0, cash -10.0, fee -2) need ≥3.0 → below-margin
  #2252 [board] buy  LAV-04 for 10 P              value   -7.0 (cards +5.0, cash -10.0, fee -2) need ≥3.0 → below-margin
  #2229 [board] buy  LAT-01 for 8 P               value   -8.3 (cards +1.8, cash -8.0, fee -2) need ≥3.0 → below-margin
Accept: none
Cancels: none
Listings to post: none
Bids to post: none
Open offers after: 4 · bid cash committed: 39 P
  note: 16 bids skipped by --max-spend budget: SAL-09@75 LAT-07@12 LAV-06@7 LAV-08@7 MAL-06@17 MAL-07@17 MAL-08@17 LAT-03@2 LAT-09@42 LAT-10@42 LAV-10@29 MAL-01@4 MAL-04@4 MAL-05@4 MAL-09@56 MAL-10@56
Trades plan · tick 142 · 36 offers read, 20 actionable, valued at our private values (fees included)
Settled team trades (feed): rare n=1 median 60
Top opportunities (value created if WE accept):
  #2399 [board] buy  MAL-04 for 8 P               value   -1.0 (cards +9.0, cash -8.0, fee -2) need ≥3.0 → below-margin
  #1461 [board] buy  MAL-05 for 9 P               value   -2.0 (cards +9.0, cash -9.0, fee -2) need ≥3.0 → below-margin
  #2396 [board] buy  MAL-01 for 9 P               value   -2.0 (cards +9.0, cash -9.0, fee -2) need ≥3.0 → below-margin
  #2397 [board] buy  MAL-02 for 4 P               value   -3.8 (cards +2.3, cash -4.0, fee -2) need ≥3.0 → below-margin
  #2371 [board] buy  MAL-02 for 5 P               value   -4.8 (cards +2.3, cash -5.0, fee -2) need ≥3.0 → below-margin
  #2251 [board] buy  LAV-04 for 10 P              value   -7.0 (cards +5.0, cash -10.0, fee -2) need ≥3.0 → below-margin
  #2252 [board] buy  LAV-04 for 10 P              value   -7.0 (cards +5.0, cash -10.0, fee -2) need ≥3.0 → below-margin
  #2229 [board] buy  LAT-01 for 8 P               value   -8.3 (cards +1.8, cash -8.0, fee -2) need ≥3.0 → below-margin
  #2398 [board] buy  LAV-05 for 8 P               value   -8.8 (cards +1.3, cash -8.0, fee -2) need ≥3.0 → below-margin
  #1460 [board] buy  LAT-01 for 9 P               value   -9.3 (cards +1.8, cash -9.0, fee -2) need ≥3.0 → below-margin
Accept: none
Cancels: none
Listings to post: none
Bids to post: none
Open offers after: 4 · bid cash committed: 39 P
  note: 16 bids skipped by --max-spend budget: SAL-09@54 MAL-10@28 LAT-07@12 LAV-06@7 LAV-08@7 MAL-06@17 MAL-07@17 MAL-08@17 LAT-03@2 LAT-09@42 LAT-10@42 LAV-10@29 MAL-01@4 MAL-04@4 MAL-05@4 MAL-09@56
Trades plan · tick 143 · 37 offers read, 26 actionable, valued at our private values (fees included)
Settled team trades (feed): rare n=1 median 60
Top opportunities (value created if WE accept):
  #2399 [board] buy  MAL-04 for 8 P               value   -1.0 (cards +9.0, cash -8.0, fee -2) need ≥3.0 → below-margin
  #1461 [board] buy  MAL-05 for 9 P               value   -2.0 (cards +9.0, cash -9.0, fee -2) need ≥3.0 → below-margin
  #2396 [board] buy  MAL-01 for 9 P               value   -2.0 (cards +9.0, cash -9.0, fee -2) need ≥3.0 → below-margin
  #2397 [board] buy  MAL-02 for 4 P               value   -3.8 (cards +2.3, cash -4.0, fee -2) need ≥3.0 → below-margin
  #2371 [board] buy  MAL-02 for 5 P               value   -4.8 (cards +2.3, cash -5.0, fee -2) need ≥3.0 → below-margin
  #2428 [board] buy  LAT-03 for 10 P              value   -5.0 (cards +7.0, cash -10.0, fee -2) need ≥3.0 → below-margin
  #2251 [board] buy  LAV-04 for 10 P              value   -7.0 (cards +5.0, cash -10.0, fee -2) need ≥3.0 → below-margin
  #2252 [board] buy  LAV-04 for 10 P              value   -7.0 (cards +5.0, cash -10.0, fee -2) need ≥3.0 → below-margin
  #2429 [board] buy  SAL-05 for 9 P               value   -7.8 (cards +3.3, cash -9.0, fee -2) need ≥3.0 → below-margin
  #2398 [board] buy  LAV-05 for 8 P               value   -8.8 (cards +1.3, cash -8.0, fee -2) need ≥3.0 → below-margin
Accept: none
Cancels: none
Listings to post: none
Bids to post: none
Open offers after: 4 · bid cash committed: 39 P
  note: 16 bids skipped by --max-spend budget: SAL-09@54 MAL-10@28 LAT-07@12 LAV-06@7 LAV-08@7 MAL-06@17 MAL-07@17 MAL-08@17 LAT-03@2 LAT-09@42 LAT-10@42 LAV-10@29 MAL-01@4 MAL-04@4 MAL-05@4 MAL-09@56
Trades plan · tick 144 · 41 offers read, 29 actionable, valued at our private values (fees included)
Settled team trades (feed): rare n=1 median 60
Top opportunities (value created if WE accept):
  #2399 [board] buy  MAL-04 for 8 P               value   -1.0 (cards +9.0, cash -8.0, fee -2) need ≥3.0 → below-margin
  #2462 [board] buy  MAL-04 for 8 P               value   -1.0 (cards +9.0, cash -8.0, fee -2) need ≥3.0 → below-margin
  #2465 [board] buy  MAL-05 for 8 P               value   -1.0 (cards +9.0, cash -8.0, fee -2) need ≥3.0 → below-margin
  #2396 [board] buy  MAL-01 for 9 P               value   -2.0 (cards +9.0, cash -9.0, fee -2) need ≥3.0 → below-margin
  #2397 [board] buy  MAL-02 for 4 P               value   -3.8 (cards +2.3, cash -4.0, fee -2) need ≥3.0 → below-margin
  #2371 [board] buy  MAL-02 for 5 P               value   -4.8 (cards +2.3, cash -5.0, fee -2) need ≥3.0 → below-margin
  #2460 [board] buy  LAV-03 for 8 P               value   -5.0 (cards +5.0, cash -8.0, fee -2) need ≥3.0 → below-margin
  #2466 [board] buy  LAV-04 for 8 P               value   -5.0 (cards +5.0, cash -8.0, fee -2) need ≥3.0 → below-margin
  #2251 [board] buy  LAV-04 for 10 P              value   -7.0 (cards +5.0, cash -10.0, fee -2) need ≥3.0 → below-margin
  #2252 [board] buy  LAV-04 for 10 P              value   -7.0 (cards +5.0, cash -10.0, fee -2) need ≥3.0 → below-margin
Accept: none
Cancels: none
Listings to post: none
Bids to post: none
Open offers after: 4 · bid cash committed: 39 P
  note: 16 bids skipped by --max-spend budget: SAL-09@54 MAL-10@28 LAT-07@12 LAV-06@7 LAV-08@7 MAL-06@17 MAL-07@17 MAL-08@17 LAT-03@2 LAT-09@42 LAT-10@42 LAV-10@29 MAL-01@4 MAL-04@4 MAL-05@4 MAL-09@56
Trades plan · tick 145 · 42 offers read, 34 actionable, valued at our private values (fees included)
Settled team trades (feed): rare n=1 median 60
Top opportunities (value created if WE accept):
  #2399 [board] buy  MAL-04 for 8 P               value   -1.0 (cards +9.0, cash -8.0, fee -2) need ≥3.0 → below-margin
  #2462 [board] buy  MAL-04 for 8 P               value   -1.0 (cards +9.0, cash -8.0, fee -2) need ≥3.0 → below-margin
  #2465 [board] buy  MAL-05 for 8 P               value   -1.0 (cards +9.0, cash -8.0, fee -2) need ≥3.0 → below-margin
  #2396 [board] buy  MAL-01 for 9 P               value   -2.0 (cards +9.0, cash -9.0, fee -2) need ≥3.0 → below-margin
  #2397 [board] buy  MAL-02 for 4 P               value   -3.8 (cards +2.3, cash -4.0, fee -2) need ≥3.0 → below-margin
  #2371 [board] buy  MAL-02 for 5 P               value   -4.8 (cards +2.3, cash -5.0, fee -2) need ≥3.0 → below-margin
  #2460 [board] buy  LAV-03 for 8 P               value   -5.0 (cards +5.0, cash -8.0, fee -2) need ≥3.0 → below-margin
  #2466 [board] buy  LAV-04 for 8 P               value   -5.0 (cards +5.0, cash -8.0, fee -2) need ≥3.0 → below-margin
  #2485 [board] buy  LAV-02 for 9 P               value   -6.0 (cards +5.0, cash -9.0, fee -2) need ≥3.0 → below-margin
  #2482 [board] buy  LAV-04 for 10 P              value   -7.0 (cards +5.0, cash -10.0, fee -2) need ≥3.0 → below-margin
Accept: none
Cancels: none
Listings to post: none
Bids to post: none
Open offers after: 4 · bid cash committed: 39 P
  note: 16 bids skipped by --max-spend budget: SAL-09@54 MAL-10@28 LAT-07@12 LAV-06@7 LAV-08@7 MAL-06@17 MAL-07@17 MAL-08@17 LAT-03@2 LAT-09@42 LAT-10@42 LAV-10@29 MAL-01@4 MAL-04@4 MAL-05@4 MAL-09@56
Trades plan · tick 146 · 44 offers read, 34 actionable, valued at our private values (fees included)
Settled team trades (feed): rare n=1 median 60 · uncommon n=1 median 23
Top opportunities (value created if WE accept):
  #2399 [board] buy  MAL-04 for 8 P               value   -1.0 (cards +9.0, cash -8.0, fee -2) need ≥3.0 → below-margin
  #2462 [board] buy  MAL-04 for 8 P               value   -1.0 (cards +9.0, cash -8.0, fee -2) need ≥3.0 → below-margin
  #2465 [board] buy  MAL-05 for 8 P               value   -1.0 (cards +9.0, cash -8.0, fee -2) need ≥3.0 → below-margin
  #2396 [board] buy  MAL-01 for 9 P               value   -2.0 (cards +9.0, cash -9.0, fee -2) need ≥3.0 → below-margin
  #2397 [board] buy  MAL-02 for 4 P               value   -3.8 (cards +2.3, cash -4.0, fee -2) need ≥3.0 → below-margin
  #2371 [board] buy  MAL-02 for 5 P               value   -4.8 (cards +2.3, cash -5.0, fee -2) need ≥3.0 → below-margin
  #2460 [board] buy  LAV-03 for 8 P               value   -5.0 (cards +5.0, cash -8.0, fee -2) need ≥3.0 → below-margin
  #2466 [board] buy  LAV-04 for 8 P               value   -5.0 (cards +5.0, cash -8.0, fee -2) need ≥3.0 → below-margin
  #2485 [board] buy  LAV-02 for 9 P               value   -6.0 (cards +5.0, cash -9.0, fee -2) need ≥3.0 → below-margin
  #2482 [board] buy  LAV-04 for 10 P              value   -7.0 (cards +5.0, cash -10.0, fee -2) need ≥3.0 → below-margin
Accept: none
Cancels: none
Listings to post: none
Bids to post: none
Open offers after: 4 · bid cash committed: 39 P
  note: 16 bids skipped by --max-spend budget: SAL-09@54 MAL-10@28 LAT-07@12 LAV-06@7 LAV-08@7 MAL-06@17 MAL-07@17 MAL-08@17 LAT-03@2 LAT-09@42 LAT-10@42 LAV-10@29 MAL-01@4 MAL-04@4 MAL-05@4 MAL-09@56
Trades plan · tick 147 · 48 offers read, 35 actionable, valued at our private values (fees included)
Settled team trades (feed): common n=1 median 9 · uncommon n=2 median 25.5
Top opportunities (value created if WE accept):
  #2399 [board] buy  MAL-04 for 8 P               value   -1.0 (cards +9.0, cash -8.0, fee -2) need ≥3.0 → below-margin
  #2462 [board] buy  MAL-04 for 8 P               value   -1.0 (cards +9.0, cash -8.0, fee -2) need ≥3.0 → below-margin
  #2465 [board] buy  MAL-05 for 8 P               value   -1.0 (cards +9.0, cash -8.0, fee -2) need ≥3.0 → below-margin
  #2396 [board] buy  MAL-01 for 9 P               value   -2.0 (cards +9.0, cash -9.0, fee -2) need ≥3.0 → below-margin
  #2397 [board] buy  MAL-02 for 4 P               value   -3.8 (cards +2.3, cash -4.0, fee -2) need ≥3.0 → below-margin
  #2518 [board] buy  LAV-03 for 7 P               value   -4.0 (cards +5.0, cash -7.0, fee -2) need ≥3.0 → below-margin
  #2371 [board] buy  MAL-02 for 5 P               value   -4.8 (cards +2.3, cash -5.0, fee -2) need ≥3.0 → below-margin
  #2460 [board] buy  LAV-03 for 8 P               value   -5.0 (cards +5.0, cash -8.0, fee -2) need ≥3.0 → below-margin
  #2466 [board] buy  LAV-04 for 8 P               value   -5.0 (cards +5.0, cash -8.0, fee -2) need ≥3.0 → below-margin
  #2485 [board] buy  LAV-02 for 9 P               value   -6.0 (cards +5.0, cash -9.0, fee -2) need ≥3.0 → below-margin
Accept: none
Cancels: none
Listings to post: none
Bids to post: none
Open offers after: 4 · bid cash committed: 39 P
  note: 16 bids skipped by --max-spend budget: SAL-09@63 MAL-10@28 LAT-07@12 LAV-06@7 LAV-08@7 MAL-06@17 MAL-07@17 MAL-08@17 LAT-03@2 LAT-09@42 LAT-10@42 LAV-10@29 MAL-01@4 MAL-04@4 MAL-05@4 MAL-09@56
Trades plan · tick 148 · 46 offers read, 35 actionable, valued at our private values (fees included)
Settled team trades (feed): common n=1 median 9 · uncommon n=2 median 25.5
Top opportunities (value created if WE accept):
  #2399 [board] buy  MAL-04 for 8 P               value   -1.0 (cards +9.0, cash -8.0, fee -2) need ≥3.0 → below-margin
  #2462 [board] buy  MAL-04 for 8 P               value   -1.0 (cards +9.0, cash -8.0, fee -2) need ≥3.0 → below-margin
  #2465 [board] buy  MAL-05 for 8 P               value   -1.0 (cards +9.0, cash -8.0, fee -2) need ≥3.0 → below-margin
  #2396 [board] buy  MAL-01 for 9 P               value   -2.0 (cards +9.0, cash -9.0, fee -2) need ≥3.0 → below-margin
  #2397 [board] buy  MAL-02 for 4 P               value   -3.8 (cards +2.3, cash -4.0, fee -2) need ≥3.0 → below-margin
  #2518 [board] buy  LAV-03 for 7 P               value   -4.0 (cards +5.0, cash -7.0, fee -2) need ≥3.0 → below-margin
  #2371 [board] buy  MAL-02 for 5 P               value   -4.8 (cards +2.3, cash -5.0, fee -2) need ≥3.0 → below-margin
  #2460 [board] buy  LAV-03 for 8 P               value   -5.0 (cards +5.0, cash -8.0, fee -2) need ≥3.0 → below-margin
  #2466 [board] buy  LAV-04 for 8 P               value   -5.0 (cards +5.0, cash -8.0, fee -2) need ≥3.0 → below-margin
  #2485 [board] buy  LAV-02 for 9 P               value   -6.0 (cards +5.0, cash -9.0, fee -2) need ≥3.0 → below-margin
Accept: none
Cancels: none
Listings to post: 
  SELL SAL-07 (asset 438) at 27 P · floor 14 · ref 25.5 (settled uncommon n=2) · value +15.9 · new
  SELL LAT-04 (asset 393) at 10 P · floor 7 · ref 9 (settled common n=1) · value +6.2 · new
Bids to post: 
  BUY  MAL-10 at 28 P · cap 56 · ref 27 (best bid n=1) · value +32.0 · new
  BUY  LAV-06 at 7 P · cap 7 · ref 25.5 (settled uncommon n=2) · value +3.5 · new
Open offers after: 4 · bid cash committed: 40 P
  note: 16 bids skipped by --max-spend budget: SAL-09@54 LAT-06@12 LAT-07@12 LAV-08@7 MAL-06@17 MAL-07@17 MAL-08@17 LAT-03@2 LAT-09@42 LAT-10@42 LAV-09@29 LAV-10@29 MAL-01@4 MAL-04@4 MAL-05@4 MAL-09@56
sent: post list SAL-07 @27
sent: post list LAT-04 @10
sent: post bid MAL-10 @28
sent: post bid LAV-06 @7
Trades plan · tick 149 · 46 offers read, 35 actionable, valued at our private values (fees included)
Settled team trades (feed): common n=2 median 8 · uncommon n=2 median 25.5
Top opportunities (value created if WE accept):
  #2399 [board] buy  MAL-04 for 8 P               value   -1.0 (cards +9.0, cash -8.0, fee -2) need ≥3.0 → below-margin
  #2462 [board] buy  MAL-04 for 8 P               value   -1.0 (cards +9.0, cash -8.0, fee -2) need ≥3.0 → below-margin
  #2465 [board] buy  MAL-05 for 8 P               value   -1.0 (cards +9.0, cash -8.0, fee -2) need ≥3.0 → below-margin
  #2396 [board] buy  MAL-01 for 9 P               value   -2.0 (cards +9.0, cash -9.0, fee -2) need ≥3.0 → below-margin
  #2397 [board] buy  MAL-02 for 4 P               value   -3.8 (cards +2.3, cash -4.0, fee -2) need ≥3.0 → below-margin
  #2518 [board] buy  LAV-03 for 7 P               value   -4.0 (cards +5.0, cash -7.0, fee -2) need ≥3.0 → below-margin
  #2371 [board] buy  MAL-02 for 5 P               value   -4.8 (cards +2.3, cash -5.0, fee -2) need ≥3.0 → below-margin
  #2551 [board] buy  MAL-02 for 5 P               value   -4.8 (cards +2.3, cash -5.0, fee -2) need ≥3.0 → below-margin
  #2460 [board] buy  LAV-03 for 8 P               value   -5.0 (cards +5.0, cash -8.0, fee -2) need ≥3.0 → below-margin
  #2466 [board] buy  LAV-04 for 8 P               value   -5.0 (cards +5.0, cash -8.0, fee -2) need ≥3.0 → below-margin
Accept: none
Cancels: none
Listings to post: none
Bids to post: none
Open offers after: 4 · bid cash committed: 40 P
  note: 16 bids skipped by --max-spend budget: SAL-09@54 LAT-06@12 LAT-07@12 LAV-08@7 MAL-06@17 MAL-07@17 MAL-08@17 LAT-03@2 LAT-09@42 LAT-10@42 LAV-09@29 LAV-10@29 MAL-01@4 MAL-04@4 MAL-05@4 MAL-09@56
Trades plan · tick 150 · 53 offers read, 35 actionable, valued at our private values (fees included)
Settled team trades (feed): common n=2 median 8 · uncommon n=2 median 25.5
Top opportunities (value created if WE accept):
  #2399 [board] buy  MAL-04 for 8 P               value   -1.0 (cards +9.0, cash -8.0, fee -2) need ≥3.0 → below-margin
  #2462 [board] buy  MAL-04 for 8 P               value   -1.0 (cards +9.0, cash -8.0, fee -2) need ≥3.0 → below-margin
  #2465 [board] buy  MAL-05 for 8 P               value   -1.0 (cards +9.0, cash -8.0, fee -2) need ≥3.0 → below-margin
  #2396 [board] buy  MAL-01 for 9 P               value   -2.0 (cards +9.0, cash -9.0, fee -2) need ≥3.0 → below-margin
  #2574 [board] buy  MAL-05 for 10 P              value   -3.0 (cards +9.0, cash -10.0, fee -2) need ≥3.0 → below-margin
  #2576 [board] buy  MAL-01 for 10 P              value   -3.0 (cards +9.0, cash -10.0, fee -2) need ≥3.0 → below-margin
  #2397 [board] buy  MAL-02 for 4 P               value   -3.8 (cards +2.3, cash -4.0, fee -2) need ≥3.0 → below-margin
  #2518 [board] buy  LAV-03 for 7 P               value   -4.0 (cards +5.0, cash -7.0, fee -2) need ≥3.0 → below-margin
  #2551 [board] buy  MAL-02 for 5 P               value   -4.8 (cards +2.3, cash -5.0, fee -2) need ≥3.0 → below-margin
  #2460 [board] buy  LAV-03 for 8 P               value   -5.0 (cards +5.0, cash -8.0, fee -2) need ≥3.0 → below-margin
Accept: none
Cancels: none
Listings to post: none
Bids to post: none
Open offers after: 4 · bid cash committed: 40 P
  note: 16 bids skipped by --max-spend budget: SAL-09@54 LAV-09@8 LAT-06@12 LAT-07@12 LAV-08@7 MAL-06@17 MAL-07@17 MAL-08@17 LAT-03@2 LAT-09@42 LAT-10@42 LAV-10@29 MAL-01@4 MAL-04@4 MAL-05@4 MAL-09@56
Trades plan · tick 151 · 53 offers read, 35 actionable, valued at our private values (fees included)
Settled team trades (feed): common n=2 median 8 · uncommon n=2 median 25.5
Top opportunities (value created if WE accept):
  #2462 [board] buy  MAL-04 for 8 P               value   -1.0 (cards +9.0, cash -8.0, fee -2) need ≥3.0 → below-margin
  #2465 [board] buy  MAL-05 for 8 P               value   -1.0 (cards +9.0, cash -8.0, fee -2) need ≥3.0 → below-margin
  #2574 [board] buy  MAL-05 for 10 P              value   -3.0 (cards +9.0, cash -10.0, fee -2) need ≥3.0 → below-margin
  #2576 [board] buy  MAL-01 for 10 P              value   -3.0 (cards +9.0, cash -10.0, fee -2) need ≥3.0 → below-margin
  #2518 [board] buy  LAV-03 for 7 P               value   -4.0 (cards +5.0, cash -7.0, fee -2) need ≥3.0 → below-margin
  #2551 [board] buy  MAL-02 for 5 P               value   -4.8 (cards +2.3, cash -5.0, fee -2) need ≥3.0 → below-margin
  #2460 [board] buy  LAV-03 for 8 P               value   -5.0 (cards +5.0, cash -8.0, fee -2) need ≥3.0 → below-margin
  #2466 [board] buy  LAV-04 for 8 P               value   -5.0 (cards +5.0, cash -8.0, fee -2) need ≥3.0 → below-margin
  #2485 [board] buy  LAV-02 for 9 P               value   -6.0 (cards +5.0, cash -9.0, fee -2) need ≥3.0 → below-margin
  #2536 [board] buy  LAT-01 for 6 P               value   -6.3 (cards +1.8, cash -6.0, fee -2) need ≥3.0 → below-margin
Accept: none
Cancels: none
Listings to post: none
Bids to post: none
Open offers after: 4 · bid cash committed: 40 P
  note: 16 bids skipped by --max-spend budget: SAL-09@54 LAV-09@22 LAT-06@12 LAT-07@12 LAV-08@7 MAL-06@17 MAL-07@17 MAL-08@17 LAT-03@2 LAT-09@42 LAT-10@42 LAV-10@29 MAL-01@4 MAL-04@4 MAL-05@4 MAL-09@56
Trades plan · tick 152 · 52 offers read, 38 actionable, valued at our private values (fees included)
Settled team trades (feed): common n=3 median 8 · uncommon n=2 median 25.5
Top opportunities (value created if WE accept):
  #2462 [board] buy  MAL-04 for 8 P               value   -1.0 (cards +9.0, cash -8.0, fee -2) need ≥3.0 → below-margin
  #2465 [board] buy  MAL-05 for 8 P               value   -1.0 (cards +9.0, cash -8.0, fee -2) need ≥3.0 → below-margin
  #2612 [board] buy  MAL-02 for 3 P               value   -2.8 (cards +2.3, cash -3.0, fee -2) need ≥3.0 → below-margin
  #2574 [board] buy  MAL-05 for 10 P              value   -3.0 (cards +9.0, cash -10.0, fee -2) need ≥3.0 → below-margin
  #2576 [board] buy  MAL-01 for 10 P              value   -3.0 (cards +9.0, cash -10.0, fee -2) need ≥3.0 → below-margin
  #2518 [board] buy  LAV-03 for 7 P               value   -4.0 (cards +5.0, cash -7.0, fee -2) need ≥3.0 → below-margin
  #2551 [board] buy  MAL-02 for 5 P               value   -4.8 (cards +2.3, cash -5.0, fee -2) need ≥3.0 → below-margin
  #2460 [board] buy  LAV-03 for 8 P               value   -5.0 (cards +5.0, cash -8.0, fee -2) need ≥3.0 → below-margin
  #2466 [board] buy  LAV-04 for 8 P               value   -5.0 (cards +5.0, cash -8.0, fee -2) need ≥3.0 → below-margin
  #2485 [board] buy  LAV-02 for 9 P               value   -6.0 (cards +5.0, cash -9.0, fee -2) need ≥3.0 → below-margin
Accept: none
Cancels: none
Listings to post: none
Bids to post: none
Open offers after: 4 · bid cash committed: 40 P
  note: 16 bids skipped by --max-spend budget: SAL-09@63 LAV-09@8 LAT-06@12 LAT-07@12 LAV-08@7 MAL-06@17 MAL-07@17 MAL-08@17 LAT-03@2 LAT-09@42 LAT-10@42 LAV-10@29 MAL-01@4 MAL-04@4 MAL-05@4 MAL-09@56
Trades plan · tick 153 · 51 offers read, 39 actionable, valued at our private values (fees included)
Settled team trades (feed): common n=3 median 8 · uncommon n=2 median 25.5
Top opportunities (value created if WE accept):
  #2633 [board] buy  MAL-04 for 7 P               value   +0.0 (cards +9.0, cash -7.0, fee -2) need ≥3.0 → below-margin
  #2462 [board] buy  MAL-04 for 8 P               value   -1.0 (cards +9.0, cash -8.0, fee -2) need ≥3.0 → below-margin
  #2465 [board] buy  MAL-05 for 8 P               value   -1.0 (cards +9.0, cash -8.0, fee -2) need ≥3.0 → below-margin
  #2629 [board] buy  MAL-01 for 9 P               value   -2.0 (cards +9.0, cash -9.0, fee -2) need ≥3.0 → below-margin
  #2612 [board] buy  MAL-02 for 3 P               value   -2.8 (cards +2.3, cash -3.0, fee -2) need ≥3.0 → below-margin
  #2632 [board] buy  MAL-02 for 3 P               value   -2.8 (cards +2.3, cash -3.0, fee -2) need ≥3.0 → below-margin
  #2574 [board] buy  MAL-05 for 10 P              value   -3.0 (cards +9.0, cash -10.0, fee -2) need ≥3.0 → below-margin
  #2576 [board] buy  MAL-01 for 10 P              value   -3.0 (cards +9.0, cash -10.0, fee -2) need ≥3.0 → below-margin
  #2518 [board] buy  LAV-03 for 7 P               value   -4.0 (cards +5.0, cash -7.0, fee -2) need ≥3.0 → below-margin
  #2551 [board] buy  MAL-02 for 5 P               value   -4.8 (cards +2.3, cash -5.0, fee -2) need ≥3.0 → below-margin
Accept: none
Cancels: none
Listings to post: none
Bids to post: none
Open offers after: 4 · bid cash committed: 40 P
  note: 16 bids skipped by --max-spend budget: SAL-09@63 LAV-09@8 LAV-10@21 LAT-06@12 LAT-07@12 LAV-08@7 MAL-06@17 MAL-07@17 MAL-08@17 LAT-03@2 LAT-09@42 LAT-10@42 MAL-01@4 MAL-04@4 MAL-05@4 MAL-09@56
Trades plan · tick 154 · 49 offers read, 37 actionable, valued at our private values (fees included)
Settled team trades (feed): common n=2 median 7.5 · uncommon n=1 median 28
Top opportunities (value created if WE accept):
  #2633 [board] buy  MAL-04 for 7 P               value   +0.0 (cards +9.0, cash -7.0, fee -2) need ≥3.0 → below-margin
  #2462 [board] buy  MAL-04 for 8 P               value   -1.0 (cards +9.0, cash -8.0, fee -2) need ≥3.0 → below-margin
  #2465 [board] buy  MAL-05 for 8 P               value   -1.0 (cards +9.0, cash -8.0, fee -2) need ≥3.0 → below-margin
  #2629 [board] buy  MAL-01 for 9 P               value   -2.0 (cards +9.0, cash -9.0, fee -2) need ≥3.0 → below-margin
  #2612 [board] buy  MAL-02 for 3 P               value   -2.8 (cards +2.3, cash -3.0, fee -2) need ≥3.0 → below-margin
  #2632 [board] buy  MAL-02 for 3 P               value   -2.8 (cards +2.3, cash -3.0, fee -2) need ≥3.0 → below-margin
  #2655 [board] buy  MAL-01 for 10 P              value   -3.0 (cards +9.0, cash -10.0, fee -2) need ≥3.0 → below-margin
  #2656 [board] buy  MAL-05 for 10 P              value   -3.0 (cards +9.0, cash -10.0, fee -2) need ≥3.0 → below-margin
  #2518 [board] buy  LAV-03 for 7 P               value   -4.0 (cards +5.0, cash -7.0, fee -2) need ≥3.0 → below-margin
  #2551 [board] buy  MAL-02 for 5 P               value   -4.8 (cards +2.3, cash -5.0, fee -2) need ≥3.0 → below-margin
Accept: none
Cancels: none
Listings to post: none
Bids to post: none
Open offers after: 4 · bid cash committed: 40 P
  note: 16 bids skipped by --max-spend budget: SAL-09@8 LAV-09@8 LAV-10@21 LAT-06@12 LAT-07@12 LAV-08@7 MAL-06@17 MAL-07@17 MAL-08@17 LAT-03@2 LAT-09@42 LAT-10@42 MAL-01@4 MAL-04@4 MAL-05@4 MAL-09@56
Trades plan · tick 155 · 52 offers read, 39 actionable, valued at our private values (fees included)
Settled team trades (feed): common n=2 median 7.5
Top opportunities (value created if WE accept):
  #2633 [board] buy  MAL-04 for 7 P               value   +0.0 (cards +9.0, cash -7.0, fee -2) need ≥3.0 → below-margin
  #2462 [board] buy  MAL-04 for 8 P               value   -1.0 (cards +9.0, cash -8.0, fee -2) need ≥3.0 → below-margin
  #2465 [board] buy  MAL-05 for 8 P               value   -1.0 (cards +9.0, cash -8.0, fee -2) need ≥3.0 → below-margin
  #2629 [board] buy  MAL-01 for 9 P               value   -2.0 (cards +9.0, cash -9.0, fee -2) need ≥3.0 → below-margin
  #2612 [board] buy  MAL-02 for 3 P               value   -2.8 (cards +2.3, cash -3.0, fee -2) need ≥3.0 → below-margin
  #2632 [board] buy  MAL-02 for 3 P               value   -2.8 (cards +2.3, cash -3.0, fee -2) need ≥3.0 → below-margin
  #2655 [board] buy  MAL-01 for 10 P              value   -3.0 (cards +9.0, cash -10.0, fee -2) need ≥3.0 → below-margin
  #2656 [board] buy  MAL-05 for 10 P              value   -3.0 (cards +9.0, cash -10.0, fee -2) need ≥3.0 → below-margin
  #2670 [board] buy  LAV-03 for 6 P               value   -3.0 (cards +5.0, cash -6.0, fee -2) need ≥3.0 → below-margin
  #2518 [board] buy  LAV-03 for 7 P               value   -4.0 (cards +5.0, cash -7.0, fee -2) need ≥3.0 → below-margin
Accept: none
Cancels: none
Listings to post: none
Bids to post: none
Open offers after: 4 · bid cash committed: 40 P
  note: 16 bids skipped by --max-spend budget: SAL-09@29 LAV-10@21 LAV-09@23 LAT-06@12 LAT-07@12 LAV-08@7 MAL-06@17 MAL-07@17 MAL-08@17 LAT-03@2 LAT-09@42 LAT-10@42 MAL-01@4 MAL-04@4 MAL-05@4 MAL-09@56

[killed]
