
> negotiation-ring@0.1.0 bazaar /Users/pablo/development/hackathon/negotiation-ring
> tsx src/bazaar/main.ts --safety 1.0 --max-spend 40 --max-deals 3 --max-threads 3

bazaar agent · dealer abuela · LIVE · max-spend 40 P (run and per hour) · max-deals 3 · max-threads 3 · safety 1 · trazas en /Users/pablo/development/hackathon/negotiation-ring/results/bazaar-live/2026-10-02
[tick 114] · open · thread 222 · buy:SAL-06
score 4.35 (neg -14.9 · mm 0 · duel 0 · ladder 0.022) rank 16
[tick 115] · counter · thread 222 · buy:SAL-06 · her 29 · ours 22 · rule anchor
score 4.3 (neg -14.9 · mm 0 · duel 0 · ladder 0.022) rank 15 ↑1
[tick 116] · counter · thread 222 · buy:SAL-06 · her 26 · ours 24 · rule adaptive
score 4.3 (neg -14.9 · mm 0 · duel 0 · ladder 0.022) rank 15
[tick 117] · accept · thread 222 · buy:SAL-06 · her 25 · ours 25 · rule ac-next
  patience: 2 msgs / 3 ticks until close · her replies 2 · steps: anchor 22 (her +3), step 2 → 24 (her +1)
score 4.3 (neg -14.9 · mm 0 · duel 0 · ladder 0.022) rank 15
[tick 118] · outcome · thread 222 · buy:SAL-06 · status deal
  patience: 2 msgs / 4 ticks until close · her replies 2 · steps: anchor 22 (her +3), step 2 → 24 (her +1)
SUMMARY thread 222 · abuela · buy SAL-06 · deal at ? · her 29→26→25 · ours 22→24 · our value 32.5 limit 32 · received SAL-06
  copies SAL-06×0 → SAL-06×1 · deals with abuela last hour 1 · ticks 114→118 (2026-10-02T20:18:46.974Z) · patience 2 msgs / 4 ticks until close
[tick 118] · open · thread 227 · buy:SAL-08
score 4.3 (neg -14.9 · mm 0 · duel 0 · ladder 0.035) rank 15
[tick 119] · counter · thread 227 · buy:SAL-08 · her 29 · ours 22 · rule anchor

[killed]
score 4.3 (neg -14.9 · mm 0 · duel 0 · ladder 0.035) rank 15
