::1 - - [02/Oct/2026 21:46:24] "GET /dashboard.html HTTP/1.1" 200 -
::1 - - [02/Oct/2026 21:46:24] "GET /data/snapshots.jsonl HTTP/1.1" 200 -
::1 - - [02/Oct/2026 21:46:24] "GET /data/snapshots.jsonl HTTP/1.1" 200 -
::1 - - [02/Oct/2026 21:51:24] "GET /dashboard.html HTTP/1.1" 200 -
::1 - - [02/Oct/2026 21:51:27] "GET /dashboard.html HTTP/1.1" 200 -
::1 - - [02/Oct/2026 21:51:27] "GET /dashboard.html HTTP/1.1" 200 -
::1 - - [02/Oct/2026 21:52:38] "GET /dashboard.html HTTP/1.1" 200 -
::1 - - [02/Oct/2026 21:52:38] "GET /data/snapshots.jsonl?_=1790970758594 HTTP/1.1" 200 -
::1 - - [02/Oct/2026 21:52:38] code 404, message File not found
::1 - - [02/Oct/2026 21:52:38] "GET /favicon.ico HTTP/1.1" 404 -
::1 - - [02/Oct/2026 21:52:43] "GET /data/snapshots.jsonl?_=1790970763596 HTTP/1.1" 200 -
::1 - - [02/Oct/2026 21:52:48] "GET /data/snapshots.jsonl?_=1790970768596 HTTP/1.1" 200 -
::1 - - [02/Oct/2026 21:52:53] "GET /data/snapshots.jsonl?_=1790970773596 HTTP/1.1" 200 -
::1 - - [02/Oct/2026 21:52:58] "GET /data/snapshots.jsonl?_=1790970778596 HTTP/1.1" 200 -
::1 - - [02/Oct/2026 21:53:03] "GET /data/snapshots.jsonl?_=1790970783596 HTTP/1.1" 200 -
::1 - - [02/Oct/2026 21:53:08] "GET /data/snapshots.jsonl?_=1790970788596 HTTP/1.1" 200 -
::1 - - [02/Oct/2026 21:53:13] "GET /data/snapshots.jsonl?_=1790970793595 HTTP/1.1" 200 -
::1 - - [02/Oct/2026 21:53:18] "GET /data/snapshots.jsonl?_=1790970798596 HTTP/1.1" 200 -
::1 - - [02/Oct/2026 21:53:23] "GET /data/snapshots.jsonl?_=1790970803596 HTTP/1.1" 200 -
::1 - - [02/Oct/2026 21:53:28] "GET /data/snapshots.jsonl?_=1790970808596 HTTP/1.1" 200 -
::1 - - [02/Oct/2026 21:53:33] "GET /data/snapshots.jsonl?_=1790970813596 HTTP/1.1" 200 -
::1 - - [02/Oct/2026 21:53:38] "GET /data/snapshots.jsonl?_=1790970818595 HTTP/1.1" 200 -
::1 - - [02/Oct/2026 21:53:43] "GET /data/snapshots.jsonl?_=1790970823597 HTTP/1.1" 200 -
::1 - - [02/Oct/2026 21:53:48] "GET /data/snapshots.jsonl?_=1790970828597 HTTP/1.1" 200 -
::1 - - [02/Oct/2026 21:53:53] "GET /data/snapshots.jsonl?_=1790970833596 HTTP/1.1" 200 -
::1 - - [02/Oct/2026 21:53:58] "GET /data/snapshots.jsonl?_=1790970838596 HTTP/1.1" 200 -
::1 - - [02/Oct/2026 21:54:03] "GET /data/snapshots.jsonl?_=1790970843596 HTTP/1.1" 200 -
::1 - - [02/Oct/2026 21:54:08] "GET /data/snapshots.jsonl?_=1790970848597 HTTP/1.1" 200 -
::1 - - [02/Oct/2026 21:54:13] "GET /data/snapshots.jsonl?_=1790970853596 HTTP/1.1" 200 -
::1 - - [02/Oct/2026 21:54:18] "GET /data/snapshots.jsonl?_=1790970858596 HTTP/1.1" 200 -
::1 - - [02/Oct/2026 21:54:23] "GET /data/snapshots.jsonl?_=1790970863597 HTTP/1.1" 200 -
::1 - - [02/Oct/2026 21:54:28] "GET /data/snapshots.jsonl?_=1790970868597 HTTP/1.1" 200 -
::1 - - [02/Oct/2026 21:54:33] "GET /data/snapshots.jsonl?_=1790970873597 HTTP/1.1" 200 -
::1 - - [02/Oct/2026 21:54:38] "GET /data/snapshots.jsonl?_=1790970878597 HTTP/1.1" 200 -
::1 - - [02/Oct/2026 21:54:43] "GET /data/snapshots.jsonl?_=1790970883597 HTTP/1.1" 200 -
::1 - - [02/Oct/2026 21:54:48] "GET /data/snapshots.jsonl?_=1790970888597 HTTP/1.1" 200 -
::1 - - [02/Oct/2026 21:54:53] "GET /data/snapshots.jsonl?_=1790970893596 HTTP/1.1" 200 -
::1 - - [02/Oct/2026 21:54:58] "GET /data/snapshots.jsonl?_=1790970898597 HTTP/1.1" 200 -
::1 - - [02/Oct/2026 21:55:03] "GET /data/snapshots.jsonl?_=1790970903597 HTTP/1.1" 200 -
::1 - - [02/Oct/2026 21:55:08] "GET /data/snapshots.jsonl?_=1790970908597 HTTP/1.1" 200 -
::1 - - [02/Oct/2026 21:55:13] "GET /data/snapshots.jsonl?_=1790970913597 HTTP/1.1" 200 -
::1 - - [02/Oct/2026 21:55:18] "GET /data/snapshots.jsonl?_=1790970918597 HTTP/1.1" 200 -
::1 - - [02/Oct/2026 21:55:23] "GET /data/snapshots.jsonl?_=1790970923597 HTTP/1.1" 200 -
::1 - - [02/Oct/2026 21:55:28] "GET /data/snapshots.jsonl?_=1790970928596 HTTP/1.1" 200 -
::1 - - [02/Oct/2026 21:55:33] "GET /data/snapshots.jsonl?_=1790970933597 HTTP/1.1" 200 -
::1 - - [02/Oct/2026 21:55:38] "GET /data/snapshots.jsonl?_=1790970938597 HTTP/1.1" 200 -
::1 - - [02/Oct/2026 21:55:43] "GET /data/snapshots.jsonl?_=1790970943598 HTTP/1.1" 200 -
::1 - - [02/Oct/2026 21:55:48] "GET /data/snapshots.jsonl?_=1790970948597 HTTP/1.1" 200 -
::1 - - [02/Oct/2026 21:55:53] "GET /data/snapshots.jsonl?_=1790970953598 HTTP/1.1" 200 -
::1 - - [02/Oct/2026 21:55:58] "GET /data/snapshots.jsonl?_=1790970958598 HTTP/1.1" 200 -
::1 - - [02/Oct/2026 21:56:03] "GET /data/snapshots.jsonl?_=1790970963597 HTTP/1.1" 200 -
::1 - - [02/Oct/2026 21:56:08] "GET /data/snapshots.jsonl?_=1790970968598 HTTP/1.1" 200 -
::1 - - [02/Oct/2026 21:56:13] "GET /data/snapshots.jsonl?_=1790970973597 HTTP/1.1" 200 -
::1 - - [02/Oct/2026 21:56:18] "GET /data/snapshots.jsonl?_=1790970978598 HTTP/1.1" 200 -
::1 - - [02/Oct/2026 21:56:23] "GET /data/snapshots.jsonl?_=1790970983597 HTTP/1.1" 200 -
::1 - - [02/Oct/2026 21:56:28] "GET /data/snapshots.jsonl?_=1790970988597 HTTP/1.1" 200 -
::1 - - [02/Oct/2026 21:56:33] "GET /data/snapshots.jsonl?_=1790970993598 HTTP/1.1" 200 -
::1 - - [02/Oct/2026 21:56:38] "GET /data/snapshots.jsonl?_=1790970998598 HTTP/1.1" 200 -
::1 - - [02/Oct/2026 21:56:43] "GET /data/snapshots.jsonl?_=1790971003597 HTTP/1.1" 200 -
::1 - - [02/Oct/2026 21:56:48] "GET /data/snapshots.jsonl?_=1790971008597 HTTP/1.1" 200 -
::1 - - [02/Oct/2026 21:56:53] "GET /data/snapshots.jsonl?_=1790971013598 HTTP/1.1" 200 -
::1 - - [02/Oct/2026 21:56:58] "GET /data/snapshots.jsonl?_=1790971018598 HTTP/1.1" 200 -
::1 - - [02/Oct/2026 21:57:03] "GET /data/snapshots.jsonl?_=1790971023598 HTTP/1.1" 200 -
::1 - - [02/Oct/2026 21:57:08] "GET /data/snapshots.jsonl?_=1790971028598 HTTP/1.1" 200 -
::1 - - [02/Oct/2026 21:57:13] "GET /data/snapshots.jsonl?_=1790971033598 HTTP/1.1" 200 -
::1 - - [02/Oct/2026 21:57:18] "GET /data/snapshots.jsonl?_=1790971038597 HTTP/1.1" 200 -
::1 - - [02/Oct/2026 21:57:23] "GET /data/snapshots.jsonl?_=1790971043598 HTTP/1.1" 200 -
::1 - - [02/Oct/2026 21:57:28] "GET /data/snapshots.jsonl?_=1790971048598 HTTP/1.1" 200 -
::1 - - [02/Oct/2026 21:57:33] "GET /data/snapshots.jsonl?_=1790971053598 HTTP/1.1" 200 -
::1 - - [02/Oct/2026 21:57:38] "GET /data/snapshots.jsonl?_=1790971058598 HTTP/1.1" 200 -
::1 - - [02/Oct/2026 21:57:43] "GET /data/snapshots.jsonl?_=1790971063598 HTTP/1.1" 200 -
::1 - - [02/Oct/2026 21:57:48] "GET /data/snapshots.jsonl?_=1790971068599 HTTP/1.1" 200 -
::1 - - [02/Oct/2026 21:57:53] "GET /data/snapshots.jsonl?_=1790971073598 HTTP/1.1" 200 -
::1 - - [02/Oct/2026 21:57:58] "GET /data/snapshots.jsonl?_=1790971078598 HTTP/1.1" 200 -
::1 - - [02/Oct/2026 21:58:03] "GET /data/snapshots.jsonl?_=1790971083597 HTTP/1.1" 200 -
::1 - - [02/Oct/2026 21:58:08] "GET /data/snapshots.jsonl?_=1790971088598 HTTP/1.1" 200 -
::1 - - [02/Oct/2026 21:58:13] "GET /data/snapshots.jsonl?_=1790971093598 HTTP/1.1" 200 -
::1 - - [02/Oct/2026 21:58:18] "GET /data/snapshots.jsonl?_=1790971098598 HTTP/1.1" 200 -
::1 - - [02/Oct/2026 21:58:23] "GET /data/snapshots.jsonl?_=1790971103598 HTTP/1.1" 200 -
::1 - - [02/Oct/2026 21:58:28] "GET /data/snapshots.jsonl?_=1790971108599 HTTP/1.1" 200 -
::1 - - [02/Oct/2026 21:58:33] "GET /data/snapshots.jsonl?_=1790971113599 HTTP/1.1" 200 -
::1 - - [02/Oct/2026 21:58:38] "GET /data/snapshots.jsonl?_=1790971118597 HTTP/1.1" 200 -
::1 - - [02/Oct/2026 21:58:43] "GET /data/snapshots.jsonl?_=1790971123598 HTTP/1.1" 200 -
::1 - - [02/Oct/2026 21:58:48] "GET /data/snapshots.jsonl?_=1790971128599 HTTP/1.1" 200 -
::1 - - [02/Oct/2026 21:58:53] "GET /data/snapshots.jsonl?_=1790971133598 HTTP/1.1" 200 -
::1 - - [02/Oct/2026 21:58:58] "GET /data/snapshots.jsonl?_=1790971138599 HTTP/1.1" 200 -
::1 - - [02/Oct/2026 21:59:03] "GET /data/snapshots.jsonl?_=1790971143599 HTTP/1.1" 200 -
::1 - - [02/Oct/2026 21:59:08] "GET /data/snapshots.jsonl?_=1790971148599 HTTP/1.1" 200 -
::1 - - [02/Oct/2026 21:59:13] "GET /data/snapshots.jsonl?_=1790971153598 HTTP/1.1" 200 -
::1 - - [02/Oct/2026 21:59:18] "GET /data/snapshots.jsonl?_=1790971158599 HTTP/1.1" 200 -
::1 - - [02/Oct/2026 21:59:23] "GET /data/snapshots.jsonl?_=1790971163599 HTTP/1.1" 200 -
::1 - - [02/Oct/2026 21:59:28] "GET /data/snapshots.jsonl?_=1790971168599 HTTP/1.1" 200 -
::1 - - [02/Oct/2026 21:59:33] "GET /data/snapshots.jsonl?_=1790971173599 HTTP/1.1" 200 -
::1 - - [02/Oct/2026 21:59:38] "GET /data/snapshots.jsonl?_=1790971178599 HTTP/1.1" 200 -
::1 - - [02/Oct/2026 21:59:43] "GET /data/snapshots.jsonl?_=1790971183599 HTTP/1.1" 200 -
::1 - - [02/Oct/2026 21:59:48] "GET /data/snapshots.jsonl?_=1790971188599 HTTP/1.1" 200 -
::1 - - [02/Oct/2026 21:59:53] "GET /data/snapshots.jsonl?_=1790971193600 HTTP/1.1" 200 -
::1 - - [02/Oct/2026 21:59:58] "GET /data/snapshots.jsonl?_=1790971198599 HTTP/1.1" 200 -
::1 - - [02/Oct/2026 22:00:03] "GET /data/snapshots.jsonl?_=1790971203599 HTTP/1.1" 200 -
::1 - - [02/Oct/2026 22:00:08] "GET /data/snapshots.jsonl?_=1790971208599 HTTP/1.1" 200 -
::1 - - [02/Oct/2026 22:00:13] "GET /data/snapshots.jsonl?_=1790971213600 HTTP/1.1" 200 -
::1 - - [02/Oct/2026 22:00:18] "GET /data/snapshots.jsonl?_=1790971218600 HTTP/1.1" 200 -
::1 - - [02/Oct/2026 22:00:23] "GET /data/snapshots.jsonl?_=1790971223599 HTTP/1.1" 200 -
::1 - - [02/Oct/2026 22:00:28] "GET /data/snapshots.jsonl?_=1790971228600 HTTP/1.1" 200 -
::1 - - [02/Oct/2026 22:00:33] "GET /data/snapshots.jsonl?_=1790971233599 HTTP/1.1" 200 -
::1 - - [02/Oct/2026 22:00:38] "GET /data/snapshots.jsonl?_=1790971238600 HTTP/1.1" 200 -
::1 - - [02/Oct/2026 22:00:43] "GET /data/snapshots.jsonl?_=1790971243600 HTTP/1.1" 200 -
::1 - - [02/Oct/2026 22:00:48] "GET /data/snapshots.jsonl?_=1790971248600 HTTP/1.1" 200 -
::1 - - [02/Oct/2026 22:00:53] "GET /data/snapshots.jsonl?_=1790971253599 HTTP/1.1" 200 -
::1 - - [02/Oct/2026 22:00:58] "GET /data/snapshots.jsonl?_=1790971258599 HTTP/1.1" 200 -
::1 - - [02/Oct/2026 22:01:03] "GET /data/snapshots.jsonl?_=1790971263599 HTTP/1.1" 200 -
::1 - - [02/Oct/2026 22:01:08] "GET /data/snapshots.jsonl?_=1790971268600 HTTP/1.1" 200 -
::1 - - [02/Oct/2026 22:01:13] "GET /data/snapshots.jsonl?_=1790971273599 HTTP/1.1" 200 -
::1 - - [02/Oct/2026 22:01:18] "GET /data/snapshots.jsonl?_=1790971278599 HTTP/1.1" 200 -
::1 - - [02/Oct/2026 22:01:23] "GET /data/snapshots.jsonl?_=1790971283600 HTTP/1.1" 200 -
::1 - - [02/Oct/2026 22:01:28] "GET /data/snapshots.jsonl?_=1790971288600 HTTP/1.1" 200 -
::1 - - [02/Oct/2026 22:01:33] "GET /data/snapshots.jsonl?_=1790971293600 HTTP/1.1" 200 -
::1 - - [02/Oct/2026 22:01:38] "GET /data/snapshots.jsonl?_=1790971298600 HTTP/1.1" 200 -
::1 - - [02/Oct/2026 22:01:43] "GET /data/snapshots.jsonl?_=1790971303600 HTTP/1.1" 200 -
::1 - - [02/Oct/2026 22:01:48] "GET /data/snapshots.jsonl?_=1790971308600 HTTP/1.1" 200 -
::1 - - [02/Oct/2026 22:01:53] "GET /data/snapshots.jsonl?_=1790971313600 HTTP/1.1" 200 -
::1 - - [02/Oct/2026 22:01:58] "GET /data/snapshots.jsonl?_=1790971318600 HTTP/1.1" 200 -
::1 - - [02/Oct/2026 22:02:03] "GET /data/snapshots.jsonl?_=1790971323599 HTTP/1.1" 200 -
::1 - - [02/Oct/2026 22:02:08] "GET /data/snapshots.jsonl?_=1790971328600 HTTP/1.1" 200 -
::1 - - [02/Oct/2026 22:02:13] "GET /data/snapshots.jsonl?_=1790971333600 HTTP/1.1" 200 -
::1 - - [02/Oct/2026 22:02:18] "GET /data/snapshots.jsonl?_=1790971338600 HTTP/1.1" 200 -
::1 - - [02/Oct/2026 22:02:23] "GET /data/snapshots.jsonl?_=1790971343599 HTTP/1.1" 200 -
::1 - - [02/Oct/2026 22:02:28] "GET /data/snapshots.jsonl?_=1790971348600 HTTP/1.1" 200 -
::1 - - [02/Oct/2026 22:02:33] "GET /data/snapshots.jsonl?_=1790971353601 HTTP/1.1" 200 -
::1 - - [02/Oct/2026 22:02:38] "GET /data/snapshots.jsonl?_=1790971358600 HTTP/1.1" 200 -
::1 - - [02/Oct/2026 22:02:43] "GET /data/snapshots.jsonl?_=1790971363600 HTTP/1.1" 200 -
::1 - - [02/Oct/2026 22:02:48] "GET /data/snapshots.jsonl?_=1790971368601 HTTP/1.1" 200 -
::1 - - [02/Oct/2026 22:02:53] "GET /data/snapshots.jsonl?_=1790971373601 HTTP/1.1" 200 -
::1 - - [02/Oct/2026 22:02:58] "GET /data/snapshots.jsonl?_=1790971378601 HTTP/1.1" 200 -
::1 - - [02/Oct/2026 22:03:03] "GET /data/snapshots.jsonl?_=1790971383600 HTTP/1.1" 200 -
::1 - - [02/Oct/2026 22:03:08] "GET /data/snapshots.jsonl?_=1790971388601 HTTP/1.1" 200 -
::1 - - [02/Oct/2026 22:03:13] "GET /data/snapshots.jsonl?_=1790971393602 HTTP/1.1" 200 -
::1 - - [02/Oct/2026 22:03:18] "GET /data/snapshots.jsonl?_=1790971398603 HTTP/1.1" 200 -
::1 - - [02/Oct/2026 22:03:23] "GET /data/snapshots.jsonl?_=1790971403602 HTTP/1.1" 200 -
::1 - - [02/Oct/2026 22:03:28] "GET /data/snapshots.jsonl?_=1790971408602 HTTP/1.1" 200 -
::1 - - [02/Oct/2026 22:03:33] "GET /data/snapshots.jsonl?_=1790971413603 HTTP/1.1" 200 -
::1 - - [02/Oct/2026 22:03:36] "GET /dashboard.html HTTP/1.1" 304 -
::1 - - [02/Oct/2026 22:03:36] "GET /data/snapshots.jsonl?_=1790971416790 HTTP/1.1" 200 -
::1 - - [02/Oct/2026 22:03:41] "GET /data/snapshots.jsonl?_=1790971421791 HTTP/1.1" 200 -
::1 - - [02/Oct/2026 22:03:46] "GET /data/snapshots.jsonl?_=1790971426791 HTTP/1.1" 200 -
::1 - - [02/Oct/2026 22:03:51] "GET /data/snapshots.jsonl?_=1790971431792 HTTP/1.1" 200 -
::1 - - [02/Oct/2026 22:03:56] "GET /data/snapshots.jsonl?_=1790971436792 HTTP/1.1" 200 -
::1 - - [02/Oct/2026 22:04:01] "GET /data/snapshots.jsonl?_=1790971441792 HTTP/1.1" 200 -
::1 - - [02/Oct/2026 22:04:06] "GET /data/snapshots.jsonl?_=1790971446792 HTTP/1.1" 200 -
::1 - - [02/Oct/2026 22:04:11] "GET /data/snapshots.jsonl?_=1790971451792 HTTP/1.1" 200 -
::1 - - [02/Oct/2026 22:04:16] "GET /data/snapshots.jsonl?_=1790971456791 HTTP/1.1" 200 -
::1 - - [02/Oct/2026 22:04:21] "GET /data/snapshots.jsonl?_=1790971461793 HTTP/1.1" 200 -
::1 - - [02/Oct/2026 22:04:26] "GET /data/snapshots.jsonl?_=1790971466793 HTTP/1.1" 200 -
::1 - - [02/Oct/2026 22:04:31] "GET /data/snapshots.jsonl?_=1790971471792 HTTP/1.1" 200 -
::1 - - [02/Oct/2026 22:04:36] "GET /data/snapshots.jsonl?_=1790971476793 HTTP/1.1" 200 -
::1 - - [02/Oct/2026 22:04:41] "GET /data/snapshots.jsonl?_=1790971481792 HTTP/1.1" 200 -
::1 - - [02/Oct/2026 22:04:43] "GET /dashboard.html HTTP/1.1" 200 -
::1 - - [02/Oct/2026 22:04:43] "GET /dashboard.html HTTP/1.1" 200 -
::1 - - [02/Oct/2026 22:04:43] "GET /data/snapshots.jsonl HTTP/1.1" 200 -
::1 - - [02/Oct/2026 22:04:46] "GET /data/snapshots.jsonl?_=1790971486792 HTTP/1.1" 200 -
::1 - - [02/Oct/2026 22:04:51] "GET /data/snapshots.jsonl?_=1790971491792 HTTP/1.1" 200 -
::1 - - [02/Oct/2026 22:04:56] "GET /data/snapshots.jsonl?_=1790971496792 HTTP/1.1" 200 -
::1 - - [02/Oct/2026 22:05:01] "GET /data/snapshots.jsonl?_=1790971501793 HTTP/1.1" 200 -
::1 - - [02/Oct/2026 22:05:06] "GET /data/snapshots.jsonl?_=1790971506792 HTTP/1.1" 200 -
::1 - - [02/Oct/2026 22:05:11] "GET /data/snapshots.jsonl?_=1790971511793 HTTP/1.1" 200 -
::1 - - [02/Oct/2026 22:05:16] "GET /data/snapshots.jsonl?_=1790971516792 HTTP/1.1" 200 -
::1 - - [02/Oct/2026 22:05:21] "GET /data/snapshots.jsonl?_=1790971521793 HTTP/1.1" 200 -
::1 - - [02/Oct/2026 22:05:26] "GET /data/snapshots.jsonl?_=1790971526793 HTTP/1.1" 200 -
::1 - - [02/Oct/2026 22:05:31] "GET /data/snapshots.jsonl?_=1790971531793 HTTP/1.1" 200 -
::1 - - [02/Oct/2026 22:05:36] "GET /data/snapshots.jsonl?_=1790971536793 HTTP/1.1" 200 -
::1 - - [02/Oct/2026 22:05:41] "GET /data/snapshots.jsonl?_=1790971541793 HTTP/1.1" 200 -
::1 - - [02/Oct/2026 22:05:46] "GET /data/snapshots.jsonl?_=1790971546793 HTTP/1.1" 200 -
::1 - - [02/Oct/2026 22:05:51] "GET /data/snapshots.jsonl?_=1790971551793 HTTP/1.1" 200 -
::1 - - [02/Oct/2026 22:05:56] "GET /data/snapshots.jsonl?_=1790971556793 HTTP/1.1" 200 -
::1 - - [02/Oct/2026 22:06:01] "GET /data/snapshots.jsonl?_=1790971561793 HTTP/1.1" 200 -
::1 - - [02/Oct/2026 22:06:06] "GET /data/snapshots.jsonl?_=1790971566793 HTTP/1.1" 200 -
::1 - - [02/Oct/2026 22:06:11] "GET /data/snapshots.jsonl?_=1790971571793 HTTP/1.1" 200 -
::1 - - [02/Oct/2026 22:06:16] "GET /data/snapshots.jsonl?_=1790971576793 HTTP/1.1" 200 -
::1 - - [02/Oct/2026 22:06:21] "GET /data/snapshots.jsonl?_=1790971581793 HTTP/1.1" 200 -
::1 - - [02/Oct/2026 22:06:26] "GET /data/snapshots.jsonl?_=1790971586792 HTTP/1.1" 200 -
::1 - - [02/Oct/2026 22:06:31] "GET /data/snapshots.jsonl?_=1790971591793 HTTP/1.1" 200 -
::1 - - [02/Oct/2026 22:06:36] "GET /data/snapshots.jsonl?_=1790971596794 HTTP/1.1" 200 -
::1 - - [02/Oct/2026 22:06:41] "GET /data/snapshots.jsonl?_=1790971601793 HTTP/1.1" 200 -
::1 - - [02/Oct/2026 22:06:46] "GET /data/snapshots.jsonl?_=1790971606794 HTTP/1.1" 200 -
::1 - - [02/Oct/2026 22:06:51] "GET /data/snapshots.jsonl?_=1790971611794 HTTP/1.1" 200 -
::1 - - [02/Oct/2026 22:06:56] "GET /data/snapshots.jsonl?_=1790971616794 HTTP/1.1" 200 -
::1 - - [02/Oct/2026 22:07:01] "GET /data/snapshots.jsonl?_=1790971621794 HTTP/1.1" 200 -
::1 - - [02/Oct/2026 22:07:06] "GET /data/snapshots.jsonl?_=1790971626793 HTTP/1.1" 200 -
::1 - - [02/Oct/2026 22:07:11] "GET /data/snapshots.jsonl?_=1790971631794 HTTP/1.1" 200 -
::1 - - [02/Oct/2026 22:07:16] "GET /data/snapshots.jsonl?_=1790971636794 HTTP/1.1" 200 -
::1 - - [02/Oct/2026 22:07:21] "GET /data/snapshots.jsonl?_=1790971641794 HTTP/1.1" 200 -
::1 - - [02/Oct/2026 22:07:26] "GET /data/snapshots.jsonl?_=1790971646794 HTTP/1.1" 200 -
::1 - - [02/Oct/2026 22:07:31] "GET /data/snapshots.jsonl?_=1790971651794 HTTP/1.1" 200 -
::1 - - [02/Oct/2026 22:07:36] "GET /data/snapshots.jsonl?_=1790971656794 HTTP/1.1" 200 -
::1 - - [02/Oct/2026 22:07:41] "GET /data/snapshots.jsonl?_=1790971661794 HTTP/1.1" 200 -
::1 - - [02/Oct/2026 22:07:46] "GET /data/snapshots.jsonl?_=1790971666794 HTTP/1.1" 200 -
::1 - - [02/Oct/2026 22:07:48] "GET /dashboard.html HTTP/1.1" 200 -
::1 - - [02/Oct/2026 22:07:48] "GET /data/snapshots.jsonl?_=1790971668174 HTTP/1.1" 200 -
::1 - - [02/Oct/2026 22:07:53] "GET /data/snapshots.jsonl?_=1790971673176 HTTP/1.1" 200 -
::1 - - [02/Oct/2026 22:07:58] "GET /data/snapshots.jsonl?_=1790971678176 HTTP/1.1" 200 -
::1 - - [02/Oct/2026 22:08:03] "GET /data/snapshots.jsonl?_=1790971683176 HTTP/1.1" 200 -
::1 - - [02/Oct/2026 22:08:08] "GET /data/snapshots.jsonl?_=1790971688176 HTTP/1.1" 200 -
::1 - - [02/Oct/2026 22:08:13] "GET /data/snapshots.jsonl?_=1790971693176 HTTP/1.1" 200 -
::1 - - [02/Oct/2026 22:08:18] "GET /data/snapshots.jsonl?_=1790971698175 HTTP/1.1" 200 -
::1 - - [02/Oct/2026 22:08:23] "GET /data/snapshots.jsonl?_=1790971703176 HTTP/1.1" 200 -
::1 - - [02/Oct/2026 22:08:28] "GET /data/snapshots.jsonl?_=1790971708176 HTTP/1.1" 200 -
::1 - - [02/Oct/2026 22:08:33] "GET /data/snapshots.jsonl?_=1790971713176 HTTP/1.1" 200 -
::1 - - [02/Oct/2026 22:08:38] "GET /data/snapshots.jsonl?_=1790971718176 HTTP/1.1" 200 -
::1 - - [02/Oct/2026 22:08:43] "GET /data/snapshots.jsonl?_=1790971723176 HTTP/1.1" 200 -
::1 - - [02/Oct/2026 22:08:48] "GET /data/snapshots.jsonl?_=1790971728176 HTTP/1.1" 200 -
::1 - - [02/Oct/2026 22:08:53] "GET /data/snapshots.jsonl?_=1790971733176 HTTP/1.1" 200 -
::1 - - [02/Oct/2026 22:08:58] "GET /data/snapshots.jsonl?_=1790971738175 HTTP/1.1" 200 -
::1 - - [02/Oct/2026 22:09:03] "GET /data/snapshots.jsonl?_=1790971743177 HTTP/1.1" 200 -
::1 - - [02/Oct/2026 22:09:08] "GET /data/snapshots.jsonl?_=1790971748176 HTTP/1.1" 200 -
::1 - - [02/Oct/2026 22:09:13] "GET /data/snapshots.jsonl?_=1790971753177 HTTP/1.1" 200 -
::1 - - [02/Oct/2026 22:09:18] "GET /data/snapshots.jsonl?_=1790971758176 HTTP/1.1" 200 -
::1 - - [02/Oct/2026 22:09:23] "GET /data/snapshots.jsonl?_=1790971763176 HTTP/1.1" 200 -
::1 - - [02/Oct/2026 22:09:28] "GET /data/snapshots.jsonl?_=1790971768176 HTTP/1.1" 200 -
::1 - - [02/Oct/2026 22:09:33] "GET /data/snapshots.jsonl?_=1790971773176 HTTP/1.1" 200 -
::1 - - [02/Oct/2026 22:09:38] "GET /data/snapshots.jsonl?_=1790971778177 HTTP/1.1" 200 -
::1 - - [02/Oct/2026 22:09:43] "GET /data/snapshots.jsonl?_=1790971783176 HTTP/1.1" 200 -
::1 - - [02/Oct/2026 22:09:48] "GET /data/snapshots.jsonl?_=1790971788176 HTTP/1.1" 200 -
::1 - - [02/Oct/2026 22:09:53] "GET /data/snapshots.jsonl?_=1790971793177 HTTP/1.1" 200 -
::1 - - [02/Oct/2026 22:09:58] "GET /data/snapshots.jsonl?_=1790971798176 HTTP/1.1" 200 -
::1 - - [02/Oct/2026 22:10:03] "GET /data/snapshots.jsonl?_=1790971803177 HTTP/1.1" 200 -
::1 - - [02/Oct/2026 22:10:08] "GET /data/snapshots.jsonl?_=1790971808176 HTTP/1.1" 200 -
::1 - - [02/Oct/2026 22:10:13] "GET /data/snapshots.jsonl?_=1790971813177 HTTP/1.1" 200 -
::1 - - [02/Oct/2026 22:10:18] "GET /data/snapshots.jsonl?_=1790971818176 HTTP/1.1" 200 -
::1 - - [02/Oct/2026 22:10:21] "GET /dashboard.html HTTP/1.1" 200 -
::1 - - [02/Oct/2026 22:10:21] "GET /data/feed_backfill.jsonl HTTP/1.1" 200 -
::1 - - [02/Oct/2026 22:10:21] "GET /data/feed_backfill.jsonl HTTP/1.1" 200 -
::1 - - [02/Oct/2026 22:10:23] "GET /data/snapshots.jsonl?_=1790971823177 HTTP/1.1" 200 -
::1 - - [02/Oct/2026 22:10:28] "GET /data/snapshots.jsonl?_=1790971828177 HTTP/1.1" 200 -
::1 - - [02/Oct/2026 22:10:33] "GET /data/snapshots.jsonl?_=1790971833177 HTTP/1.1" 200 -
::1 - - [02/Oct/2026 22:10:38] "GET /data/snapshots.jsonl?_=1790971838177 HTTP/1.1" 200 -
::1 - - [02/Oct/2026 22:10:43] "GET /data/snapshots.jsonl?_=1790971843177 HTTP/1.1" 200 -
::1 - - [02/Oct/2026 22:10:48] "GET /data/snapshots.jsonl?_=1790971848177 HTTP/1.1" 200 -
::1 - - [02/Oct/2026 22:10:53] "GET /data/snapshots.jsonl?_=1790971853177 HTTP/1.1" 200 -
::1 - - [02/Oct/2026 22:10:58] "GET /data/snapshots.jsonl?_=1790971858177 HTTP/1.1" 200 -
::1 - - [02/Oct/2026 22:11:03] "GET /data/snapshots.jsonl?_=1790971863177 HTTP/1.1" 200 -
::1 - - [02/Oct/2026 22:11:08] "GET /data/snapshots.jsonl?_=1790971868176 HTTP/1.1" 200 -
::1 - - [02/Oct/2026 22:11:13] "GET /data/snapshots.jsonl?_=1790971873177 HTTP/1.1" 200 -
::1 - - [02/Oct/2026 22:11:18] "GET /data/snapshots.jsonl?_=1790971878177 HTTP/1.1" 200 -
::1 - - [02/Oct/2026 22:11:20] "GET /dashboard.html HTTP/1.1" 200 -
::1 - - [02/Oct/2026 22:11:20] "GET /data/feed_backfill.jsonl?_=1790971880825 HTTP/1.1" 200 -
::1 - - [02/Oct/2026 22:11:20] "GET /data/snapshots.jsonl?_=1790971880850 HTTP/1.1" 200 -
::1 - - [02/Oct/2026 22:11:25] "GET /data/snapshots.jsonl?_=1790971885851 HTTP/1.1" 200 -
::1 - - [02/Oct/2026 22:11:30] "GET /data/snapshots.jsonl?_=1790971890851 HTTP/1.1" 200 -
::1 - - [02/Oct/2026 22:11:35] "GET /data/snapshots.jsonl?_=1790971895851 HTTP/1.1" 200 -
::1 - - [02/Oct/2026 22:11:40] "GET /data/snapshots.jsonl?_=1790971900852 HTTP/1.1" 200 -
::1 - - [02/Oct/2026 22:11:45] "GET /data/snapshots.jsonl?_=1790971905851 HTTP/1.1" 200 -
::1 - - [02/Oct/2026 22:11:50] "GET /data/snapshots.jsonl?_=1790971910852 HTTP/1.1" 200 -
::1 - - [02/Oct/2026 22:11:55] "GET /data/snapshots.jsonl?_=1790971915851 HTTP/1.1" 200 -
::1 - - [02/Oct/2026 22:12:00] "GET /data/snapshots.jsonl?_=1790971920852 HTTP/1.1" 200 -
::1 - - [02/Oct/2026 22:12:05] "GET /data/snapshots.jsonl?_=1790971925852 HTTP/1.1" 200 -
::1 - - [02/Oct/2026 22:12:10] "GET /data/snapshots.jsonl?_=1790971930851 HTTP/1.1" 200 -
::1 - - [02/Oct/2026 22:12:15] "GET /data/snapshots.jsonl?_=1790971935852 HTTP/1.1" 200 -
::1 - - [02/Oct/2026 22:12:20] "GET /data/snapshots.jsonl?_=1790971940852 HTTP/1.1" 200 -
::1 - - [02/Oct/2026 22:12:25] "GET /data/snapshots.jsonl?_=1790971945852 HTTP/1.1" 200 -
::1 - - [02/Oct/2026 22:12:30] "GET /data/snapshots.jsonl?_=1790971950851 HTTP/1.1" 200 -
::1 - - [02/Oct/2026 22:12:35] "GET /data/snapshots.jsonl?_=1790971955852 HTTP/1.1" 200 -
::1 - - [02/Oct/2026 22:12:40] "GET /data/snapshots.jsonl?_=1790971960852 HTTP/1.1" 200 -
::1 - - [02/Oct/2026 22:12:45] "GET /data/snapshots.jsonl?_=1790971965852 HTTP/1.1" 200 -
::1 - - [02/Oct/2026 22:12:50] "GET /data/snapshots.jsonl?_=1790971970852 HTTP/1.1" 200 -
::1 - - [02/Oct/2026 22:12:55] "GET /data/snapshots.jsonl?_=1790971975853 HTTP/1.1" 200 -
::1 - - [02/Oct/2026 22:13:00] "GET /data/snapshots.jsonl?_=1790971980851 HTTP/1.1" 200 -
::1 - - [02/Oct/2026 22:13:05] "GET /data/snapshots.jsonl?_=1790971985853 HTTP/1.1" 200 -
::1 - - [02/Oct/2026 22:13:10] "GET /data/snapshots.jsonl?_=1790971990853 HTTP/1.1" 200 -
::1 - - [02/Oct/2026 22:13:15] "GET /data/snapshots.jsonl?_=1790971995853 HTTP/1.1" 200 -
::1 - - [02/Oct/2026 22:13:20] "GET /data/snapshots.jsonl?_=1790972000852 HTTP/1.1" 200 -
::1 - - [02/Oct/2026 22:13:25] "GET /data/snapshots.jsonl?_=1790972005853 HTTP/1.1" 200 -
::1 - - [02/Oct/2026 22:13:30] "GET /data/snapshots.jsonl?_=1790972010852 HTTP/1.1" 200 -
::1 - - [02/Oct/2026 22:13:35] "GET /data/snapshots.jsonl?_=1790972015853 HTTP/1.1" 200 -
::1 - - [02/Oct/2026 22:13:40] "GET /data/snapshots.jsonl?_=1790972020853 HTTP/1.1" 200 -
::1 - - [02/Oct/2026 22:13:45] "GET /data/snapshots.jsonl?_=1790972025852 HTTP/1.1" 200 -
::1 - - [02/Oct/2026 22:13:50] "GET /data/snapshots.jsonl?_=1790972030853 HTTP/1.1" 200 -
::1 - - [02/Oct/2026 22:13:55] "GET /data/snapshots.jsonl?_=1790972035853 HTTP/1.1" 200 -
::1 - - [02/Oct/2026 22:14:00] "GET /data/snapshots.jsonl?_=1790972040853 HTTP/1.1" 200 -
::1 - - [02/Oct/2026 22:14:05] "GET /data/snapshots.jsonl?_=1790972045853 HTTP/1.1" 200 -
::1 - - [02/Oct/2026 22:14:10] "GET /data/snapshots.jsonl?_=1790972050853 HTTP/1.1" 200 -
::1 - - [02/Oct/2026 22:14:15] "GET /data/snapshots.jsonl?_=1790972055852 HTTP/1.1" 200 -
::1 - - [02/Oct/2026 22:14:20] "GET /data/snapshots.jsonl?_=1790972060853 HTTP/1.1" 200 -
::1 - - [02/Oct/2026 22:14:25] "GET /data/snapshots.jsonl?_=1790972065853 HTTP/1.1" 200 -
::1 - - [02/Oct/2026 22:14:30] "GET /data/snapshots.jsonl?_=1790972070853 HTTP/1.1" 200 -
::1 - - [02/Oct/2026 22:14:35] "GET /data/snapshots.jsonl?_=1790972075853 HTTP/1.1" 200 -
::1 - - [02/Oct/2026 22:14:40] "GET /data/snapshots.jsonl?_=1790972080853 HTTP/1.1" 200 -
::1 - - [02/Oct/2026 22:14:45] "GET /data/snapshots.jsonl?_=1790972085853 HTTP/1.1" 200 -
::1 - - [02/Oct/2026 22:14:50] "GET /data/snapshots.jsonl?_=1790972090853 HTTP/1.1" 200 -
::1 - - [02/Oct/2026 22:14:55] "GET /data/snapshots.jsonl?_=1790972095853 HTTP/1.1" 200 -
::1 - - [02/Oct/2026 22:15:00] "GET /data/snapshots.jsonl?_=1790972100853 HTTP/1.1" 200 -
::1 - - [02/Oct/2026 22:15:05] "GET /data/snapshots.jsonl?_=1790972105854 HTTP/1.1" 200 -
::1 - - [02/Oct/2026 22:15:10] "GET /data/snapshots.jsonl?_=1790972110853 HTTP/1.1" 200 -
::1 - - [02/Oct/2026 22:15:15] "GET /data/snapshots.jsonl?_=1790972115853 HTTP/1.1" 200 -
::1 - - [02/Oct/2026 22:15:20] "GET /data/snapshots.jsonl?_=1790972120854 HTTP/1.1" 200 -
::1 - - [02/Oct/2026 22:15:25] "GET /data/snapshots.jsonl?_=1790972125854 HTTP/1.1" 200 -
::1 - - [02/Oct/2026 22:15:30] "GET /data/snapshots.jsonl?_=1790972130854 HTTP/1.1" 200 -
::1 - - [02/Oct/2026 22:15:35] "GET /data/snapshots.jsonl?_=1790972135854 HTTP/1.1" 200 -
::1 - - [02/Oct/2026 22:15:40] "GET /data/snapshots.jsonl?_=1790972140854 HTTP/1.1" 200 -
::1 - - [02/Oct/2026 22:15:45] "GET /data/snapshots.jsonl?_=1790972145853 HTTP/1.1" 200 -
::1 - - [02/Oct/2026 22:15:50] "GET /data/snapshots.jsonl?_=1790972150854 HTTP/1.1" 200 -
::1 - - [02/Oct/2026 22:15:55] "GET /data/snapshots.jsonl?_=1790972155854 HTTP/1.1" 200 -
::1 - - [02/Oct/2026 22:16:00] "GET /data/snapshots.jsonl?_=1790972160854 HTTP/1.1" 200 -
::1 - - [02/Oct/2026 22:16:05] "GET /data/snapshots.jsonl?_=1790972165853 HTTP/1.1" 200 -
::1 - - [02/Oct/2026 22:16:10] "GET /data/snapshots.jsonl?_=1790972170854 HTTP/1.1" 200 -
::1 - - [02/Oct/2026 22:16:15] "GET /data/snapshots.jsonl?_=1790972175854 HTTP/1.1" 200 -
::1 - - [02/Oct/2026 22:16:20] "GET /data/snapshots.jsonl?_=1790972180854 HTTP/1.1" 200 -
::1 - - [02/Oct/2026 22:16:25] "GET /data/snapshots.jsonl?_=1790972185854 HTTP/1.1" 200 -
::1 - - [02/Oct/2026 22:16:30] "GET /data/snapshots.jsonl?_=1790972190854 HTTP/1.1" 200 -
::1 - - [02/Oct/2026 22:16:35] "GET /data/snapshots.jsonl?_=1790972195853 HTTP/1.1" 200 -
::1 - - [02/Oct/2026 22:16:40] "GET /data/snapshots.jsonl?_=1790972200854 HTTP/1.1" 200 -
::1 - - [02/Oct/2026 22:16:45] "GET /data/snapshots.jsonl?_=1790972205854 HTTP/1.1" 200 -
::1 - - [02/Oct/2026 22:16:50] "GET /data/snapshots.jsonl?_=1790972210855 HTTP/1.1" 200 -
::1 - - [02/Oct/2026 22:16:55] "GET /data/snapshots.jsonl?_=1790972215854 HTTP/1.1" 200 -
::1 - - [02/Oct/2026 22:17:00] "GET /data/snapshots.jsonl?_=1790972220854 HTTP/1.1" 200 -
::1 - - [02/Oct/2026 22:17:05] "GET /data/snapshots.jsonl?_=1790972225854 HTTP/1.1" 200 -
::1 - - [02/Oct/2026 22:17:10] "GET /data/snapshots.jsonl?_=1790972230854 HTTP/1.1" 200 -
::1 - - [02/Oct/2026 22:17:15] "GET /data/snapshots.jsonl?_=1790972235854 HTTP/1.1" 200 -
::1 - - [02/Oct/2026 22:17:20] "GET /data/snapshots.jsonl?_=1790972240854 HTTP/1.1" 200 -
::1 - - [02/Oct/2026 22:17:25] "GET /data/snapshots.jsonl?_=1790972245854 HTTP/1.1" 200 -
::1 - - [02/Oct/2026 22:17:30] "GET /data/snapshots.jsonl?_=1790972250855 HTTP/1.1" 200 -
::1 - - [02/Oct/2026 22:17:35] "GET /data/snapshots.jsonl?_=1790972255855 HTTP/1.1" 200 -
::1 - - [02/Oct/2026 22:17:40] "GET /dashboard.html HTTP/1.1" 304 -
::1 - - [02/Oct/2026 22:17:40] "GET /data/feed_backfill.jsonl?_=1790972260320 HTTP/1.1" 200 -
::1 - - [02/Oct/2026 22:17:40] "GET /data/snapshots.jsonl?_=1790972260345 HTTP/1.1" 200 -
::1 - - [02/Oct/2026 22:17:45] "GET /data/snapshots.jsonl?_=1790972265347 HTTP/1.1" 200 -
::1 - - [02/Oct/2026 22:17:50] "GET /data/snapshots.jsonl?_=1790972270347 HTTP/1.1" 200 -
::1 - - [02/Oct/2026 22:17:50] "GET /dashboard.html HTTP/1.1" 304 -
::1 - - [02/Oct/2026 22:17:50] "GET /data/feed_backfill.jsonl?_=1790972270839 HTTP/1.1" 200 -
::1 - - [02/Oct/2026 22:17:50] "GET /data/snapshots.jsonl?_=1790972270850 HTTP/1.1" 200 -
::1 - - [02/Oct/2026 22:17:55] "GET /data/snapshots.jsonl?_=1790972275851 HTTP/1.1" 200 -
::1 - - [02/Oct/2026 22:18:00] "GET /data/snapshots.jsonl?_=1790972280850 HTTP/1.1" 200 -
::1 - - [02/Oct/2026 22:18:04] "GET /dashboard.html HTTP/1.1" 304 -
::1 - - [02/Oct/2026 22:18:04] "GET /data/feed_backfill.jsonl?_=1790972284339 HTTP/1.1" 200 -
::1 - - [02/Oct/2026 22:18:04] "GET /data/snapshots.jsonl?_=1790972284349 HTTP/1.1" 200 -
::1 - - [02/Oct/2026 22:18:07] "GET /dashboard.html HTTP/1.1" 304 -
::1 - - [02/Oct/2026 22:18:07] "GET /data/feed_backfill.jsonl?_=1790972287052 HTTP/1.1" 200 -
::1 - - [02/Oct/2026 22:18:07] "GET /data/snapshots.jsonl?_=1790972287062 HTTP/1.1" 200 -
::1 - - [02/Oct/2026 22:18:12] "GET /data/snapshots.jsonl?_=1790972292063 HTTP/1.1" 200 -
::1 - - [02/Oct/2026 22:18:17] "GET /data/snapshots.jsonl?_=1790972297063 HTTP/1.1" 200 -
::1 - - [02/Oct/2026 22:18:22] "GET /data/snapshots.jsonl?_=1790972302063 HTTP/1.1" 200 -
::1 - - [02/Oct/2026 22:18:27] "GET /data/snapshots.jsonl?_=1790972307064 HTTP/1.1" 200 -
::1 - - [02/Oct/2026 22:18:32] "GET /data/snapshots.jsonl?_=1790972312064 HTTP/1.1" 200 -
::1 - - [02/Oct/2026 22:18:37] "GET /data/snapshots.jsonl?_=1790972317063 HTTP/1.1" 200 -
::1 - - [02/Oct/2026 22:18:42] "GET /data/snapshots.jsonl?_=1790972322734 HTTP/1.1" 200 -
::1 - - [02/Oct/2026 22:18:47] "GET /data/snapshots.jsonl?_=1790972327736 HTTP/1.1" 200 -
::1 - - [02/Oct/2026 22:18:52] "GET /data/snapshots.jsonl?_=1790972332736 HTTP/1.1" 200 -
::1 - - [02/Oct/2026 22:18:57] "GET /data/snapshots.jsonl?_=1790972337735 HTTP/1.1" 200 -
::1 - - [02/Oct/2026 22:19:02] "GET /data/snapshots.jsonl?_=1790972342740 HTTP/1.1" 200 -
::1 - - [02/Oct/2026 22:19:07] "GET /data/snapshots.jsonl?_=1790972347735 HTTP/1.1" 200 -
::1 - - [02/Oct/2026 22:19:12] "GET /data/snapshots.jsonl?_=1790972352735 HTTP/1.1" 200 -
::1 - - [02/Oct/2026 22:19:17] "GET /data/snapshots.jsonl?_=1790972357742 HTTP/1.1" 200 -
::1 - - [02/Oct/2026 22:19:22] "GET /data/snapshots.jsonl?_=1790972362736 HTTP/1.1" 200 -
::1 - - [02/Oct/2026 22:19:27] "GET /data/snapshots.jsonl?_=1790972367735 HTTP/1.1" 200 -
::1 - - [02/Oct/2026 22:19:32] "GET /data/snapshots.jsonl?_=1790972372740 HTTP/1.1" 200 -
::1 - - [02/Oct/2026 22:19:37] "GET /data/snapshots.jsonl?_=1790972377738 HTTP/1.1" 200 -
::1 - - [02/Oct/2026 22:20:24] "GET /data/snapshots.jsonl?_=1790972424735 HTTP/1.1" 200 -
::1 - - [02/Oct/2026 22:21:24] "GET /data/snapshots.jsonl?_=1790972484745 HTTP/1.1" 200 -
::1 - - [02/Oct/2026 22:22:24] "GET /data/snapshots.jsonl?_=1790972544740 HTTP/1.1" 200 -
::1 - - [02/Oct/2026 22:23:24] "GET /data/snapshots.jsonl?_=1790972604740 HTTP/1.1" 200 -
::1 - - [02/Oct/2026 22:24:25] "GET /data/snapshots.jsonl?_=1790972665447 HTTP/1.1" 200 -
2026-10-02T20:25:22Z Starting dashboard server on http://localhost:8787/dashboard.html
::1 - - [02/Oct/2026 22:25:24] "GET /data/snapshots.jsonl?_=1790972724739 HTTP/1.1" 200 -
::1 - - [02/Oct/2026 22:26:24] "GET /data/snapshots.jsonl?_=1790972784748 HTTP/1.1" 200 -
::1 - - [02/Oct/2026 22:26:58] "GET /dashboard.html HTTP/1.1" 200 -
::1 - - [02/Oct/2026 22:27:24] "GET /data/snapshots.jsonl?_=1790972844743 HTTP/1.1" 200 -
::1 - - [02/Oct/2026 22:28:20] "HEAD /dashboard.html HTTP/1.1" 200 -
2026-10-02T20:28:31Z Starting dashboard server on http://localhost:8787/dashboard.html
::1 - - [02/Oct/2026 22:29:03] "GET /dashboard.html HTTP/1.1" 200 -
::1 - - [02/Oct/2026 22:29:11] "GET /dashboard.html HTTP/1.1" 200 -
::1 - - [02/Oct/2026 22:29:24] "GET /data/snapshots.jsonl?_=1790972964737 HTTP/1.1" 200 -
::1 - - [02/Oct/2026 22:29:44] "GET /dashboard.html HTTP/1.1" 200 -
::1 - - [02/Oct/2026 22:30:24] "GET /data/snapshots.jsonl?_=1790973024739 HTTP/1.1" 200 -
::1 - - [02/Oct/2026 22:31:24] "GET /data/snapshots.jsonl?_=1790973084745 HTTP/1.1" 200 -
::1 - - [02/Oct/2026 22:32:24] "GET /data/snapshots.jsonl?_=1790973144740 HTTP/1.1" 200 -
::1 - - [02/Oct/2026 22:33:24] "GET /data/snapshots.jsonl?_=1790973204767 HTTP/1.1" 200 -
::1 - - [02/Oct/2026 22:34:24] "GET /data/snapshots.jsonl?_=1790973264757 HTTP/1.1" 200 -
::1 - - [02/Oct/2026 22:35:24] "GET /data/snapshots.jsonl?_=1790973324743 HTTP/1.1" 200 -
::1 - - [02/Oct/2026 22:36:24] "GET /data/snapshots.jsonl?_=1790973384745 HTTP/1.1" 200 -
::1 - - [02/Oct/2026 22:37:24] "GET /data/snapshots.jsonl?_=1790973444757 HTTP/1.1" 200 -
::1 - - [02/Oct/2026 22:38:24] "GET /data/snapshots.jsonl?_=1790973504744 HTTP/1.1" 200 -
::1 - - [02/Oct/2026 22:39:24] "GET /data/snapshots.jsonl?_=1790973564743 HTTP/1.1" 200 -
::1 - - [02/Oct/2026 22:40:24] "GET /data/snapshots.jsonl?_=1790973624745 HTTP/1.1" 200 -
::1 - - [02/Oct/2026 22:41:24] "GET /data/snapshots.jsonl?_=1790973684805 HTTP/1.1" 200 -
::1 - - [02/Oct/2026 22:42:24] "GET /data/snapshots.jsonl?_=1790973744751 HTTP/1.1" 200 -
::1 - - [02/Oct/2026 22:43:24] "GET /data/snapshots.jsonl?_=1790973804950 HTTP/1.1" 200 -
::1 - - [02/Oct/2026 22:44:24] "GET /data/snapshots.jsonl?_=1790973864746 HTTP/1.1" 200 -
::1 - - [02/Oct/2026 22:45:24] "GET /data/snapshots.jsonl?_=1790973924748 HTTP/1.1" 200 -
::1 - - [02/Oct/2026 22:46:24] "GET /data/snapshots.jsonl?_=1790973984748 HTTP/1.1" 200 -
::1 - - [02/Oct/2026 22:47:24] "GET /data/snapshots.jsonl?_=1790974044750 HTTP/1.1" 200 -
::1 - - [02/Oct/2026 22:48:24] "GET /data/snapshots.jsonl?_=1790974104748 HTTP/1.1" 200 -
::1 - - [02/Oct/2026 22:49:24] "GET /data/snapshots.jsonl?_=1790974164750 HTTP/1.1" 200 -
::1 - - [02/Oct/2026 22:50:24] "GET /data/snapshots.jsonl?_=1790974224750 HTTP/1.1" 200 -
::1 - - [02/Oct/2026 22:51:24] "GET /data/snapshots.jsonl?_=1790974284744 HTTP/1.1" 200 -
::1 - - [02/Oct/2026 22:52:24] "GET /data/snapshots.jsonl?_=1790974344776 HTTP/1.1" 200 -
::1 - - [02/Oct/2026 22:53:24] "GET /data/snapshots.jsonl?_=1790974404745 HTTP/1.1" 200 -
::1 - - [02/Oct/2026 22:54:24] "GET /data/snapshots.jsonl?_=1790974464746 HTTP/1.1" 200 -
::1 - - [02/Oct/2026 22:55:24] "GET /data/snapshots.jsonl?_=1790974524747 HTTP/1.1" 200 -
::1 - - [02/Oct/2026 22:56:24] "GET /data/snapshots.jsonl?_=1790974584749 HTTP/1.1" 200 -
::1 - - [02/Oct/2026 22:57:24] "GET /data/snapshots.jsonl?_=1790974644751 HTTP/1.1" 200 -
::1 - - [02/Oct/2026 22:58:24] "GET /data/snapshots.jsonl?_=1790974704749 HTTP/1.1" 200 -
::1 - - [02/Oct/2026 22:59:24] "GET /data/snapshots.jsonl?_=1790974764748 HTTP/1.1" 200 -
::1 - - [02/Oct/2026 23:00:24] "GET /data/snapshots.jsonl?_=1790974824749 HTTP/1.1" 200 -
::1 - - [02/Oct/2026 23:01:24] "GET /data/snapshots.jsonl?_=1790974884754 HTTP/1.1" 200 -
::1 - - [02/Oct/2026 23:13:16] "GET /data/snapshots.jsonl?_=1790975596745 HTTP/1.1" 200 -
::1 - - [02/Oct/2026 23:31:39] "GET /data/snapshots.jsonl?_=1790976699788 HTTP/1.1" 200 -
::1 - - [02/Oct/2026 23:32:39] "GET /data/snapshots.jsonl?_=1790976759783 HTTP/1.1" 200 -
::1 - - [02/Oct/2026 23:33:39] "GET /data/snapshots.jsonl?_=1790976819781 HTTP/1.1" 200 -
::1 - - [02/Oct/2026 23:34:39] "GET /data/snapshots.jsonl?_=1790976879776 HTTP/1.1" 200 -
::1 - - [02/Oct/2026 23:35:39] "GET /data/snapshots.jsonl?_=1790976939784 HTTP/1.1" 200 -
::1 - - [02/Oct/2026 23:36:39] "GET /data/snapshots.jsonl?_=1790976999775 HTTP/1.1" 200 -
::1 - - [02/Oct/2026 23:37:39] "GET /data/snapshots.jsonl?_=1790977059775 HTTP/1.1" 200 -
::1 - - [02/Oct/2026 23:38:39] "GET /data/snapshots.jsonl?_=1790977119774 HTTP/1.1" 200 -
::1 - - [02/Oct/2026 23:39:39] "GET /data/snapshots.jsonl?_=1790977179777 HTTP/1.1" 200 -
::1 - - [02/Oct/2026 23:40:39] "GET /data/snapshots.jsonl?_=1790977239775 HTTP/1.1" 200 -
::1 - - [02/Oct/2026 23:41:39] "GET /data/snapshots.jsonl?_=1790977299772 HTTP/1.1" 200 -
::1 - - [02/Oct/2026 23:42:39] "GET /data/snapshots.jsonl?_=1790977359773 HTTP/1.1" 200 -
::1 - - [02/Oct/2026 23:43:39] "GET /data/snapshots.jsonl?_=1790977419771 HTTP/1.1" 200 -
::1 - - [02/Oct/2026 23:44:39] "GET /data/snapshots.jsonl?_=1790977479774 HTTP/1.1" 200 -
::1 - - [02/Oct/2026 23:45:39] "GET /data/snapshots.jsonl?_=1790977539776 HTTP/1.1" 200 -
::1 - - [02/Oct/2026 23:46:39] "GET /data/snapshots.jsonl?_=1790977599776 HTTP/1.1" 200 -
::1 - - [02/Oct/2026 23:47:39] "GET /data/snapshots.jsonl?_=1790977659769 HTTP/1.1" 200 -
::1 - - [02/Oct/2026 23:48:39] "GET /data/snapshots.jsonl?_=1790977719770 HTTP/1.1" 200 -
