2026-10-02T19:44:54Z sniff.sh started pid=82904
2026-10-02T19:44:55Z cycle 2026-10-02T19:44:54Z: clock=OK(200) leaderboard=OK(200) dealers=OK(200) schedule=OK(200) levels=OK(200)
2026-10-02T19:45:05Z cycle 2026-10-02T19:45:05Z: clock=OK(200) leaderboard=OK(200) dealers=OK(200) schedule=OK(200) levels=OK(200)
2026-10-02T19:45:15Z cycle 2026-10-02T19:45:15Z: clock=OK(200) leaderboard=OK(200) dealers=OK(200) schedule=OK(200) levels=OK(200)
2026-10-02T19:45:26Z cycle 2026-10-02T19:45:25Z: clock=OK(200) leaderboard=OK(200) dealers=OK(200) schedule=OK(200) levels=OK(200)
2026-10-02T19:45:36Z cycle 2026-10-02T19:45:36Z: clock=OK(200) leaderboard=OK(200) dealers=OK(200) schedule=OK(200) levels=OK(200)
2026-10-02T19:45:47Z cycle 2026-10-02T19:45:46Z: clock=OK(200) leaderboard=OK(200) dealers=OK(200) schedule=OK(200) levels=OK(200)
2026-10-02T19:45:57Z cycle 2026-10-02T19:45:57Z: clock=OK(200) leaderboard=OK(200) dealers=OK(200) schedule=OK(200) levels=OK(200)
2026-10-02T19:46:07Z cycle 2026-10-02T19:46:07Z: clock=OK(200) leaderboard=OK(200) dealers=OK(200) schedule=OK(200) levels=OK(200)
2026-10-02T19:46:18Z cycle 2026-10-02T19:46:17Z: clock=OK(200) leaderboard=OK(200) dealers=OK(200) schedule=OK(200) levels=OK(200)
2026-10-02T19:46:29Z cycle 2026-10-02T19:46:28Z: clock=OK(200) leaderboard=OK(200) dealers=OK(200) schedule=OK(200) levels=OK(200)
2026-10-02T19:46:39Z cycle 2026-10-02T19:46:39Z: clock=OK(200) leaderboard=OK(200) dealers=OK(200) schedule=OK(200) levels=OK(200)
2026-10-02T19:46:50Z cycle 2026-10-02T19:46:49Z: clock=OK(200) leaderboard=OK(200) dealers=OK(200) schedule=OK(200) levels=OK(200)
2026-10-02T19:47:01Z cycle 2026-10-02T19:47:00Z: clock=OK(200) leaderboard=OK(200) dealers=OK(200) schedule=OK(200) levels=OK(200)
2026-10-02T19:47:11Z cycle 2026-10-02T19:47:11Z: clock=OK(200) leaderboard=OK(200) dealers=OK(200) schedule=OK(200) levels=OK(200)
2026-10-02T19:47:22Z cycle 2026-10-02T19:47:21Z: clock=OK(200) leaderboard=OK(200) dealers=OK(200) schedule=OK(200) levels=OK(200)
2026-10-02T19:47:33Z cycle 2026-10-02T19:47:32Z: clock=OK(200) leaderboard=OK(200) dealers=OK(200) schedule=OK(200) levels=OK(200)
2026-10-02T19:47:43Z cycle 2026-10-02T19:47:43Z: clock=OK(200) leaderboard=OK(200) dealers=OK(200) schedule=OK(200) levels=OK(200)
2026-10-02T19:47:54Z cycle 2026-10-02T19:47:53Z: clock=OK(200) leaderboard=OK(200) dealers=OK(200) schedule=OK(200) levels=OK(200)
2026-10-02T19:48:04Z cycle 2026-10-02T19:48:04Z: clock=OK(200) leaderboard=OK(200) dealers=OK(200) schedule=OK(200) levels=OK(200)
2026-10-02T19:48:15Z cycle 2026-10-02T19:48:14Z: clock=OK(200) leaderboard=OK(200) dealers=OK(200) schedule=OK(200) levels=OK(200)
2026-10-02T19:48:26Z cycle 2026-10-02T19:48:25Z: clock=OK(200) leaderboard=OK(200) dealers=OK(200) schedule=OK(200) levels=OK(200)
2026-10-02T19:48:36Z cycle 2026-10-02T19:48:36Z: clock=OK(200) leaderboard=OK(200) dealers=OK(200) schedule=OK(200) levels=OK(200)
2026-10-02T19:48:46Z cycle 2026-10-02T19:48:46Z: clock=OK(200) leaderboard=OK(200) dealers=OK(200) schedule=OK(200) levels=OK(200)
2026-10-02T19:48:57Z cycle 2026-10-02T19:48:56Z: clock=OK(200) leaderboard=OK(200) dealers=OK(200) schedule=OK(200) levels=OK(200)
2026-10-02T19:49:07Z cycle 2026-10-02T19:49:07Z: clock=OK(200) leaderboard=OK(200) dealers=OK(200) schedule=OK(200) levels=OK(200)
2026-10-02T19:49:17Z cycle 2026-10-02T19:49:17Z: clock=OK(200) leaderboard=OK(200) dealers=OK(200) schedule=OK(200) levels=OK(200)
2026-10-02T19:49:28Z cycle 2026-10-02T19:49:27Z: clock=OK(200) leaderboard=OK(200) dealers=OK(200) schedule=OK(200) levels=OK(200)
2026-10-02T19:49:38Z cycle 2026-10-02T19:49:38Z: clock=OK(200) leaderboard=OK(200) dealers=OK(200) schedule=OK(200) levels=OK(200)
2026-10-02T19:49:49Z cycle 2026-10-02T19:49:48Z: clock=OK(200) leaderboard=OK(200) dealers=OK(200) schedule=OK(200) levels=OK(200)
2026-10-02T19:49:59Z cycle 2026-10-02T19:49:59Z: clock=OK(200) leaderboard=OK(200) dealers=OK(200) schedule=OK(200) levels=OK(200)
2026-10-02T19:50:09Z cycle 2026-10-02T19:50:09Z: clock=OK(200) leaderboard=OK(200) dealers=OK(200) schedule=OK(200) levels=OK(200)
2026-10-02T19:50:20Z cycle 2026-10-02T19:50:19Z: clock=OK(200) leaderboard=OK(200) dealers=OK(200) schedule=OK(200) levels=OK(200)
2026-10-02T19:50:30Z cycle 2026-10-02T19:50:30Z: clock=OK(200) leaderboard=OK(200) dealers=OK(200) schedule=OK(200) levels=OK(200)
2026-10-02T19:50:40Z cycle 2026-10-02T19:50:40Z: clock=OK(200) leaderboard=OK(200) dealers=OK(200) schedule=OK(200) levels=OK(200)
2026-10-02T19:50:51Z cycle 2026-10-02T19:50:50Z: clock=OK(200) leaderboard=OK(200) dealers=OK(200) schedule=OK(200) levels=OK(200)
2026-10-02T19:51:01Z cycle 2026-10-02T19:51:01Z: clock=OK(200) leaderboard=OK(200) dealers=OK(200) schedule=OK(200) levels=OK(200)
2026-10-02T19:51:11Z cycle 2026-10-02T19:51:11Z: clock=OK(200) leaderboard=OK(200) dealers=OK(200) schedule=OK(200) levels=OK(200)
2026-10-02T19:51:22Z cycle 2026-10-02T19:51:21Z: clock=OK(200) leaderboard=OK(200) dealers=OK(200) schedule=OK(200) levels=OK(200)
2026-10-02T19:51:33Z cycle 2026-10-02T19:51:32Z: clock=OK(200) leaderboard=OK(200) dealers=OK(200) schedule=OK(200) levels=OK(200)
2026-10-02T19:51:43Z cycle 2026-10-02T19:51:43Z: clock=OK(200) leaderboard=OK(200) dealers=OK(200) schedule=OK(200) levels=OK(200)
2026-10-02T19:51:54Z cycle 2026-10-02T19:51:53Z: clock=OK(200) leaderboard=OK(200) dealers=OK(200) schedule=OK(200) levels=OK(200)
2026-10-02T19:52:05Z cycle 2026-10-02T19:52:04Z: clock=OK(200) leaderboard=OK(200) dealers=OK(200) schedule=OK(200) levels=OK(200)
2026-10-02T19:52:15Z cycle 2026-10-02T19:52:15Z: clock=OK(200) leaderboard=OK(200) dealers=OK(200) schedule=OK(200) levels=OK(200)
2026-10-02T19:52:25Z cycle 2026-10-02T19:52:25Z: clock=OK(200) leaderboard=OK(200) dealers=OK(200) schedule=OK(200) levels=OK(200)
2026-10-02T19:52:36Z cycle 2026-10-02T19:52:35Z: clock=OK(200) leaderboard=OK(200) dealers=OK(200) schedule=OK(200) levels=OK(200)
2026-10-02T19:52:46Z cycle 2026-10-02T19:52:46Z: clock=OK(200) leaderboard=OK(200) dealers=OK(200) schedule=OK(200) levels=OK(200)
2026-10-02T19:52:56Z cycle 2026-10-02T19:52:56Z: clock=OK(200) leaderboard=OK(200) dealers=OK(200) schedule=OK(200) levels=OK(200)
2026-10-02T19:53:07Z cycle 2026-10-02T19:53:06Z: clock=OK(200) leaderboard=OK(200) dealers=OK(200) schedule=OK(200) levels=OK(200)
2026-10-02T19:53:17Z cycle 2026-10-02T19:53:17Z: clock=OK(200) leaderboard=OK(200) dealers=OK(200) schedule=OK(200) levels=OK(200)
2026-10-02T19:53:28Z cycle 2026-10-02T19:53:27Z: clock=OK(200) leaderboard=OK(200) dealers=OK(200) schedule=OK(200) levels=OK(200)
2026-10-02T19:53:38Z cycle 2026-10-02T19:53:38Z: clock=OK(200) leaderboard=OK(200) dealers=OK(200) schedule=OK(200) levels=OK(200)
2026-10-02T19:53:48Z cycle 2026-10-02T19:53:48Z: clock=OK(200) leaderboard=OK(200) dealers=OK(200) schedule=OK(200) levels=OK(200)
2026-10-02T19:53:59Z cycle 2026-10-02T19:53:58Z: clock=OK(200) leaderboard=OK(200) dealers=OK(200) schedule=OK(200) levels=OK(200)
2026-10-02T19:54:09Z cycle 2026-10-02T19:54:09Z: clock=OK(200) leaderboard=OK(200) dealers=OK(200) schedule=OK(200) levels=OK(200)
2026-10-02T19:54:19Z cycle 2026-10-02T19:54:19Z: clock=OK(200) leaderboard=OK(200) dealers=OK(200) schedule=OK(200) levels=OK(200)
2026-10-02T19:54:30Z cycle 2026-10-02T19:54:29Z: clock=OK(200) leaderboard=OK(200) dealers=OK(200) schedule=OK(200) levels=OK(200)
2026-10-02T19:54:40Z cycle 2026-10-02T19:54:40Z: clock=OK(200) leaderboard=OK(200) dealers=OK(200) schedule=OK(200) levels=OK(200)
2026-10-02T19:54:50Z cycle 2026-10-02T19:54:50Z: clock=OK(200) leaderboard=OK(200) dealers=OK(200) schedule=OK(200) levels=OK(200)
2026-10-02T19:55:01Z cycle 2026-10-02T19:55:00Z: clock=OK(200) leaderboard=OK(200) dealers=OK(200) schedule=OK(200) levels=OK(200)
2026-10-02T19:55:11Z cycle 2026-10-02T19:55:11Z: clock=OK(200) leaderboard=OK(200) dealers=OK(200) schedule=OK(200) levels=OK(200)
2026-10-02T19:55:22Z cycle 2026-10-02T19:55:21Z: clock=OK(200) leaderboard=OK(200) dealers=OK(200) schedule=OK(200) levels=OK(200)
2026-10-02T19:55:32Z cycle 2026-10-02T19:55:32Z: clock=OK(200) leaderboard=OK(200) dealers=OK(200) schedule=OK(200) levels=OK(200)
2026-10-02T19:55:42Z cycle 2026-10-02T19:55:42Z: clock=OK(200) leaderboard=OK(200) dealers=OK(200) schedule=OK(200) levels=OK(200)
2026-10-02T19:55:53Z cycle 2026-10-02T19:55:52Z: clock=OK(200) leaderboard=OK(200) dealers=OK(200) schedule=OK(200) levels=OK(200)
2026-10-02T19:56:03Z cycle 2026-10-02T19:56:03Z: clock=OK(200) leaderboard=OK(200) dealers=OK(200) schedule=OK(200) levels=OK(200)
2026-10-02T19:56:13Z cycle 2026-10-02T19:56:13Z: clock=FAIL(502) leaderboard=FAIL(502) dealers=FAIL(502) schedule=FAIL(502) levels=FAIL(502)
2026-10-02T19:56:24Z cycle 2026-10-02T19:56:23Z: clock=FAIL(502) leaderboard=FAIL(502) dealers=FAIL(502) schedule=FAIL(502) levels=FAIL(502)
2026-10-02T19:56:35Z cycle 2026-10-02T19:56:34Z: clock=FAIL(502) leaderboard=FAIL(502) dealers=FAIL(502) schedule=FAIL(502) levels=FAIL(502)
2026-10-02T19:56:45Z cycle 2026-10-02T19:56:45Z: clock=OK(200) leaderboard=OK(200) dealers=OK(200) schedule=OK(200) levels=OK(200)
2026-10-02T19:56:56Z cycle 2026-10-02T19:56:55Z: clock=OK(200) leaderboard=OK(200) dealers=OK(200) schedule=OK(200) levels=OK(200)
2026-10-02T19:57:06Z cycle 2026-10-02T19:57:06Z: clock=OK(200) leaderboard=OK(200) dealers=OK(200) schedule=OK(200) levels=OK(200)
2026-10-02T19:57:17Z cycle 2026-10-02T19:57:16Z: clock=OK(200) leaderboard=OK(200) dealers=OK(200) schedule=OK(200) levels=OK(200)
2026-10-02T19:57:27Z cycle 2026-10-02T19:57:27Z: clock=OK(200) leaderboard=OK(200) dealers=OK(200) schedule=OK(200) levels=OK(200)
2026-10-02T19:57:37Z cycle 2026-10-02T19:57:37Z: clock=OK(200) leaderboard=OK(200) dealers=OK(200) schedule=OK(200) levels=OK(200)
2026-10-02T19:57:48Z cycle 2026-10-02T19:57:47Z: clock=OK(200) leaderboard=OK(200) dealers=OK(200) schedule=OK(200) levels=OK(200)
2026-10-02T19:57:59Z cycle 2026-10-02T19:57:58Z: clock=OK(200) leaderboard=OK(200) dealers=OK(200) schedule=OK(200) levels=OK(200)
2026-10-02T19:58:09Z cycle 2026-10-02T19:58:09Z: clock=OK(200) leaderboard=OK(200) dealers=OK(200) schedule=OK(200) levels=OK(200)
2026-10-02T19:58:19Z cycle 2026-10-02T19:58:19Z: clock=OK(200) leaderboard=OK(200) dealers=OK(200) schedule=OK(200) levels=OK(200)
2026-10-02T19:58:30Z cycle 2026-10-02T19:58:29Z: clock=OK(200) leaderboard=OK(200) dealers=OK(200) schedule=OK(200) levels=OK(200)
2026-10-02T19:58:40Z cycle 2026-10-02T19:58:40Z: clock=OK(200) leaderboard=OK(200) dealers=OK(200) schedule=OK(200) levels=OK(200)
2026-10-02T19:58:50Z cycle 2026-10-02T19:58:50Z: clock=OK(200) leaderboard=OK(200) dealers=OK(200) schedule=OK(200) levels=OK(200)
2026-10-02T19:59:01Z cycle 2026-10-02T19:59:00Z: clock=OK(200) leaderboard=OK(200) dealers=OK(200) schedule=OK(200) levels=OK(200)
2026-10-02T19:59:11Z cycle 2026-10-02T19:59:11Z: clock=OK(200) leaderboard=OK(200) dealers=OK(200) schedule=OK(200) levels=OK(200)
2026-10-02T19:59:22Z cycle 2026-10-02T19:59:21Z: clock=OK(200) leaderboard=OK(200) dealers=OK(200) schedule=OK(200) levels=OK(200)
2026-10-02T19:59:32Z cycle 2026-10-02T19:59:32Z: clock=OK(200) leaderboard=OK(200) dealers=OK(200) schedule=OK(200) levels=OK(200)
2026-10-02T19:59:42Z cycle 2026-10-02T19:59:42Z: clock=OK(200) leaderboard=OK(200) dealers=OK(200) schedule=OK(200) levels=OK(200)
2026-10-02T19:59:53Z cycle 2026-10-02T19:59:52Z: clock=OK(200) leaderboard=OK(200) dealers=OK(200) schedule=OK(200) levels=OK(200)
2026-10-02T20:00:03Z cycle 2026-10-02T20:00:03Z: clock=OK(200) leaderboard=OK(200) dealers=OK(200) schedule=OK(200) levels=OK(200)
2026-10-02T20:00:13Z cycle 2026-10-02T20:00:13Z: clock=OK(200) leaderboard=OK(200) dealers=OK(200) schedule=OK(200) levels=OK(200)
2026-10-02T20:00:24Z cycle 2026-10-02T20:00:23Z: clock=OK(200) leaderboard=OK(200) dealers=OK(200) schedule=OK(200) levels=OK(200)
2026-10-02T20:00:34Z cycle 2026-10-02T20:00:34Z: clock=OK(200) leaderboard=OK(200) dealers=OK(200) schedule=OK(200) levels=OK(200)
2026-10-02T20:00:45Z cycle 2026-10-02T20:00:44Z: clock=OK(200) leaderboard=OK(200) dealers=OK(200) schedule=OK(200) levels=OK(200)
2026-10-02T20:00:55Z cycle 2026-10-02T20:00:55Z: clock=OK(200) leaderboard=OK(200) dealers=OK(200) schedule=OK(200) levels=OK(200)
2026-10-02T20:01:05Z cycle 2026-10-02T20:01:05Z: clock=OK(200) leaderboard=OK(200) dealers=OK(200) schedule=OK(200) levels=OK(200)
2026-10-02T20:01:16Z cycle 2026-10-02T20:01:15Z: clock=OK(200) leaderboard=OK(200) dealers=OK(200) schedule=OK(200) levels=OK(200)
2026-10-02T20:01:26Z cycle 2026-10-02T20:01:26Z: clock=OK(200) leaderboard=OK(200) dealers=OK(200) schedule=OK(200) levels=OK(200)
2026-10-02T20:01:36Z cycle 2026-10-02T20:01:36Z: clock=OK(200) leaderboard=OK(200) dealers=OK(200) schedule=OK(200) levels=OK(200)
2026-10-02T20:01:47Z cycle 2026-10-02T20:01:46Z: clock=OK(200) leaderboard=OK(200) dealers=OK(200) schedule=OK(200) levels=OK(200)
2026-10-02T20:01:58Z cycle 2026-10-02T20:01:57Z: clock=OK(200) leaderboard=OK(200) dealers=OK(200) schedule=OK(200) levels=OK(200)
2026-10-02T20:02:08Z cycle 2026-10-02T20:02:08Z: clock=OK(200) leaderboard=OK(200) dealers=OK(200) schedule=OK(200) levels=OK(200)
2026-10-02T20:02:18Z cycle 2026-10-02T20:02:18Z: clock=OK(200) leaderboard=OK(200) dealers=OK(200) schedule=OK(200) levels=OK(200)
2026-10-02T20:02:29Z cycle 2026-10-02T20:02:29Z: clock=OK(200) leaderboard=OK(200) dealers=OK(200) schedule=OK(200) levels=OK(200)
2026-10-02T20:02:35Z sniff.sh started pid=30607
2026-10-02T20:02:35Z cycle 2026-10-02T20:02:35Z: clock=OK(200) leaderboard=OK(200) dealers=OK(200) schedule=OK(200) levels=OK(200) feed=OK(200) rastro_offers=OK(200)
2026-10-02T20:02:46Z cycle 2026-10-02T20:02:45Z: clock=OK(200) leaderboard=OK(200) dealers=OK(200) schedule=OK(200) levels=OK(200) feed=OK(200) rastro_offers=OK(200)
2026-10-02T20:02:56Z cycle 2026-10-02T20:02:56Z: clock=OK(200) leaderboard=OK(200) dealers=OK(200) schedule=OK(200) levels=OK(200) feed=OK(200) rastro_offers=OK(200)
2026-10-02T20:03:07Z cycle 2026-10-02T20:03:06Z: clock=OK(200) leaderboard=OK(200) dealers=OK(200) schedule=OK(200) levels=OK(200) feed=OK(200) rastro_offers=OK(200)
2026-10-02T20:03:17Z cycle 2026-10-02T20:03:17Z: clock=OK(200) leaderboard=OK(200) dealers=OK(200) schedule=OK(200) levels=OK(200) feed=OK(200) rastro_offers=OK(200)
2026-10-02T20:03:28Z cycle 2026-10-02T20:03:27Z: clock=OK(200) leaderboard=OK(200) dealers=OK(200) schedule=OK(200) levels=OK(200) feed=OK(200) rastro_offers=OK(200)
2026-10-02T20:03:38Z cycle 2026-10-02T20:03:38Z: clock=OK(200) leaderboard=OK(200) dealers=OK(200) schedule=OK(200) levels=OK(200) feed=OK(200) rastro_offers=OK(200)
2026-10-02T20:03:49Z cycle 2026-10-02T20:03:48Z: clock=OK(200) leaderboard=OK(200) dealers=OK(200) schedule=OK(200) levels=OK(200) feed=OK(200) rastro_offers=OK(200)
2026-10-02T20:03:59Z cycle 2026-10-02T20:03:59Z: clock=OK(200) leaderboard=OK(200) dealers=OK(200) schedule=OK(200) levels=OK(200) feed=OK(200) rastro_offers=OK(200)
2026-10-02T20:04:10Z cycle 2026-10-02T20:04:09Z: clock=OK(200) leaderboard=OK(200) dealers=OK(200) schedule=OK(200) levels=OK(200) feed=OK(200) rastro_offers=OK(200)
2026-10-02T20:04:20Z cycle 2026-10-02T20:04:20Z: clock=OK(200) leaderboard=OK(200) dealers=OK(200) schedule=OK(200) levels=OK(200) feed=OK(200) rastro_offers=OK(200)
2026-10-02T20:04:31Z cycle 2026-10-02T20:04:30Z: clock=OK(200) leaderboard=OK(200) dealers=OK(200) schedule=OK(200) levels=OK(200) feed=OK(200) rastro_offers=OK(200)
2026-10-02T20:04:42Z cycle 2026-10-02T20:04:41Z: clock=OK(200) leaderboard=OK(200) dealers=OK(200) schedule=OK(200) levels=OK(200) feed=OK(200) rastro_offers=OK(200)
2026-10-02T20:04:52Z cycle 2026-10-02T20:04:52Z: clock=OK(200) leaderboard=OK(200) dealers=OK(200) schedule=OK(200) levels=OK(200) feed=OK(200) rastro_offers=OK(200)
2026-10-02T20:05:03Z cycle 2026-10-02T20:05:02Z: clock=OK(200) leaderboard=OK(200) dealers=OK(200) schedule=OK(200) levels=OK(200) feed=OK(200) rastro_offers=OK(200)
2026-10-02T20:05:13Z cycle 2026-10-02T20:05:13Z: clock=OK(200) leaderboard=OK(200) dealers=OK(200) schedule=OK(200) levels=OK(200) feed=OK(200) rastro_offers=OK(200)
2026-10-02T20:05:24Z cycle 2026-10-02T20:05:23Z: clock=OK(200) leaderboard=OK(200) dealers=OK(200) schedule=OK(200) levels=OK(200) feed=OK(200) rastro_offers=OK(200)
2026-10-02T20:05:34Z cycle 2026-10-02T20:05:34Z: clock=OK(200) leaderboard=OK(200) dealers=OK(200) schedule=OK(200) levels=OK(200) feed=OK(200) rastro_offers=OK(200)
2026-10-02T20:05:45Z cycle 2026-10-02T20:05:44Z: clock=OK(200) leaderboard=OK(200) dealers=OK(200) schedule=OK(200) levels=OK(200) feed=OK(200) rastro_offers=OK(200)
2026-10-02T20:05:55Z cycle 2026-10-02T20:05:55Z: clock=OK(200) leaderboard=OK(200) dealers=OK(200) schedule=OK(200) levels=OK(200) feed=OK(200) rastro_offers=OK(200)
2026-10-02T20:06:06Z cycle 2026-10-02T20:06:05Z: clock=OK(200) leaderboard=OK(200) dealers=OK(200) schedule=OK(200) levels=OK(200) feed=OK(200) rastro_offers=OK(200)
2026-10-02T20:06:17Z cycle 2026-10-02T20:06:16Z: clock=OK(200) leaderboard=OK(200) dealers=OK(200) schedule=OK(200) levels=OK(200) feed=OK(200) rastro_offers=OK(200)
2026-10-02T20:06:27Z cycle 2026-10-02T20:06:27Z: clock=OK(200) leaderboard=OK(200) dealers=OK(200) schedule=OK(200) levels=OK(200) feed=OK(200) rastro_offers=OK(200)
2026-10-02T20:06:38Z cycle 2026-10-02T20:06:37Z: clock=OK(200) leaderboard=OK(200) dealers=OK(200) schedule=OK(200) levels=OK(200) feed=OK(200) rastro_offers=OK(200)
2026-10-02T20:06:48Z cycle 2026-10-02T20:06:48Z: clock=OK(200) leaderboard=OK(200) dealers=OK(200) schedule=OK(200) levels=OK(200) feed=OK(200) rastro_offers=OK(200)
2026-10-02T20:06:59Z cycle 2026-10-02T20:06:58Z: clock=OK(200) leaderboard=OK(200) dealers=OK(200) schedule=OK(200) levels=OK(200) feed=OK(200) rastro_offers=OK(200)
2026-10-02T20:07:09Z cycle 2026-10-02T20:07:09Z: clock=OK(200) leaderboard=OK(200) dealers=OK(200) schedule=OK(200) levels=OK(200) feed=OK(200) rastro_offers=OK(200)
2026-10-02T20:07:20Z cycle 2026-10-02T20:07:19Z: clock=OK(200) leaderboard=OK(200) dealers=OK(200) schedule=OK(200) levels=OK(200) feed=OK(200) rastro_offers=OK(200)
2026-10-02T20:07:30Z cycle 2026-10-02T20:07:30Z: clock=OK(200) leaderboard=OK(200) dealers=OK(200) schedule=OK(200) levels=OK(200) feed=OK(200) rastro_offers=OK(200)
2026-10-02T20:07:41Z cycle 2026-10-02T20:07:40Z: clock=OK(200) leaderboard=OK(200) dealers=OK(200) schedule=OK(200) levels=OK(200) feed=OK(200) rastro_offers=OK(200)
2026-10-02T20:07:52Z cycle 2026-10-02T20:07:51Z: clock=OK(200) leaderboard=OK(200) dealers=OK(200) schedule=OK(200) levels=OK(200) feed=OK(200) rastro_offers=OK(200)
2026-10-02T20:07:55Z sniff.sh started pid=68278
2026-10-02T20:07:55Z cycle 2026-10-02T20:07:55Z: clock=OK(200) leaderboard=OK(200) dealers=OK(200) schedule=OK(200) levels=OK(200) feed=OK(200) rastro_offers=OK(200)
2026-10-02T20:08:06Z cycle 2026-10-02T20:08:05Z: clock=OK(200) leaderboard=OK(200) dealers=OK(200) schedule=OK(200) levels=OK(200) feed=OK(200) rastro_offers=OK(200)
2026-10-02T20:08:16Z cycle 2026-10-02T20:08:16Z: clock=OK(200) leaderboard=OK(200) dealers=OK(200) schedule=OK(200) levels=OK(200) feed=OK(200) rastro_offers=OK(200)
2026-10-02T20:08:27Z cycle 2026-10-02T20:08:26Z: clock=OK(200) leaderboard=OK(200) dealers=OK(200) schedule=OK(200) levels=OK(200) feed=OK(200) rastro_offers=OK(200)
2026-10-02T20:08:38Z cycle 2026-10-02T20:08:37Z: clock=OK(200) leaderboard=OK(200) dealers=OK(200) schedule=OK(200) levels=OK(200) feed=OK(200) rastro_offers=OK(200)
2026-10-02T20:08:48Z cycle 2026-10-02T20:08:48Z: clock=OK(200) leaderboard=OK(200) dealers=OK(200) schedule=OK(200) levels=OK(200) feed=OK(200) rastro_offers=OK(200)
2026-10-02T20:08:59Z cycle 2026-10-02T20:08:58Z: clock=OK(200) leaderboard=OK(200) dealers=OK(200) schedule=OK(200) levels=OK(200) feed=OK(200) rastro_offers=OK(200)
2026-10-02T20:09:09Z cycle 2026-10-02T20:09:09Z: clock=OK(200) leaderboard=OK(200) dealers=OK(200) schedule=OK(200) levels=OK(200) feed=OK(200) rastro_offers=OK(200)
2026-10-02T20:09:20Z cycle 2026-10-02T20:09:19Z: clock=OK(200) leaderboard=OK(200) dealers=OK(200) schedule=OK(200) levels=OK(200) feed=OK(200) rastro_offers=OK(200)
2026-10-02T20:09:30Z cycle 2026-10-02T20:09:30Z: clock=OK(200) leaderboard=OK(200) dealers=OK(200) schedule=OK(200) levels=OK(200) feed=OK(200) rastro_offers=OK(200)
2026-10-02T20:09:41Z cycle 2026-10-02T20:09:40Z: clock=OK(200) leaderboard=OK(200) dealers=OK(200) schedule=OK(200) levels=OK(200) feed=OK(200) rastro_offers=OK(200)
2026-10-02T20:09:52Z cycle 2026-10-02T20:09:51Z: clock=OK(200) leaderboard=OK(200) dealers=OK(200) schedule=OK(200) levels=OK(200) feed=OK(200) rastro_offers=OK(200)
2026-10-02T20:10:02Z cycle 2026-10-02T20:10:02Z: clock=OK(200) leaderboard=OK(200) dealers=OK(200) schedule=OK(200) levels=OK(200) feed=OK(200) rastro_offers=OK(200)
2026-10-02T20:10:13Z cycle 2026-10-02T20:10:12Z: clock=OK(200) leaderboard=OK(200) dealers=OK(200) schedule=OK(200) levels=OK(200) feed=OK(200) rastro_offers=OK(200)
2026-10-02T20:10:24Z cycle 2026-10-02T20:10:23Z: clock=OK(200) leaderboard=OK(200) dealers=OK(200) schedule=OK(200) levels=OK(200) feed=OK(200) rastro_offers=OK(200)
2026-10-02T20:10:34Z cycle 2026-10-02T20:10:34Z: clock=OK(200) leaderboard=OK(200) dealers=OK(200) schedule=OK(200) levels=OK(200) feed=OK(200) rastro_offers=OK(200)
2026-10-02T20:10:45Z cycle 2026-10-02T20:10:44Z: clock=OK(200) leaderboard=OK(200) dealers=OK(200) schedule=OK(200) levels=OK(200) feed=OK(200) rastro_offers=OK(200)
2026-10-02T20:10:56Z cycle 2026-10-02T20:10:55Z: clock=OK(200) leaderboard=OK(200) dealers=OK(200) schedule=OK(200) levels=OK(200) feed=OK(200) rastro_offers=OK(200)
2026-10-02T20:11:06Z cycle 2026-10-02T20:11:06Z: clock=OK(200) leaderboard=OK(200) dealers=OK(200) schedule=OK(200) levels=OK(200) feed=OK(200) rastro_offers=OK(200)
2026-10-02T20:11:17Z cycle 2026-10-02T20:11:16Z: clock=OK(200) leaderboard=OK(200) dealers=OK(200) schedule=OK(200) levels=OK(200) feed=OK(200) rastro_offers=OK(200)
2026-10-02T20:11:27Z cycle 2026-10-02T20:11:27Z: clock=OK(200) leaderboard=OK(200) dealers=OK(200) schedule=OK(200) levels=OK(200) feed=OK(200) rastro_offers=OK(200)
2026-10-02T20:11:38Z cycle 2026-10-02T20:11:37Z: clock=OK(200) leaderboard=OK(200) dealers=OK(200) schedule=OK(200) levels=OK(200) feed=OK(200) rastro_offers=OK(200)
2026-10-02T20:11:48Z cycle 2026-10-02T20:11:48Z: clock=OK(200) leaderboard=OK(200) dealers=OK(200) schedule=OK(200) levels=OK(200) feed=OK(200) rastro_offers=OK(200)
2026-10-02T20:11:59Z cycle 2026-10-02T20:11:58Z: clock=OK(200) leaderboard=OK(200) dealers=OK(200) schedule=OK(200) levels=OK(200) feed=OK(200) rastro_offers=OK(200)
2026-10-02T20:12:10Z cycle 2026-10-02T20:12:09Z: clock=OK(200) leaderboard=OK(200) dealers=OK(200) schedule=OK(200) levels=OK(200) feed=OK(200) rastro_offers=OK(200)
2026-10-02T20:12:20Z cycle 2026-10-02T20:12:20Z: clock=OK(200) leaderboard=OK(200) dealers=OK(200) schedule=OK(200) levels=OK(200) feed=OK(200) rastro_offers=OK(200)
2026-10-02T20:12:31Z cycle 2026-10-02T20:12:30Z: clock=OK(200) leaderboard=OK(200) dealers=OK(200) schedule=OK(200) levels=OK(200) feed=OK(200) rastro_offers=OK(200)
2026-10-02T20:12:41Z cycle 2026-10-02T20:12:41Z: clock=OK(200) leaderboard=OK(200) dealers=OK(200) schedule=OK(200) levels=OK(200) feed=OK(200) rastro_offers=OK(200)
2026-10-02T20:12:52Z cycle 2026-10-02T20:12:51Z: clock=OK(200) leaderboard=OK(200) dealers=OK(200) schedule=OK(200) levels=OK(200) feed=OK(200) rastro_offers=OK(200)
2026-10-02T20:13:02Z cycle 2026-10-02T20:13:02Z: clock=OK(200) leaderboard=OK(200) dealers=OK(200) schedule=OK(200) levels=OK(200) feed=OK(200) rastro_offers=OK(200)
2026-10-02T20:13:13Z cycle 2026-10-02T20:13:12Z: clock=OK(200) leaderboard=OK(200) dealers=OK(200) schedule=OK(200) levels=OK(200) feed=OK(200) rastro_offers=OK(200)
2026-10-02T20:13:24Z cycle 2026-10-02T20:13:23Z: clock=OK(200) leaderboard=OK(200) dealers=OK(200) schedule=OK(200) levels=OK(200) feed=OK(200) rastro_offers=OK(200)
2026-10-02T20:13:35Z cycle 2026-10-02T20:13:34Z: clock=OK(200) leaderboard=OK(200) dealers=OK(200) schedule=OK(200) levels=OK(200) feed=OK(200) rastro_offers=OK(200)
2026-10-02T20:13:45Z cycle 2026-10-02T20:13:45Z: clock=OK(200) leaderboard=OK(200) dealers=OK(200) schedule=OK(200) levels=OK(200) feed=OK(200) rastro_offers=OK(200)
2026-10-02T20:13:56Z cycle 2026-10-02T20:13:55Z: clock=OK(200) leaderboard=OK(200) dealers=OK(200) schedule=OK(200) levels=OK(200) feed=OK(200) rastro_offers=OK(200)
2026-10-02T20:14:06Z cycle 2026-10-02T20:14:06Z: clock=OK(200) leaderboard=OK(200) dealers=OK(200) schedule=OK(200) levels=OK(200) feed=OK(200) rastro_offers=OK(200)
2026-10-02T20:14:17Z cycle 2026-10-02T20:14:16Z: clock=OK(200) leaderboard=OK(200) dealers=OK(200) schedule=OK(200) levels=OK(200) feed=OK(200) rastro_offers=OK(200)
2026-10-02T20:14:28Z cycle 2026-10-02T20:14:27Z: clock=OK(200) leaderboard=OK(200) dealers=OK(200) schedule=OK(200) levels=OK(200) feed=OK(200) rastro_offers=OK(200)
2026-10-02T20:14:39Z cycle 2026-10-02T20:14:38Z: clock=OK(200) leaderboard=OK(200) dealers=OK(200) schedule=OK(200) levels=OK(200) feed=OK(200) rastro_offers=OK(200)
2026-10-02T20:14:50Z cycle 2026-10-02T20:14:49Z: clock=OK(200) leaderboard=OK(200) dealers=OK(200) schedule=OK(200) levels=OK(200) feed=OK(200) rastro_offers=OK(200)
2026-10-02T20:15:00Z cycle 2026-10-02T20:15:00Z: clock=OK(200) leaderboard=OK(200) dealers=OK(200) schedule=OK(200) levels=OK(200) feed=OK(200) rastro_offers=OK(200)
2026-10-02T20:15:11Z cycle 2026-10-02T20:15:10Z: clock=OK(200) leaderboard=OK(200) dealers=OK(200) schedule=OK(200) levels=OK(200) feed=OK(200) rastro_offers=OK(200)
2026-10-02T20:15:21Z cycle 2026-10-02T20:15:21Z: clock=OK(200) leaderboard=OK(200) dealers=OK(200) schedule=OK(200) levels=OK(200) feed=OK(200) rastro_offers=OK(200)
2026-10-02T20:15:32Z cycle 2026-10-02T20:15:32Z: clock=OK(200) leaderboard=OK(200) dealers=OK(200) schedule=OK(200) levels=OK(200) feed=OK(200) rastro_offers=OK(200)
2026-10-02T20:15:43Z cycle 2026-10-02T20:15:42Z: clock=OK(200) leaderboard=OK(200) dealers=OK(200) schedule=OK(200) levels=OK(200) feed=OK(200) rastro_offers=OK(200)
2026-10-02T20:15:53Z cycle 2026-10-02T20:15:53Z: clock=OK(200) leaderboard=OK(200) dealers=OK(200) schedule=OK(200) levels=OK(200) feed=OK(200) rastro_offers=OK(200)
2026-10-02T20:16:04Z cycle 2026-10-02T20:16:03Z: clock=OK(200) leaderboard=OK(200) dealers=OK(200) schedule=OK(200) levels=OK(200) feed=OK(200) rastro_offers=OK(200)
2026-10-02T20:16:14Z cycle 2026-10-02T20:16:14Z: clock=OK(200) leaderboard=OK(200) dealers=OK(200) schedule=OK(200) levels=OK(200) feed=OK(200) rastro_offers=OK(200)
2026-10-02T20:16:25Z cycle 2026-10-02T20:16:24Z: clock=OK(200) leaderboard=OK(200) dealers=OK(200) schedule=OK(200) levels=OK(200) feed=OK(200) rastro_offers=OK(200)
2026-10-02T20:16:36Z cycle 2026-10-02T20:16:35Z: clock=OK(200) leaderboard=OK(200) dealers=OK(200) schedule=OK(200) levels=OK(200) feed=OK(200) rastro_offers=OK(200)
2026-10-02T20:16:47Z cycle 2026-10-02T20:16:46Z: clock=OK(200) leaderboard=OK(200) dealers=OK(200) schedule=OK(200) levels=OK(200) feed=OK(200) rastro_offers=OK(200)
2026-10-02T20:16:57Z cycle 2026-10-02T20:16:57Z: clock=OK(200) leaderboard=OK(200) dealers=OK(200) schedule=OK(200) levels=OK(200) feed=OK(200) rastro_offers=OK(200)
2026-10-02T20:17:08Z cycle 2026-10-02T20:17:07Z: clock=OK(200) leaderboard=OK(200) dealers=OK(200) schedule=OK(200) levels=OK(200) feed=OK(200) rastro_offers=OK(200)
2026-10-02T20:17:19Z cycle 2026-10-02T20:17:18Z: clock=OK(200) leaderboard=OK(200) dealers=OK(200) schedule=OK(200) levels=OK(200) feed=OK(200) rastro_offers=OK(200)
2026-10-02T20:17:30Z cycle 2026-10-02T20:17:29Z: clock=OK(200) leaderboard=OK(200) dealers=OK(200) schedule=OK(200) levels=OK(200) feed=OK(200) rastro_offers=OK(200)
2026-10-02T20:17:40Z cycle 2026-10-02T20:17:40Z: clock=OK(200) leaderboard=OK(200) dealers=OK(200) schedule=OK(200) levels=OK(200) feed=OK(200) rastro_offers=OK(200)
2026-10-02T20:17:51Z cycle 2026-10-02T20:17:51Z: clock=OK(200) leaderboard=OK(200) dealers=OK(200) schedule=OK(200) levels=OK(200) feed=OK(200) rastro_offers=OK(200)
2026-10-02T20:18:02Z cycle 2026-10-02T20:18:01Z: clock=OK(200) leaderboard=OK(200) dealers=OK(200) schedule=OK(200) levels=OK(200) feed=OK(200) rastro_offers=OK(200)
2026-10-02T20:18:13Z cycle 2026-10-02T20:18:12Z: clock=OK(200) leaderboard=OK(200) dealers=OK(200) schedule=OK(200) levels=OK(200) feed=OK(200) rastro_offers=OK(200)
2026-10-02T20:18:23Z cycle 2026-10-02T20:18:23Z: clock=OK(200) leaderboard=OK(200) dealers=OK(200) schedule=OK(200) levels=OK(200) feed=OK(200) rastro_offers=OK(200)
2026-10-02T20:18:34Z cycle 2026-10-02T20:18:33Z: clock=OK(200) leaderboard=OK(200) dealers=OK(200) schedule=OK(200) levels=OK(200) feed=OK(200) rastro_offers=OK(200)
2026-10-02T20:18:44Z cycle 2026-10-02T20:18:44Z: clock=OK(200) leaderboard=OK(200) dealers=OK(200) schedule=OK(200) levels=OK(200) feed=OK(200) rastro_offers=OK(200)
2026-10-02T20:18:55Z cycle 2026-10-02T20:18:54Z: clock=OK(200) leaderboard=OK(200) dealers=OK(200) schedule=OK(200) levels=OK(200) feed=OK(200) rastro_offers=OK(200)
2026-10-02T20:19:06Z cycle 2026-10-02T20:19:05Z: clock=OK(200) leaderboard=OK(200) dealers=OK(200) schedule=OK(200) levels=OK(200) feed=OK(200) rastro_offers=OK(200)
2026-10-02T20:19:16Z cycle 2026-10-02T20:19:16Z: clock=OK(200) leaderboard=OK(200) dealers=OK(200) schedule=OK(200) levels=OK(200) feed=OK(200) rastro_offers=OK(200)
2026-10-02T20:19:27Z cycle 2026-10-02T20:19:26Z: clock=OK(200) leaderboard=OK(200) dealers=OK(200) schedule=OK(200) levels=OK(200) feed=OK(200) rastro_offers=OK(200)
2026-10-02T20:19:37Z cycle 2026-10-02T20:19:37Z: clock=OK(200) leaderboard=OK(200) dealers=OK(200) schedule=OK(200) levels=OK(200) feed=OK(200) rastro_offers=OK(200)
2026-10-02T20:19:48Z cycle 2026-10-02T20:19:47Z: clock=OK(200) leaderboard=OK(200) dealers=OK(200) schedule=OK(200) levels=OK(200) feed=OK(200) rastro_offers=OK(200)
2026-10-02T20:19:59Z cycle 2026-10-02T20:19:58Z: clock=OK(200) leaderboard=OK(200) dealers=OK(200) schedule=OK(200) levels=OK(200) feed=OK(200) rastro_offers=OK(200)
2026-10-02T20:20:09Z cycle 2026-10-02T20:20:09Z: clock=OK(200) leaderboard=OK(200) dealers=OK(200) schedule=OK(200) levels=OK(200) feed=OK(200) rastro_offers=OK(200)
2026-10-02T20:20:20Z cycle 2026-10-02T20:20:19Z: clock=OK(200) leaderboard=OK(200) dealers=OK(200) schedule=OK(200) levels=OK(200) feed=OK(200) rastro_offers=OK(200)
2026-10-02T20:20:31Z cycle 2026-10-02T20:20:30Z: clock=OK(200) leaderboard=OK(200) dealers=OK(200) schedule=OK(200) levels=OK(200) feed=OK(200) rastro_offers=OK(200)
2026-10-02T20:20:41Z cycle 2026-10-02T20:20:41Z: clock=OK(200) leaderboard=OK(200) dealers=OK(200) schedule=OK(200) levels=OK(200) feed=OK(200) rastro_offers=OK(200)
2026-10-02T20:20:52Z cycle 2026-10-02T20:20:51Z: clock=OK(200) leaderboard=OK(200) dealers=OK(200) schedule=OK(200) levels=OK(200) feed=OK(200) rastro_offers=OK(200)
2026-10-02T20:21:02Z cycle 2026-10-02T20:21:02Z: clock=OK(200) leaderboard=OK(200) dealers=OK(200) schedule=OK(200) levels=OK(200) feed=OK(200) rastro_offers=OK(200)
2026-10-02T20:21:13Z cycle 2026-10-02T20:21:12Z: clock=OK(200) leaderboard=OK(200) dealers=OK(200) schedule=OK(200) levels=OK(200) feed=OK(200) rastro_offers=OK(200)
2026-10-02T20:21:24Z cycle 2026-10-02T20:21:23Z: clock=OK(200) leaderboard=OK(200) dealers=OK(200) schedule=OK(200) levels=OK(200) feed=OK(200) rastro_offers=OK(200)
2026-10-02T20:21:34Z cycle 2026-10-02T20:21:34Z: clock=OK(200) leaderboard=OK(200) dealers=OK(200) schedule=OK(200) levels=OK(200) feed=OK(200) rastro_offers=OK(200)
2026-10-02T20:21:45Z cycle 2026-10-02T20:21:44Z: clock=OK(200) leaderboard=OK(200) dealers=OK(200) schedule=OK(200) levels=OK(200) feed=OK(200) rastro_offers=OK(200)
2026-10-02T20:21:55Z cycle 2026-10-02T20:21:55Z: clock=OK(200) leaderboard=OK(200) dealers=OK(200) schedule=OK(200) levels=OK(200) feed=OK(200) rastro_offers=OK(200)
2026-10-02T20:22:06Z cycle 2026-10-02T20:22:05Z: clock=OK(200) leaderboard=OK(200) dealers=OK(200) schedule=OK(200) levels=OK(200) feed=OK(200) rastro_offers=OK(200)
2026-10-02T20:22:17Z cycle 2026-10-02T20:22:16Z: clock=OK(200) leaderboard=OK(200) dealers=OK(200) schedule=OK(200) levels=OK(200) feed=OK(200) rastro_offers=OK(200)
2026-10-02T20:22:27Z cycle 2026-10-02T20:22:27Z: clock=OK(200) leaderboard=OK(200) dealers=OK(200) schedule=OK(200) levels=OK(200) feed=OK(200) rastro_offers=OK(200)
2026-10-02T20:22:38Z cycle 2026-10-02T20:22:37Z: clock=OK(200) leaderboard=OK(200) dealers=OK(200) schedule=OK(200) levels=OK(200) feed=OK(200) rastro_offers=OK(200)
2026-10-02T20:22:49Z cycle 2026-10-02T20:22:48Z: clock=OK(200) leaderboard=OK(200) dealers=OK(200) schedule=OK(200) levels=OK(200) feed=OK(200) rastro_offers=OK(200)
2026-10-02T20:22:59Z cycle 2026-10-02T20:22:59Z: clock=OK(200) leaderboard=OK(200) dealers=OK(200) schedule=OK(200) levels=OK(200) feed=OK(200) rastro_offers=OK(200)
2026-10-02T20:23:10Z cycle 2026-10-02T20:23:09Z: clock=OK(200) leaderboard=OK(200) dealers=OK(200) schedule=OK(200) levels=OK(200) feed=OK(200) rastro_offers=OK(200)
2026-10-02T20:23:20Z cycle 2026-10-02T20:23:20Z: clock=OK(200) leaderboard=OK(200) dealers=OK(200) schedule=OK(200) levels=OK(200) feed=OK(200) rastro_offers=OK(200)
2026-10-02T20:23:31Z cycle 2026-10-02T20:23:30Z: clock=OK(200) leaderboard=OK(200) dealers=OK(200) schedule=OK(200) levels=OK(200) feed=OK(200) rastro_offers=OK(200)
2026-10-02T20:23:42Z cycle 2026-10-02T20:23:41Z: clock=OK(200) leaderboard=OK(200) dealers=OK(200) schedule=OK(200) levels=OK(200) feed=OK(200) rastro_offers=OK(200)
2026-10-02T20:23:52Z cycle 2026-10-02T20:23:52Z: clock=OK(200) leaderboard=OK(200) dealers=OK(200) schedule=OK(200) levels=OK(200) feed=OK(200) rastro_offers=OK(200)
2026-10-02T20:24:03Z cycle 2026-10-02T20:24:02Z: clock=OK(200) leaderboard=OK(200) dealers=OK(200) schedule=OK(200) levels=OK(200) feed=OK(200) rastro_offers=OK(200)
2026-10-02T20:24:14Z cycle 2026-10-02T20:24:13Z: clock=OK(200) leaderboard=OK(200) dealers=OK(200) schedule=OK(200) levels=OK(200) feed=OK(200) rastro_offers=OK(200)
2026-10-02T20:24:25Z cycle 2026-10-02T20:24:24Z: clock=OK(200) leaderboard=OK(200) dealers=OK(200) schedule=OK(200) levels=OK(200) feed=OK(200) rastro_offers=OK(200)
2026-10-02T20:24:39Z cycle 2026-10-02T20:24:37Z: clock=OK(200) leaderboard=OK(200) dealers=OK(200) schedule=OK(200) levels=OK(200) feed=OK(200) rastro_offers=OK(200)
2026-10-02T20:24:50Z cycle 2026-10-02T20:24:50Z: clock=OK(200) leaderboard=OK(200) dealers=OK(200) schedule=OK(200) levels=OK(200) feed=OK(200) rastro_offers=OK(200)
2026-10-02T20:25:01Z cycle 2026-10-02T20:25:00Z: clock=OK(200) leaderboard=OK(200) dealers=OK(200) schedule=OK(200) levels=OK(200) feed=OK(200) rastro_offers=OK(200)
2026-10-02T20:25:42Z sniff.sh started pid=23711
2026-10-02T20:25:43Z cycle 2026-10-02T20:25:42Z: clock= leaderboard= dealers= schedule= levels= feed= rastro_offers=
2026-10-02T20:25:53Z sniff.sh started pid=24866
2026-10-02T20:25:54Z cycle 2026-10-02T20:25:53Z: clock=OK(200) leaderboard=OK(200) dealers=OK(200) schedule=OK(200) levels=OK(200) feed=OK(200) rastro_offers=OK(200)
2026-10-02T20:26:04Z sniff.sh started pid=26742
2026-10-02T20:26:05Z cycle 2026-10-02T20:26:04Z: clock=OK(200) leaderboard=OK(200) dealers=OK(200) schedule=OK(200) levels=OK(200) feed=OK(200) rastro_offers=OK(200)
2026-10-02T20:26:16Z sniff.sh started pid=28907
2026-10-02T20:26:17Z cycle 2026-10-02T20:26:16Z: clock=OK(200) leaderboard=OK(200) dealers=OK(200) schedule=OK(200) levels=OK(200) feed=OK(200) rastro_offers=OK(200)
2026-10-02T20:26:28Z cycle 2026-10-02T20:26:27Z: clock=OK(200) leaderboard=OK(200) dealers=OK(200) schedule=OK(200) levels=OK(200) feed=OK(200) rastro_offers=OK(200)
2026-10-02T20:26:39Z cycle 2026-10-02T20:26:38Z: clock=OK(200) leaderboard=OK(200) dealers=OK(200) schedule=OK(200) levels=OK(200) feed=OK(200) rastro_offers=OK(200)
2026-10-02T20:26:49Z cycle 2026-10-02T20:26:49Z: clock=OK(200) leaderboard=OK(200) dealers=OK(200) schedule=OK(200) levels=OK(200) feed=OK(200) rastro_offers=OK(200)
2026-10-02T20:27:00Z cycle 2026-10-02T20:26:59Z: clock=OK(200) leaderboard=OK(200) dealers=OK(200) schedule=OK(200) levels=OK(200) feed=OK(200) rastro_offers=OK(200)
2026-10-02T20:27:10Z sniff.sh started pid=37368
2026-10-02T20:27:11Z cycle 2026-10-02T20:27:10Z: clock=OK(200) leaderboard=OK(200) dealers=OK(200) schedule=OK(200) levels=OK(200) feed=OK(200) rastro_offers=OK(200)
2026-10-02T20:27:22Z cycle 2026-10-02T20:27:21Z: clock=OK(200) leaderboard=OK(200) dealers=OK(200) schedule=OK(200) levels=OK(200) feed=OK(200) rastro_offers=OK(200)
2026-10-02T20:27:33Z cycle 2026-10-02T20:27:32Z: clock=OK(200) leaderboard=OK(200) dealers=OK(200) schedule=OK(200) levels=OK(200) feed=OK(200) rastro_offers=OK(200)
2026-10-02T20:27:44Z cycle 2026-10-02T20:27:43Z: clock=OK(200) leaderboard=OK(200) dealers=OK(200) schedule=OK(200) levels=OK(200) feed=OK(200) rastro_offers=OK(200)
2026-10-02T20:27:54Z cycle 2026-10-02T20:27:54Z: clock=OK(200) leaderboard=OK(200) dealers=OK(200) schedule=OK(200) levels=OK(200) feed=OK(200) rastro_offers=OK(200)
2026-10-02T20:28:05Z cycle 2026-10-02T20:28:04Z: clock=OK(200) leaderboard=OK(200) dealers=OK(200) schedule=OK(200) levels=OK(200) feed=OK(200) rastro_offers=OK(200)
2026-10-02T20:28:16Z cycle 2026-10-02T20:28:15Z: clock=OK(200) leaderboard=OK(200) dealers=OK(200) schedule=OK(200) levels=OK(200) feed=OK(200) rastro_offers=OK(200)
2026-10-02T20:28:31Z sniff.sh started pid=49425
2026-10-02T20:28:32Z cycle 2026-10-02T20:28:31Z: clock=OK(200) leaderboard=OK(200) dealers=OK(200) schedule=OK(200) levels=OK(200) feed=OK(200) rastro_offers=OK(200)
2026-10-02T20:28:42Z sniff.sh started pid=51217
2026-10-02T20:28:43Z cycle 2026-10-02T20:28:42Z: clock=OK(200) leaderboard=OK(200) dealers=OK(200) schedule=OK(200) levels=OK(200) feed=OK(200) rastro_offers=OK(200)
2026-10-02T20:28:54Z cycle 2026-10-02T20:28:53Z: clock=OK(200) leaderboard=OK(200) dealers=OK(200) schedule=OK(200) levels=OK(200) feed=OK(200) rastro_offers=OK(200)
2026-10-02T20:29:04Z cycle 2026-10-02T20:29:04Z: clock=OK(200) leaderboard=OK(200) dealers=OK(200) schedule=OK(200) levels=OK(200) feed=OK(200) rastro_offers=OK(200)
2026-10-02T20:29:15Z cycle 2026-10-02T20:29:14Z: clock=OK(200) leaderboard=OK(200) dealers=OK(200) schedule=OK(200) levels=OK(200) feed=OK(200) rastro_offers=OK(200)
2026-10-02T20:29:26Z cycle 2026-10-02T20:29:25Z: clock=OK(200) leaderboard=OK(200) dealers=OK(200) schedule=OK(200) levels=OK(200) feed=OK(200) rastro_offers=OK(200)
2026-10-02T20:29:37Z cycle 2026-10-02T20:29:36Z: clock=OK(200) leaderboard=OK(200) dealers=OK(200) schedule=OK(200) levels=OK(200) feed=OK(200) rastro_offers=OK(200)
2026-10-02T20:29:48Z cycle 2026-10-02T20:29:47Z: clock=OK(200) leaderboard=OK(200) dealers=OK(200) schedule=OK(200) levels=OK(200) feed=OK(200) rastro_offers=OK(200)
2026-10-02T20:29:59Z cycle 2026-10-02T20:29:58Z: clock=OK(200) leaderboard=OK(200) dealers=OK(200) schedule=OK(200) levels=OK(200) feed=OK(200) rastro_offers=OK(200)
2026-10-02T20:30:09Z cycle 2026-10-02T20:30:09Z: clock=OK(200) leaderboard=OK(200) dealers=OK(200) schedule=OK(200) levels=OK(200) feed=OK(200) rastro_offers=OK(200)
2026-10-02T20:30:20Z cycle 2026-10-02T20:30:19Z: clock=OK(200) leaderboard=OK(200) dealers=OK(200) schedule=OK(200) levels=OK(200) feed=OK(200) rastro_offers=OK(200)
2026-10-02T20:30:31Z cycle 2026-10-02T20:30:30Z: clock=OK(200) leaderboard=OK(200) dealers=OK(200) schedule=OK(200) levels=OK(200) feed=OK(200) rastro_offers=OK(200)
2026-10-02T20:30:42Z cycle 2026-10-02T20:30:41Z: clock=OK(200) leaderboard=OK(200) dealers=OK(200) schedule=OK(200) levels=OK(200) feed=OK(200) rastro_offers=OK(200)
2026-10-02T20:30:53Z cycle 2026-10-02T20:30:52Z: clock=OK(200) leaderboard=OK(200) dealers=OK(200) schedule=OK(200) levels=OK(200) feed=OK(200) rastro_offers=OK(200)
2026-10-02T20:31:04Z cycle 2026-10-02T20:31:03Z: clock=OK(200) leaderboard=OK(200) dealers=OK(200) schedule=OK(200) levels=OK(200) feed=OK(200) rastro_offers=OK(200)
2026-10-02T20:31:14Z cycle 2026-10-02T20:31:14Z: clock=OK(200) leaderboard=OK(200) dealers=OK(200) schedule=OK(200) levels=OK(200) feed=OK(200) rastro_offers=OK(200)
2026-10-02T20:31:25Z cycle 2026-10-02T20:31:24Z: clock=OK(200) leaderboard=OK(200) dealers=OK(200) schedule=OK(200) levels=OK(200) feed=OK(200) rastro_offers=OK(200)
2026-10-02T20:31:36Z cycle 2026-10-02T20:31:35Z: clock=OK(200) leaderboard=OK(200) dealers=OK(200) schedule=OK(200) levels=OK(200) feed=OK(200) rastro_offers=OK(200)
2026-10-02T20:31:49Z cycle 2026-10-02T20:31:46Z: clock=OK(200) leaderboard=OK(200) dealers=OK(200) schedule=OK(200) levels=OK(200) feed=OK(200) rastro_offers=OK(200)
2026-10-02T20:32:00Z cycle 2026-10-02T20:31:59Z: clock=OK(200) leaderboard=OK(200) dealers=OK(200) schedule=OK(200) levels=OK(200) feed=OK(200) rastro_offers=OK(200)
2026-10-02T20:32:11Z cycle 2026-10-02T20:32:10Z: clock=OK(200) leaderboard=OK(200) dealers=OK(200) schedule=OK(200) levels=OK(200) feed=OK(200) rastro_offers=OK(200)
2026-10-02T20:32:22Z cycle 2026-10-02T20:32:21Z: clock=OK(200) leaderboard=OK(200) dealers=OK(200) schedule=OK(200) levels=OK(200) feed=OK(200) rastro_offers=OK(200)
2026-10-02T20:32:33Z cycle 2026-10-02T20:32:32Z: clock=OK(200) leaderboard=OK(200) dealers=OK(200) schedule=OK(200) levels=OK(200) feed=OK(200) rastro_offers=OK(200)
2026-10-02T20:32:43Z cycle 2026-10-02T20:32:43Z: clock=OK(200) leaderboard=OK(200) dealers=OK(200) schedule=OK(200) levels=OK(200) feed=OK(200) rastro_offers=OK(200)
2026-10-02T20:32:54Z cycle 2026-10-02T20:32:53Z: clock=OK(200) leaderboard=OK(200) dealers=OK(200) schedule=OK(200) levels=OK(200) feed=OK(200) rastro_offers=OK(200)
2026-10-02T20:33:05Z cycle 2026-10-02T20:33:04Z: clock=OK(200) leaderboard=OK(200) dealers=OK(200) schedule=OK(200) levels=OK(200) feed=OK(200) rastro_offers=OK(200)
2026-10-02T20:33:16Z cycle 2026-10-02T20:33:15Z: clock=OK(200) leaderboard=OK(200) dealers=OK(200) schedule=OK(200) levels=OK(200) feed=OK(200) rastro_offers=OK(200)
2026-10-02T20:33:27Z cycle 2026-10-02T20:33:26Z: clock=OK(200) leaderboard=OK(200) dealers=OK(200) schedule=OK(200) levels=OK(200) feed=OK(200) rastro_offers=OK(200)
2026-10-02T20:33:38Z cycle 2026-10-02T20:33:37Z: clock=OK(200) leaderboard=OK(200) dealers=OK(200) schedule=OK(200) levels=OK(200) feed=OK(200) rastro_offers=OK(200)
2026-10-02T20:33:49Z cycle 2026-10-02T20:33:48Z: clock=OK(200) leaderboard=OK(200) dealers=OK(200) schedule=OK(200) levels=OK(200) feed=OK(200) rastro_offers=OK(200)
2026-10-02T20:34:00Z cycle 2026-10-02T20:33:59Z: clock=OK(200) leaderboard=OK(200) dealers=OK(200) schedule=OK(200) levels=OK(200) feed=OK(200) rastro_offers=OK(200)
2026-10-02T20:34:10Z cycle 2026-10-02T20:34:10Z: clock=OK(200) leaderboard=OK(200) dealers=OK(200) schedule=OK(200) levels=OK(200) feed=OK(200) rastro_offers=OK(200)
2026-10-02T20:34:21Z cycle 2026-10-02T20:34:20Z: clock=OK(200) leaderboard=OK(200) dealers=OK(200) schedule=OK(200) levels=OK(200) feed=OK(200) rastro_offers=OK(200)
2026-10-02T20:34:32Z cycle 2026-10-02T20:34:31Z: clock=OK(200) leaderboard=OK(200) dealers=OK(200) schedule=OK(200) levels=OK(200) feed=OK(200) rastro_offers=OK(200)
2026-10-02T20:34:43Z cycle 2026-10-02T20:34:42Z: clock=OK(200) leaderboard=OK(200) dealers=OK(200) schedule=OK(200) levels=OK(200) feed=OK(200) rastro_offers=OK(200)
2026-10-02T20:34:54Z cycle 2026-10-02T20:34:53Z: clock=OK(200) leaderboard=OK(200) dealers=OK(200) schedule=OK(200) levels=OK(200) feed=OK(200) rastro_offers=OK(200)
2026-10-02T20:35:05Z cycle 2026-10-02T20:35:04Z: clock=OK(200) leaderboard=OK(200) dealers=OK(200) schedule=OK(200) levels=OK(200) feed=OK(200) rastro_offers=OK(200)
2026-10-02T20:35:15Z cycle 2026-10-02T20:35:15Z: clock=OK(200) leaderboard=OK(200) dealers=OK(200) schedule=OK(200) levels=OK(200) feed=OK(200) rastro_offers=OK(200)
2026-10-02T20:35:26Z cycle 2026-10-02T20:35:25Z: clock=OK(200) leaderboard=OK(200) dealers=OK(200) schedule=OK(200) levels=OK(200) feed=OK(200) rastro_offers=OK(200)
2026-10-02T20:35:37Z cycle 2026-10-02T20:35:36Z: clock=OK(200) leaderboard=OK(200) dealers=OK(200) schedule=OK(200) levels=OK(200) feed=OK(200) rastro_offers=OK(200)
2026-10-02T20:35:49Z cycle 2026-10-02T20:35:47Z: clock=OK(200) leaderboard=OK(200) dealers=OK(200) schedule=OK(200) levels=OK(200) feed=OK(200) rastro_offers=OK(200)
2026-10-02T20:36:00Z cycle 2026-10-02T20:35:59Z: clock=OK(200) leaderboard=OK(200) dealers=OK(200) schedule=OK(200) levels=OK(200) feed=OK(200) rastro_offers=OK(200)
2026-10-02T20:36:10Z cycle 2026-10-02T20:36:10Z: clock=OK(200) leaderboard=OK(200) dealers=OK(200) schedule=OK(200) levels=OK(200) feed=OK(200) rastro_offers=OK(200)
2026-10-02T20:36:21Z cycle 2026-10-02T20:36:20Z: clock=OK(200) leaderboard=OK(200) dealers=OK(200) schedule=OK(200) levels=OK(200) feed=OK(200) rastro_offers=OK(200)
2026-10-02T20:36:32Z cycle 2026-10-02T20:36:31Z: clock=OK(200) leaderboard=OK(200) dealers=OK(200) schedule=OK(200) levels=OK(200) feed=OK(200) rastro_offers=OK(200)
2026-10-02T20:36:43Z cycle 2026-10-02T20:36:43Z: clock=OK(200) leaderboard=OK(200) dealers=OK(200) schedule=OK(200) levels=OK(200) feed=OK(200) rastro_offers=OK(200)
2026-10-02T20:36:54Z cycle 2026-10-02T20:36:53Z: clock=OK(200) leaderboard=OK(200) dealers=OK(200) schedule=OK(200) levels=OK(200) feed=OK(200) rastro_offers=OK(200)
2026-10-02T20:37:05Z cycle 2026-10-02T20:37:04Z: clock=OK(200) leaderboard=OK(200) dealers=OK(200) schedule=OK(200) levels=OK(200) feed=OK(200) rastro_offers=OK(200)
2026-10-02T20:37:16Z cycle 2026-10-02T20:37:15Z: clock=OK(200) leaderboard=OK(200) dealers=OK(200) schedule=OK(200) levels=OK(200) feed=OK(200) rastro_offers=OK(200)
2026-10-02T20:37:27Z cycle 2026-10-02T20:37:26Z: clock=OK(200) leaderboard=OK(200) dealers=OK(200) schedule=OK(200) levels=OK(200) feed=OK(200) rastro_offers=OK(200)
2026-10-02T20:37:38Z cycle 2026-10-02T20:37:37Z: clock=OK(200) leaderboard=OK(200) dealers=OK(200) schedule=OK(200) levels=OK(200) feed=OK(200) rastro_offers=OK(200)
2026-10-02T20:37:49Z cycle 2026-10-02T20:37:48Z: clock=OK(200) leaderboard=OK(200) dealers=OK(200) schedule=OK(200) levels=OK(200) feed=OK(200) rastro_offers=OK(200)
2026-10-02T20:38:00Z cycle 2026-10-02T20:37:59Z: clock=OK(200) leaderboard=OK(200) dealers=OK(200) schedule=OK(200) levels=OK(200) feed=OK(200) rastro_offers=OK(200)
2026-10-02T20:38:11Z cycle 2026-10-02T20:38:10Z: clock=OK(200) leaderboard=OK(200) dealers=OK(200) schedule=OK(200) levels=OK(200) feed=OK(200) rastro_offers=OK(200)
2026-10-02T20:38:22Z cycle 2026-10-02T20:38:21Z: clock=OK(200) leaderboard=OK(200) dealers=OK(200) schedule=OK(200) levels=OK(200) feed=OK(200) rastro_offers=OK(200)
2026-10-02T20:38:33Z cycle 2026-10-02T20:38:32Z: clock=OK(200) leaderboard=OK(200) dealers=OK(200) schedule=OK(200) levels=OK(200) feed=OK(200) rastro_offers=OK(200)
2026-10-02T20:38:43Z cycle 2026-10-02T20:38:43Z: clock=OK(200) leaderboard=OK(200) dealers=OK(200) schedule=OK(200) levels=OK(200) feed=OK(200) rastro_offers=OK(200)
2026-10-02T20:38:54Z cycle 2026-10-02T20:38:53Z: clock=OK(200) leaderboard=OK(200) dealers=OK(200) schedule=OK(200) levels=OK(200) feed=OK(200) rastro_offers=OK(200)
2026-10-02T20:39:05Z cycle 2026-10-02T20:39:04Z: clock=OK(200) leaderboard=OK(200) dealers=OK(200) schedule=OK(200) levels=OK(200) feed=OK(200) rastro_offers=OK(200)
2026-10-02T20:39:16Z cycle 2026-10-02T20:39:15Z: clock=OK(200) leaderboard=OK(200) dealers=OK(200) schedule=OK(200) levels=OK(200) feed=OK(200) rastro_offers=OK(200)
2026-10-02T20:39:27Z cycle 2026-10-02T20:39:26Z: clock=OK(200) leaderboard=OK(200) dealers=OK(200) schedule=OK(200) levels=OK(200) feed=OK(200) rastro_offers=OK(200)
2026-10-02T20:39:38Z cycle 2026-10-02T20:39:37Z: clock=OK(200) leaderboard=OK(200) dealers=OK(200) schedule=OK(200) levels=OK(200) feed=OK(200) rastro_offers=OK(200)
2026-10-02T20:39:49Z cycle 2026-10-02T20:39:48Z: clock=OK(200) leaderboard=OK(200) dealers=OK(200) schedule=OK(200) levels=OK(200) feed=OK(200) rastro_offers=OK(200)
2026-10-02T20:40:00Z cycle 2026-10-02T20:39:59Z: clock=OK(200) leaderboard=OK(200) dealers=OK(200) schedule=OK(200) levels=OK(200) feed=OK(200) rastro_offers=OK(200)
2026-10-02T20:40:11Z cycle 2026-10-02T20:40:10Z: clock=OK(200) leaderboard=OK(200) dealers=OK(200) schedule=OK(200) levels=OK(200) feed=OK(200) rastro_offers=OK(200)
2026-10-02T20:40:22Z cycle 2026-10-02T20:40:21Z: clock=OK(200) leaderboard=OK(200) dealers=OK(200) schedule=OK(200) levels=OK(200) feed=OK(200) rastro_offers=OK(200)
2026-10-02T20:40:33Z cycle 2026-10-02T20:40:32Z: clock=OK(200) leaderboard=OK(200) dealers=OK(200) schedule=OK(200) levels=OK(200) feed=OK(200) rastro_offers=OK(200)
2026-10-02T20:40:43Z cycle 2026-10-02T20:40:43Z: clock=OK(200) leaderboard=OK(200) dealers=OK(200) schedule=OK(200) levels=OK(200) feed=OK(200) rastro_offers=OK(200)
2026-10-02T20:40:54Z cycle 2026-10-02T20:40:53Z: clock=OK(200) leaderboard=OK(200) dealers=OK(200) schedule=OK(200) levels=OK(200) feed=OK(200) rastro_offers=OK(200)
2026-10-02T20:41:05Z cycle 2026-10-02T20:41:04Z: clock=OK(200) leaderboard=OK(200) dealers=OK(200) schedule=OK(200) levels=OK(200) feed=OK(200) rastro_offers=OK(200)
2026-10-02T20:41:16Z cycle 2026-10-02T20:41:15Z: clock=OK(200) leaderboard=OK(200) dealers=OK(200) schedule=OK(200) levels=OK(200) feed=OK(200) rastro_offers=OK(200)
2026-10-02T20:41:27Z cycle 2026-10-02T20:41:26Z: clock=OK(200) leaderboard=OK(200) dealers=OK(200) schedule=OK(200) levels=OK(200) feed=OK(200) rastro_offers=OK(200)
2026-10-02T20:41:38Z cycle 2026-10-02T20:41:37Z: clock=OK(200) leaderboard=OK(200) dealers=OK(200) schedule=OK(200) levels=OK(200) feed=OK(200) rastro_offers=OK(200)
2026-10-02T20:41:49Z cycle 2026-10-02T20:41:48Z: clock=OK(200) leaderboard=OK(200) dealers=OK(200) schedule=OK(200) levels=OK(200) feed=OK(200) rastro_offers=OK(200)
2026-10-02T20:42:00Z cycle 2026-10-02T20:41:59Z: clock=OK(200) leaderboard=OK(200) dealers=OK(200) schedule=OK(200) levels=OK(200) feed=OK(200) rastro_offers=OK(200)
2026-10-02T20:42:11Z cycle 2026-10-02T20:42:10Z: clock=OK(200) leaderboard=OK(200) dealers=OK(200) schedule=OK(200) levels=OK(200) feed=OK(200) rastro_offers=OK(200)
2026-10-02T20:42:22Z cycle 2026-10-02T20:42:21Z: clock=OK(200) leaderboard=OK(200) dealers=OK(200) schedule=OK(200) levels=OK(200) feed=OK(200) rastro_offers=OK(200)
2026-10-02T20:42:33Z cycle 2026-10-02T20:42:32Z: clock=OK(200) leaderboard=OK(200) dealers=OK(200) schedule=OK(200) levels=OK(200) feed=OK(200) rastro_offers=OK(200)
2026-10-02T20:42:43Z cycle 2026-10-02T20:42:43Z: clock=OK(200) leaderboard=OK(200) dealers=OK(200) schedule=OK(200) levels=OK(200) feed=OK(200) rastro_offers=OK(200)
2026-10-02T20:42:54Z cycle 2026-10-02T20:42:53Z: clock=OK(200) leaderboard=OK(200) dealers=OK(200) schedule=OK(200) levels=OK(200) feed=OK(200) rastro_offers=OK(200)
2026-10-02T20:43:05Z cycle 2026-10-02T20:43:05Z: clock=OK(200) leaderboard=OK(200) dealers=OK(200) schedule=OK(200) levels=OK(200) feed=OK(200) rastro_offers=OK(200)
2026-10-02T20:43:16Z cycle 2026-10-02T20:43:15Z: clock=OK(200) leaderboard=OK(200) dealers=OK(200) schedule=OK(200) levels=OK(200) feed=OK(200) rastro_offers=OK(200)
2026-10-02T20:43:27Z cycle 2026-10-02T20:43:26Z: clock=OK(200) leaderboard=OK(200) dealers=OK(200) schedule=OK(200) levels=OK(200) feed=OK(200) rastro_offers=OK(200)
2026-10-02T20:43:38Z cycle 2026-10-02T20:43:37Z: clock=OK(200) leaderboard=OK(200) dealers=OK(200) schedule=OK(200) levels=OK(200) feed=OK(200) rastro_offers=OK(200)
2026-10-02T20:43:49Z cycle 2026-10-02T20:43:48Z: clock=OK(200) leaderboard=OK(200) dealers=OK(200) schedule=OK(200) levels=OK(200) feed=OK(200) rastro_offers=OK(200)
2026-10-02T20:44:00Z cycle 2026-10-02T20:43:59Z: clock=OK(200) leaderboard=OK(200) dealers=OK(200) schedule=OK(200) levels=OK(200) feed=OK(200) rastro_offers=OK(200)
2026-10-02T20:44:11Z cycle 2026-10-02T20:44:10Z: clock=OK(200) leaderboard=OK(200) dealers=OK(200) schedule=OK(200) levels=OK(200) feed=OK(200) rastro_offers=OK(200)
2026-10-02T20:44:22Z cycle 2026-10-02T20:44:21Z: clock=OK(200) leaderboard=OK(200) dealers=OK(200) schedule=OK(200) levels=OK(200) feed=OK(200) rastro_offers=OK(200)
2026-10-02T20:44:32Z cycle 2026-10-02T20:44:32Z: clock=OK(200) leaderboard=OK(200) dealers=OK(200) schedule=OK(200) levels=OK(200) feed=OK(200) rastro_offers=OK(200)
2026-10-02T20:44:44Z cycle 2026-10-02T20:44:43Z: clock=OK(200) leaderboard=OK(200) dealers=OK(200) schedule=OK(200) levels=OK(200) feed=OK(200) rastro_offers=OK(200)
2026-10-02T20:44:55Z cycle 2026-10-02T20:44:54Z: clock=OK(200) leaderboard=OK(200) dealers=OK(200) schedule=OK(200) levels=OK(200) feed=OK(200) rastro_offers=OK(200)
2026-10-02T20:45:05Z cycle 2026-10-02T20:45:05Z: clock=OK(200) leaderboard=OK(200) dealers=OK(200) schedule=OK(200) levels=OK(200) feed=OK(200) rastro_offers=OK(200)
2026-10-02T20:45:16Z cycle 2026-10-02T20:45:15Z: clock=OK(200) leaderboard=OK(200) dealers=OK(200) schedule=OK(200) levels=OK(200) feed=OK(200) rastro_offers=OK(200)
2026-10-02T20:45:27Z cycle 2026-10-02T20:45:26Z: clock=OK(200) leaderboard=OK(200) dealers=OK(200) schedule=OK(200) levels=OK(200) feed=OK(200) rastro_offers=OK(200)
2026-10-02T20:45:38Z cycle 2026-10-02T20:45:37Z: clock=OK(200) leaderboard=OK(200) dealers=OK(200) schedule=OK(200) levels=OK(200) feed=OK(200) rastro_offers=OK(200)
2026-10-02T20:45:49Z cycle 2026-10-02T20:45:48Z: clock=OK(200) leaderboard=OK(200) dealers=OK(200) schedule=OK(200) levels=OK(200) feed=OK(200) rastro_offers=OK(200)
2026-10-02T20:46:00Z cycle 2026-10-02T20:45:59Z: clock=OK(200) leaderboard=OK(200) dealers=OK(200) schedule=OK(200) levels=OK(200) feed=OK(200) rastro_offers=OK(200)
2026-10-02T20:46:11Z cycle 2026-10-02T20:46:10Z: clock=OK(200) leaderboard=OK(200) dealers=OK(200) schedule=OK(200) levels=OK(200) feed=OK(200) rastro_offers=OK(200)
2026-10-02T20:46:21Z cycle 2026-10-02T20:46:21Z: clock=OK(200) leaderboard=OK(200) dealers=OK(200) schedule=OK(200) levels=OK(200) feed=OK(200) rastro_offers=OK(200)
2026-10-02T20:46:32Z cycle 2026-10-02T20:46:31Z: clock=OK(200) leaderboard=OK(200) dealers=OK(200) schedule=OK(200) levels=OK(200) feed=OK(200) rastro_offers=OK(200)
2026-10-02T20:46:43Z cycle 2026-10-02T20:46:42Z: clock=OK(200) leaderboard=OK(200) dealers=OK(200) schedule=OK(200) levels=OK(200) feed=OK(200) rastro_offers=OK(200)
2026-10-02T20:46:54Z cycle 2026-10-02T20:46:53Z: clock=OK(200) leaderboard=OK(200) dealers=OK(200) schedule=OK(200) levels=OK(200) feed=OK(200) rastro_offers=OK(200)
2026-10-02T20:47:05Z cycle 2026-10-02T20:47:04Z: clock=OK(200) leaderboard=OK(200) dealers=OK(200) schedule=OK(200) levels=OK(200) feed=OK(200) rastro_offers=OK(200)
2026-10-02T20:47:16Z cycle 2026-10-02T20:47:15Z: clock=OK(200) leaderboard=OK(200) dealers=OK(200) schedule=OK(200) levels=OK(200) feed=OK(200) rastro_offers=OK(200)
2026-10-02T20:47:27Z cycle 2026-10-02T20:47:26Z: clock=OK(200) leaderboard=OK(200) dealers=OK(200) schedule=OK(200) levels=OK(200) feed=OK(200) rastro_offers=OK(200)
2026-10-02T20:47:38Z cycle 2026-10-02T20:47:37Z: clock=OK(200) leaderboard=OK(200) dealers=OK(200) schedule=OK(200) levels=OK(200) feed=OK(200) rastro_offers=OK(200)
2026-10-02T20:47:49Z cycle 2026-10-02T20:47:48Z: clock=OK(200) leaderboard=OK(200) dealers=OK(200) schedule=OK(200) levels=OK(200) feed=OK(200) rastro_offers=OK(200)
2026-10-02T20:48:00Z cycle 2026-10-02T20:47:59Z: clock=OK(200) leaderboard=OK(200) dealers=OK(200) schedule=OK(200) levels=OK(200) feed=OK(200) rastro_offers=OK(200)
2026-10-02T20:48:11Z cycle 2026-10-02T20:48:10Z: clock=OK(200) leaderboard=OK(200) dealers=OK(200) schedule=OK(200) levels=OK(200) feed=OK(200) rastro_offers=OK(200)
2026-10-02T20:48:22Z cycle 2026-10-02T20:48:21Z: clock=OK(200) leaderboard=OK(200) dealers=OK(200) schedule=OK(200) levels=OK(200) feed=OK(200) rastro_offers=OK(200)
2026-10-02T20:48:32Z cycle 2026-10-02T20:48:32Z: clock=OK(200) leaderboard=OK(200) dealers=OK(200) schedule=OK(200) levels=OK(200) feed=OK(200) rastro_offers=OK(200)
2026-10-02T20:48:43Z cycle 2026-10-02T20:48:43Z: clock=OK(200) leaderboard=OK(200) dealers=OK(200) schedule=OK(200) levels=OK(200) feed=OK(200) rastro_offers=OK(200)
2026-10-02T20:48:54Z cycle 2026-10-02T20:48:53Z: clock=OK(200) leaderboard=OK(200) dealers=OK(200) schedule=OK(200) levels=OK(200) feed=OK(200) rastro_offers=OK(200)
2026-10-02T20:49:05Z cycle 2026-10-02T20:49:04Z: clock=OK(200) leaderboard=OK(200) dealers=OK(200) schedule=OK(200) levels=OK(200) feed=OK(200) rastro_offers=OK(200)
2026-10-02T20:49:16Z cycle 2026-10-02T20:49:15Z: clock=OK(200) leaderboard=OK(200) dealers=OK(200) schedule=OK(200) levels=OK(200) feed=OK(200) rastro_offers=OK(200)
2026-10-02T20:49:27Z cycle 2026-10-02T20:49:26Z: clock=OK(200) leaderboard=OK(200) dealers=OK(200) schedule=OK(200) levels=OK(200) feed=OK(200) rastro_offers=OK(200)
2026-10-02T20:49:38Z cycle 2026-10-02T20:49:37Z: clock=OK(200) leaderboard=OK(200) dealers=OK(200) schedule=OK(200) levels=OK(200) feed=OK(200) rastro_offers=OK(200)
2026-10-02T20:49:49Z cycle 2026-10-02T20:49:48Z: clock=OK(200) leaderboard=OK(200) dealers=OK(200) schedule=OK(200) levels=OK(200) feed=OK(200) rastro_offers=OK(200)
2026-10-02T20:50:00Z cycle 2026-10-02T20:49:59Z: clock=OK(200) leaderboard=OK(200) dealers=OK(200) schedule=OK(200) levels=OK(200) feed=OK(200) rastro_offers=OK(200)
2026-10-02T20:50:10Z cycle 2026-10-02T20:50:10Z: clock=OK(200) leaderboard=OK(200) dealers=OK(200) schedule=OK(200) levels=OK(200) feed=OK(200) rastro_offers=OK(200)
2026-10-02T20:50:21Z cycle 2026-10-02T20:50:20Z: clock=OK(200) leaderboard=OK(200) dealers=OK(200) schedule=OK(200) levels=OK(200) feed=OK(200) rastro_offers=OK(200)
2026-10-02T20:50:32Z cycle 2026-10-02T20:50:31Z: clock=OK(200) leaderboard=OK(200) dealers=OK(200) schedule=OK(200) levels=OK(200) feed=OK(200) rastro_offers=OK(200)
2026-10-02T20:50:43Z cycle 2026-10-02T20:50:42Z: clock=OK(200) leaderboard=OK(200) dealers=OK(200) schedule=OK(200) levels=OK(200) feed=OK(200) rastro_offers=OK(200)
2026-10-02T20:50:54Z cycle 2026-10-02T20:50:53Z: clock=OK(200) leaderboard=OK(200) dealers=OK(200) schedule=OK(200) levels=OK(200) feed=OK(200) rastro_offers=OK(200)
2026-10-02T20:51:05Z cycle 2026-10-02T20:51:04Z: clock=OK(200) leaderboard=OK(200) dealers=OK(200) schedule=OK(200) levels=OK(200) feed=OK(200) rastro_offers=OK(200)
2026-10-02T20:51:16Z cycle 2026-10-02T20:51:15Z: clock=OK(200) leaderboard=OK(200) dealers=OK(200) schedule=OK(200) levels=OK(200) feed=OK(200) rastro_offers=OK(200)
2026-10-02T20:51:27Z cycle 2026-10-02T20:51:26Z: clock=OK(200) leaderboard=OK(200) dealers=OK(200) schedule=OK(200) levels=OK(200) feed=OK(200) rastro_offers=OK(200)
2026-10-02T20:51:37Z cycle 2026-10-02T20:51:37Z: clock=OK(200) leaderboard=OK(200) dealers=OK(200) schedule=OK(200) levels=OK(200) feed=OK(200) rastro_offers=OK(200)
2026-10-02T20:51:49Z cycle 2026-10-02T20:51:47Z: clock=OK(200) leaderboard=OK(200) dealers=OK(200) schedule=OK(200) levels=OK(200) feed=OK(200) rastro_offers=OK(200)
2026-10-02T20:52:00Z cycle 2026-10-02T20:51:59Z: clock=OK(200) leaderboard=OK(200) dealers=OK(200) schedule=OK(200) levels=OK(200) feed=OK(200) rastro_offers=OK(200)
2026-10-02T20:52:11Z cycle 2026-10-02T20:52:10Z: clock=OK(200) leaderboard=OK(200) dealers=OK(200) schedule=OK(200) levels=OK(200) feed=OK(200) rastro_offers=OK(200)
2026-10-02T20:52:22Z cycle 2026-10-02T20:52:21Z: clock=OK(200) leaderboard=OK(200) dealers=OK(200) schedule=OK(200) levels=OK(200) feed=OK(200) rastro_offers=OK(200)
2026-10-02T20:52:33Z cycle 2026-10-02T20:52:32Z: clock=OK(200) leaderboard=OK(200) dealers=OK(200) schedule=OK(200) levels=OK(200) feed=OK(200) rastro_offers=OK(200)
2026-10-02T20:52:44Z cycle 2026-10-02T20:52:43Z: clock=OK(200) leaderboard=OK(200) dealers=OK(200) schedule=OK(200) levels=OK(200) feed=OK(200) rastro_offers=OK(200)
2026-10-02T20:52:54Z cycle 2026-10-02T20:52:54Z: clock=OK(200) leaderboard=OK(200) dealers=OK(200) schedule=OK(200) levels=OK(200) feed=OK(200) rastro_offers=OK(200)
2026-10-02T20:53:05Z cycle 2026-10-02T20:53:05Z: clock=OK(200) leaderboard=OK(200) dealers=OK(200) schedule=OK(200) levels=OK(200) feed=OK(200) rastro_offers=OK(200)
2026-10-02T20:53:16Z cycle 2026-10-02T20:53:15Z: clock=OK(200) leaderboard=OK(200) dealers=OK(200) schedule=OK(200) levels=OK(200) feed=OK(200) rastro_offers=OK(200)
2026-10-02T20:53:27Z cycle 2026-10-02T20:53:26Z: clock=OK(200) leaderboard=OK(200) dealers=OK(200) schedule=OK(200) levels=OK(200) feed=OK(200) rastro_offers=OK(200)
2026-10-02T20:53:38Z cycle 2026-10-02T20:53:37Z: clock=OK(200) leaderboard=OK(200) dealers=OK(200) schedule=OK(200) levels=OK(200) feed=OK(200) rastro_offers=OK(200)
2026-10-02T20:53:49Z cycle 2026-10-02T20:53:48Z: clock=OK(200) leaderboard=OK(200) dealers=OK(200) schedule=OK(200) levels=OK(200) feed=OK(200) rastro_offers=OK(200)
2026-10-02T20:54:00Z cycle 2026-10-02T20:53:59Z: clock=OK(200) leaderboard=OK(200) dealers=OK(200) schedule=OK(200) levels=OK(200) feed=OK(200) rastro_offers=OK(200)
2026-10-02T20:54:10Z cycle 2026-10-02T20:54:10Z: clock=OK(200) leaderboard=OK(200) dealers=OK(200) schedule=OK(200) levels=OK(200) feed=OK(200) rastro_offers=OK(200)
2026-10-02T20:54:21Z cycle 2026-10-02T20:54:20Z: clock=OK(200) leaderboard=OK(200) dealers=OK(200) schedule=OK(200) levels=OK(200) feed=OK(200) rastro_offers=OK(200)
2026-10-02T20:54:32Z cycle 2026-10-02T20:54:31Z: clock=OK(200) leaderboard=OK(200) dealers=OK(200) schedule=OK(200) levels=OK(200) feed=OK(200) rastro_offers=OK(200)
2026-10-02T20:54:43Z cycle 2026-10-02T20:54:42Z: clock=OK(200) leaderboard=OK(200) dealers=OK(200) schedule=OK(200) levels=OK(200) feed=OK(200) rastro_offers=OK(200)
2026-10-02T20:54:54Z cycle 2026-10-02T20:54:53Z: clock=OK(200) leaderboard=OK(200) dealers=OK(200) schedule=OK(200) levels=OK(200) feed=OK(200) rastro_offers=OK(200)
2026-10-02T20:55:05Z cycle 2026-10-02T20:55:04Z: clock=OK(200) leaderboard=OK(200) dealers=OK(200) schedule=OK(200) levels=OK(200) feed=OK(200) rastro_offers=OK(200)
2026-10-02T20:55:15Z cycle 2026-10-02T20:55:15Z: clock=OK(200) leaderboard=OK(200) dealers=OK(200) schedule=OK(200) levels=OK(200) feed=OK(200) rastro_offers=OK(200)
2026-10-02T20:55:26Z cycle 2026-10-02T20:55:25Z: clock=OK(200) leaderboard=OK(200) dealers=OK(200) schedule=OK(200) levels=OK(200) feed=OK(200) rastro_offers=OK(200)
2026-10-02T20:55:37Z cycle 2026-10-02T20:55:36Z: clock=OK(200) leaderboard=OK(200) dealers=OK(200) schedule=OK(200) levels=OK(200) feed=OK(200) rastro_offers=OK(200)
2026-10-02T20:55:48Z cycle 2026-10-02T20:55:47Z: clock=OK(200) leaderboard=OK(200) dealers=OK(200) schedule=OK(200) levels=OK(200) feed=OK(200) rastro_offers=OK(200)
2026-10-02T20:55:59Z cycle 2026-10-02T20:55:58Z: clock=OK(200) leaderboard=OK(200) dealers=OK(200) schedule=OK(200) levels=OK(200) feed=OK(200) rastro_offers=OK(200)
2026-10-02T20:56:10Z cycle 2026-10-02T20:56:09Z: clock=OK(200) leaderboard=OK(200) dealers=OK(200) schedule=OK(200) levels=OK(200) feed=OK(200) rastro_offers=OK(200)
2026-10-02T20:56:21Z cycle 2026-10-02T20:56:20Z: clock=OK(200) leaderboard=OK(200) dealers=OK(200) schedule=OK(200) levels=OK(200) feed=OK(200) rastro_offers=OK(200)
2026-10-02T20:56:31Z cycle 2026-10-02T20:56:31Z: clock=OK(200) leaderboard=OK(200) dealers=OK(200) schedule=OK(200) levels=OK(200) feed=OK(200) rastro_offers=OK(200)
2026-10-02T20:56:42Z cycle 2026-10-02T20:56:41Z: clock=OK(200) leaderboard=OK(200) dealers=OK(200) schedule=OK(200) levels=OK(200) feed=OK(200) rastro_offers=OK(200)
2026-10-02T20:56:53Z cycle 2026-10-02T20:56:53Z: clock=OK(200) leaderboard=OK(200) dealers=OK(200) schedule=OK(200) levels=OK(200) feed=OK(200) rastro_offers=OK(200)
2026-10-02T20:57:04Z cycle 2026-10-02T20:57:03Z: clock=OK(200) leaderboard=OK(200) dealers=OK(200) schedule=OK(200) levels=OK(200) feed=OK(200) rastro_offers=OK(200)
2026-10-02T20:57:15Z cycle 2026-10-02T20:57:14Z: clock=OK(200) leaderboard=OK(200) dealers=OK(200) schedule=OK(200) levels=OK(200) feed=OK(200) rastro_offers=OK(200)
2026-10-02T20:57:26Z cycle 2026-10-02T20:57:25Z: clock=OK(200) leaderboard=OK(200) dealers=OK(200) schedule=OK(200) levels=OK(200) feed=OK(200) rastro_offers=OK(200)
2026-10-02T20:57:37Z cycle 2026-10-02T20:57:36Z: clock=OK(200) leaderboard=OK(200) dealers=OK(200) schedule=OK(200) levels=OK(200) feed=OK(200) rastro_offers=OK(200)
2026-10-02T20:57:48Z cycle 2026-10-02T20:57:47Z: clock=OK(200) leaderboard=OK(200) dealers=OK(200) schedule=OK(200) levels=OK(200) feed=OK(200) rastro_offers=OK(200)
2026-10-02T20:57:59Z cycle 2026-10-02T20:57:58Z: clock=OK(200) leaderboard=OK(200) dealers=OK(200) schedule=OK(200) levels=OK(200) feed=OK(200) rastro_offers=OK(200)
2026-10-02T20:58:09Z cycle 2026-10-02T20:58:09Z: clock=OK(200) leaderboard=OK(200) dealers=OK(200) schedule=OK(200) levels=OK(200) feed=OK(200) rastro_offers=OK(200)
2026-10-02T20:58:20Z cycle 2026-10-02T20:58:20Z: clock=OK(200) leaderboard=OK(200) dealers=OK(200) schedule=OK(200) levels=OK(200) feed=OK(200) rastro_offers=OK(200)
2026-10-02T20:58:31Z cycle 2026-10-02T20:58:30Z: clock=OK(200) leaderboard=OK(200) dealers=OK(200) schedule=OK(200) levels=OK(200) feed=OK(200) rastro_offers=OK(200)
2026-10-02T20:58:42Z cycle 2026-10-02T20:58:41Z: clock=OK(200) leaderboard=OK(200) dealers=OK(200) schedule=OK(200) levels=OK(200) feed=OK(200) rastro_offers=OK(200)
2026-10-02T20:58:53Z cycle 2026-10-02T20:58:52Z: clock=OK(200) leaderboard=OK(200) dealers=OK(200) schedule=OK(200) levels=OK(200) feed=OK(200) rastro_offers=OK(200)
2026-10-02T20:59:04Z cycle 2026-10-02T20:59:03Z: clock=OK(200) leaderboard=OK(200) dealers=OK(200) schedule=OK(200) levels=OK(200) feed=OK(200) rastro_offers=OK(200)
2026-10-02T20:59:15Z cycle 2026-10-02T20:59:14Z: clock=OK(200) leaderboard=OK(200) dealers=OK(200) schedule=OK(200) levels=OK(200) feed=OK(200) rastro_offers=OK(200)
2026-10-02T20:59:26Z cycle 2026-10-02T20:59:25Z: clock=OK(200) leaderboard=OK(200) dealers=OK(200) schedule=OK(200) levels=OK(200) feed=OK(200) rastro_offers=OK(200)
2026-10-02T20:59:36Z cycle 2026-10-02T20:59:36Z: clock=OK(200) leaderboard=OK(200) dealers=OK(200) schedule=OK(200) levels=OK(200) feed=OK(200) rastro_offers=OK(200)
2026-10-02T20:59:48Z cycle 2026-10-02T20:59:46Z: clock=OK(200) leaderboard=OK(200) dealers=OK(200) schedule=OK(200) levels=OK(200) feed=OK(200) rastro_offers=OK(200)
2026-10-02T20:59:58Z cycle 2026-10-02T20:59:58Z: clock=OK(200) leaderboard=OK(200) dealers=OK(200) schedule=OK(200) levels=OK(200) feed=OK(200) rastro_offers=OK(200)
2026-10-02T21:00:09Z cycle 2026-10-02T21:00:08Z: clock=OK(200) leaderboard=OK(200) dealers=OK(200) schedule=OK(200) levels=OK(200) feed=OK(200) rastro_offers=OK(200)
2026-10-02T21:00:20Z cycle 2026-10-02T21:00:19Z: clock=OK(200) leaderboard=OK(200) dealers=OK(200) schedule=OK(200) levels=OK(200) feed=OK(200) rastro_offers=OK(200)
2026-10-02T21:00:31Z cycle 2026-10-02T21:00:30Z: clock=OK(200) leaderboard=OK(200) dealers=OK(200) schedule=OK(200) levels=OK(200) feed=OK(200) rastro_offers=OK(200)
2026-10-02T21:00:42Z cycle 2026-10-02T21:00:41Z: clock=OK(200) leaderboard=OK(200) dealers=OK(200) schedule=OK(200) levels=OK(200) feed=OK(200) rastro_offers=OK(200)
2026-10-02T21:00:53Z cycle 2026-10-02T21:00:52Z: clock=OK(200) leaderboard=OK(200) dealers=OK(200) schedule=OK(200) levels=OK(200) feed=OK(200) rastro_offers=OK(200)
2026-10-02T21:01:03Z cycle 2026-10-02T21:01:03Z: clock=OK(200) leaderboard=OK(200) dealers=OK(200) schedule=OK(200) levels=OK(200) feed=OK(200) rastro_offers=OK(200)
2026-10-02T21:01:14Z cycle 2026-10-02T21:01:13Z: clock=OK(200) leaderboard=OK(200) dealers=OK(200) schedule=OK(200) levels=OK(200) feed=OK(200) rastro_offers=OK(200)
2026-10-02T21:01:25Z cycle 2026-10-02T21:01:24Z: clock=OK(200) leaderboard=OK(200) dealers=OK(200) schedule=OK(200) levels=OK(200) feed=OK(200) rastro_offers=OK(200)
2026-10-02T21:01:36Z cycle 2026-10-02T21:01:35Z: clock=OK(200) leaderboard=OK(200) dealers=OK(200) schedule=OK(200) levels=OK(200) feed=OK(200) rastro_offers=OK(200)
2026-10-02T21:01:47Z cycle 2026-10-02T21:01:46Z: clock=OK(200) leaderboard=OK(200) dealers=OK(200) schedule=OK(200) levels=OK(200) feed=OK(200) rastro_offers=OK(200)
2026-10-02T21:12:49Z cycle 2026-10-02T21:12:49Z: clock=FAIL(curl_exit=6) leaderboard=FAIL(curl_exit=6) dealers=FAIL(curl_exit=6) schedule=FAIL(curl_exit=6) levels=FAIL(curl_exit=6) feed=FAIL(curl_exit=6) rastro_offers=FAIL(curl_exit=6)
2026-10-02T21:13:00Z cycle 2026-10-02T21:12:59Z: clock=FAIL(curl_exit=6) leaderboard=FAIL(curl_exit=6) dealers=FAIL(curl_exit=6) schedule=FAIL(curl_exit=6) levels=FAIL(curl_exit=6) feed=FAIL(curl_exit=6) rastro_offers=FAIL(curl_exit=6)
2026-10-02T21:13:10Z cycle 2026-10-02T21:13:10Z: clock=FAIL(curl_exit=6) leaderboard=FAIL(curl_exit=6) dealers=FAIL(curl_exit=6) schedule=FAIL(curl_exit=6) levels=FAIL(curl_exit=6) feed=FAIL(curl_exit=6) rastro_offers=FAIL(curl_exit=6)
2026-10-02T21:13:21Z cycle 2026-10-02T21:13:20Z: clock=FAIL(curl_exit=6) leaderboard=FAIL(curl_exit=6) dealers=FAIL(curl_exit=6) schedule=FAIL(curl_exit=6) levels=FAIL(curl_exit=6) feed=FAIL(curl_exit=6) rastro_offers=FAIL(curl_exit=6)
2026-10-02T21:13:32Z cycle 2026-10-02T21:13:31Z: clock=FAIL(curl_exit=6) leaderboard=FAIL(curl_exit=6) dealers=FAIL(curl_exit=6) schedule=FAIL(curl_exit=6) levels=FAIL(curl_exit=6) feed=FAIL(curl_exit=6) rastro_offers=FAIL(curl_exit=6)
2026-10-02T21:31:05Z cycle 2026-10-02T21:31:05Z: clock=FAIL(curl_exit=6) leaderboard=FAIL(curl_exit=6) dealers=FAIL(curl_exit=6) schedule=FAIL(curl_exit=6) levels=FAIL(curl_exit=6) feed=FAIL(curl_exit=6) rastro_offers=FAIL(curl_exit=6)
2026-10-02T21:31:17Z cycle 2026-10-02T21:31:15Z: clock=OK(200) leaderboard=OK(200) dealers=OK(200) schedule=OK(200) levels=OK(200) feed=OK(200) rastro_offers=OK(200)
2026-10-02T21:31:30Z cycle 2026-10-02T21:31:27Z: clock=OK(200) leaderboard=OK(200) dealers=OK(200) schedule=OK(200) levels=OK(200) feed=OK(200) rastro_offers=OK(200)
2026-10-02T21:31:40Z cycle 2026-10-02T21:31:40Z: clock=OK(200) leaderboard=OK(200) dealers=OK(200) schedule=OK(200) levels=OK(200) feed=OK(200) rastro_offers=OK(200)
2026-10-02T21:31:52Z cycle 2026-10-02T21:31:50Z: clock=OK(200) leaderboard=OK(200) dealers=OK(200) schedule=OK(200) levels=OK(200) feed=OK(200) rastro_offers=OK(200)
2026-10-02T21:32:03Z cycle 2026-10-02T21:32:02Z: clock=OK(200) leaderboard=OK(200) dealers=OK(200) schedule=OK(200) levels=OK(200) feed=OK(200) rastro_offers=OK(200)
2026-10-02T21:32:14Z cycle 2026-10-02T21:32:13Z: clock=OK(200) leaderboard=OK(200) dealers=OK(200) schedule=OK(200) levels=OK(200) feed=OK(200) rastro_offers=OK(200)
2026-10-02T21:32:25Z cycle 2026-10-02T21:32:24Z: clock=OK(200) leaderboard=OK(200) dealers=OK(200) schedule=OK(200) levels=OK(200) feed=OK(200) rastro_offers=OK(200)
2026-10-02T21:32:35Z cycle 2026-10-02T21:32:35Z: clock=OK(200) leaderboard=OK(200) dealers=OK(200) schedule=OK(200) levels=OK(200) feed=OK(200) rastro_offers=OK(200)
2026-10-02T21:32:46Z cycle 2026-10-02T21:32:45Z: clock=OK(200) leaderboard=OK(200) dealers=OK(200) schedule=OK(200) levels=OK(200) feed=OK(200) rastro_offers=OK(200)
2026-10-02T21:32:57Z cycle 2026-10-02T21:32:56Z: clock=OK(200) leaderboard=OK(200) dealers=OK(200) schedule=OK(200) levels=OK(200) feed=OK(200) rastro_offers=OK(200)
2026-10-02T21:33:07Z cycle 2026-10-02T21:33:07Z: clock=OK(200) leaderboard=OK(200) dealers=OK(200) schedule=OK(200) levels=OK(200) feed=OK(200) rastro_offers=OK(200)
2026-10-02T21:33:18Z cycle 2026-10-02T21:33:17Z: clock=OK(200) leaderboard=OK(200) dealers=OK(200) schedule=OK(200) levels=OK(200) feed=OK(200) rastro_offers=OK(200)
2026-10-02T21:33:29Z cycle 2026-10-02T21:33:28Z: clock=OK(200) leaderboard=OK(200) dealers=OK(200) schedule=OK(200) levels=OK(200) feed=OK(200) rastro_offers=OK(200)
2026-10-02T21:33:40Z cycle 2026-10-02T21:33:39Z: clock=OK(200) leaderboard=OK(200) dealers=OK(200) schedule=OK(200) levels=OK(200) feed=OK(200) rastro_offers=OK(200)
2026-10-02T21:33:50Z cycle 2026-10-02T21:33:50Z: clock=OK(200) leaderboard=OK(200) dealers=OK(200) schedule=OK(200) levels=OK(200) feed=OK(200) rastro_offers=OK(200)
2026-10-02T21:34:01Z cycle 2026-10-02T21:34:00Z: clock=OK(200) leaderboard=OK(200) dealers=OK(200) schedule=OK(200) levels=OK(200) feed=OK(200) rastro_offers=OK(200)
2026-10-02T21:34:12Z cycle 2026-10-02T21:34:11Z: clock=OK(200) leaderboard=OK(200) dealers=OK(200) schedule=OK(200) levels=OK(200) feed=OK(200) rastro_offers=OK(200)
2026-10-02T21:34:22Z cycle 2026-10-02T21:34:22Z: clock=OK(200) leaderboard=OK(200) dealers=OK(200) schedule=OK(200) levels=OK(200) feed=OK(200) rastro_offers=OK(200)
2026-10-02T21:34:33Z cycle 2026-10-02T21:34:33Z: clock=OK(200) leaderboard=OK(200) dealers=OK(200) schedule=OK(200) levels=OK(200) feed=OK(200) rastro_offers=OK(200)
2026-10-02T21:34:44Z cycle 2026-10-02T21:34:43Z: clock=OK(200) leaderboard=OK(200) dealers=OK(200) schedule=OK(200) levels=OK(200) feed=OK(200) rastro_offers=OK(200)
2026-10-02T21:34:55Z cycle 2026-10-02T21:34:54Z: clock=OK(200) leaderboard=OK(200) dealers=OK(200) schedule=OK(200) levels=OK(200) feed=OK(200) rastro_offers=OK(200)
2026-10-02T21:35:05Z cycle 2026-10-02T21:35:05Z: clock=OK(200) leaderboard=OK(200) dealers=OK(200) schedule=OK(200) levels=OK(200) feed=OK(200) rastro_offers=OK(200)
2026-10-02T21:35:16Z cycle 2026-10-02T21:35:15Z: clock=OK(200) leaderboard=OK(200) dealers=OK(200) schedule=OK(200) levels=OK(200) feed=OK(200) rastro_offers=OK(200)
2026-10-02T21:35:27Z cycle 2026-10-02T21:35:26Z: clock=OK(200) leaderboard=OK(200) dealers=OK(200) schedule=OK(200) levels=OK(200) feed=OK(200) rastro_offers=OK(200)
2026-10-02T21:35:38Z cycle 2026-10-02T21:35:37Z: clock=OK(200) leaderboard=OK(200) dealers=OK(200) schedule=OK(200) levels=OK(200) feed=OK(200) rastro_offers=OK(200)
2026-10-02T21:35:48Z cycle 2026-10-02T21:35:48Z: clock=OK(200) leaderboard=OK(200) dealers=OK(200) schedule=OK(200) levels=OK(200) feed=OK(200) rastro_offers=OK(200)
2026-10-02T21:35:59Z cycle 2026-10-02T21:35:58Z: clock=OK(200) leaderboard=OK(200) dealers=OK(200) schedule=OK(200) levels=OK(200) feed=OK(200) rastro_offers=OK(200)
2026-10-02T21:36:10Z cycle 2026-10-02T21:36:09Z: clock=OK(200) leaderboard=OK(200) dealers=OK(200) schedule=OK(200) levels=OK(200) feed=OK(200) rastro_offers=OK(200)
2026-10-02T21:36:20Z cycle 2026-10-02T21:36:20Z: clock=OK(200) leaderboard=OK(200) dealers=OK(200) schedule=OK(200) levels=OK(200) feed=OK(200) rastro_offers=OK(200)
2026-10-02T21:36:31Z cycle 2026-10-02T21:36:30Z: clock=OK(200) leaderboard=OK(200) dealers=OK(200) schedule=OK(200) levels=OK(200) feed=OK(200) rastro_offers=OK(200)
2026-10-02T21:36:42Z cycle 2026-10-02T21:36:41Z: clock=OK(200) leaderboard=OK(200) dealers=OK(200) schedule=OK(200) levels=OK(200) feed=OK(200) rastro_offers=OK(200)
2026-10-02T21:36:52Z cycle 2026-10-02T21:36:52Z: clock=OK(200) leaderboard=OK(200) dealers=OK(200) schedule=OK(200) levels=OK(200) feed=OK(200) rastro_offers=OK(200)
2026-10-02T21:37:03Z cycle 2026-10-02T21:37:03Z: clock=OK(200) leaderboard=OK(200) dealers=OK(200) schedule=OK(200) levels=OK(200) feed=OK(200) rastro_offers=OK(200)
2026-10-02T21:37:14Z cycle 2026-10-02T21:37:13Z: clock=OK(200) leaderboard=OK(200) dealers=OK(200) schedule=OK(200) levels=OK(200) feed=OK(200) rastro_offers=OK(200)
2026-10-02T21:37:25Z cycle 2026-10-02T21:37:24Z: clock=OK(200) leaderboard=OK(200) dealers=OK(200) schedule=OK(200) levels=OK(200) feed=OK(200) rastro_offers=OK(200)
2026-10-02T21:37:35Z cycle 2026-10-02T21:37:35Z: clock=OK(200) leaderboard=OK(200) dealers=OK(200) schedule=OK(200) levels=OK(200) feed=OK(200) rastro_offers=OK(200)
2026-10-02T21:37:46Z cycle 2026-10-02T21:37:45Z: clock=OK(200) leaderboard=OK(200) dealers=OK(200) schedule=OK(200) levels=OK(200) feed=OK(200) rastro_offers=OK(200)
2026-10-02T21:37:57Z cycle 2026-10-02T21:37:56Z: clock=OK(200) leaderboard=OK(200) dealers=OK(200) schedule=OK(200) levels=OK(200) feed=OK(200) rastro_offers=OK(200)
2026-10-02T21:38:07Z cycle 2026-10-02T21:38:07Z: clock=OK(200) leaderboard=OK(200) dealers=OK(200) schedule=OK(200) levels=OK(200) feed=OK(200) rastro_offers=OK(200)
2026-10-02T21:38:18Z cycle 2026-10-02T21:38:18Z: clock=OK(200) leaderboard=OK(200) dealers=OK(200) schedule=OK(200) levels=OK(200) feed=OK(200) rastro_offers=OK(200)
2026-10-02T21:38:29Z cycle 2026-10-02T21:38:28Z: clock=OK(200) leaderboard=OK(200) dealers=OK(200) schedule=OK(200) levels=OK(200) feed=OK(200) rastro_offers=OK(200)
2026-10-02T21:38:40Z cycle 2026-10-02T21:38:39Z: clock=OK(200) leaderboard=OK(200) dealers=OK(200) schedule=OK(200) levels=OK(200) feed=OK(200) rastro_offers=OK(200)
2026-10-02T21:38:50Z cycle 2026-10-02T21:38:50Z: clock=OK(200) leaderboard=OK(200) dealers=OK(200) schedule=OK(200) levels=OK(200) feed=OK(200) rastro_offers=OK(200)
2026-10-02T21:39:01Z cycle 2026-10-02T21:39:00Z: clock=OK(200) leaderboard=OK(200) dealers=OK(200) schedule=OK(200) levels=OK(200) feed=OK(200) rastro_offers=OK(200)
2026-10-02T21:39:12Z cycle 2026-10-02T21:39:11Z: clock=OK(200) leaderboard=OK(200) dealers=OK(200) schedule=OK(200) levels=OK(200) feed=OK(200) rastro_offers=OK(200)
2026-10-02T21:39:23Z cycle 2026-10-02T21:39:22Z: clock=OK(200) leaderboard=OK(200) dealers=OK(200) schedule=OK(200) levels=OK(200) feed=OK(200) rastro_offers=OK(200)
2026-10-02T21:39:33Z cycle 2026-10-02T21:39:33Z: clock=OK(200) leaderboard=OK(200) dealers=OK(200) schedule=OK(200) levels=OK(200) feed=OK(200) rastro_offers=OK(200)
2026-10-02T21:39:44Z cycle 2026-10-02T21:39:43Z: clock=OK(200) leaderboard=OK(200) dealers=OK(200) schedule=OK(200) levels=OK(200) feed=OK(200) rastro_offers=OK(200)
2026-10-02T21:39:55Z cycle 2026-10-02T21:39:54Z: clock=OK(200) leaderboard=OK(200) dealers=OK(200) schedule=OK(200) levels=OK(200) feed=OK(200) rastro_offers=OK(200)
2026-10-02T21:40:05Z cycle 2026-10-02T21:40:05Z: clock=OK(200) leaderboard=OK(200) dealers=OK(200) schedule=OK(200) levels=OK(200) feed=OK(200) rastro_offers=OK(200)
2026-10-02T21:40:16Z cycle 2026-10-02T21:40:15Z: clock=OK(200) leaderboard=OK(200) dealers=OK(200) schedule=OK(200) levels=OK(200) feed=OK(200) rastro_offers=OK(200)
2026-10-02T21:40:27Z cycle 2026-10-02T21:40:26Z: clock=OK(200) leaderboard=OK(200) dealers=OK(200) schedule=OK(200) levels=OK(200) feed=OK(200) rastro_offers=OK(200)
2026-10-02T21:40:38Z cycle 2026-10-02T21:40:37Z: clock=OK(200) leaderboard=OK(200) dealers=OK(200) schedule=OK(200) levels=OK(200) feed=OK(200) rastro_offers=OK(200)
2026-10-02T21:40:48Z cycle 2026-10-02T21:40:48Z: clock=OK(200) leaderboard=OK(200) dealers=OK(200) schedule=OK(200) levels=OK(200) feed=OK(200) rastro_offers=OK(200)
2026-10-02T21:40:59Z cycle 2026-10-02T21:40:58Z: clock=OK(200) leaderboard=OK(200) dealers=OK(200) schedule=OK(200) levels=OK(200) feed=OK(200) rastro_offers=OK(200)
2026-10-02T21:41:10Z cycle 2026-10-02T21:41:09Z: clock=OK(200) leaderboard=OK(200) dealers=OK(200) schedule=OK(200) levels=OK(200) feed=OK(200) rastro_offers=OK(200)
2026-10-02T21:41:21Z cycle 2026-10-02T21:41:20Z: clock=OK(200) leaderboard=OK(200) dealers=OK(200) schedule=OK(200) levels=OK(200) feed=OK(200) rastro_offers=OK(200)
2026-10-02T21:41:31Z cycle 2026-10-02T21:41:31Z: clock=OK(200) leaderboard=OK(200) dealers=OK(200) schedule=OK(200) levels=OK(200) feed=OK(200) rastro_offers=OK(200)
2026-10-02T21:41:42Z cycle 2026-10-02T21:41:41Z: clock=OK(200) leaderboard=OK(200) dealers=OK(200) schedule=OK(200) levels=OK(200) feed=OK(200) rastro_offers=OK(200)
2026-10-02T21:41:53Z cycle 2026-10-02T21:41:52Z: clock=OK(200) leaderboard=OK(200) dealers=OK(200) schedule=OK(200) levels=OK(200) feed=OK(200) rastro_offers=OK(200)
2026-10-02T21:42:03Z cycle 2026-10-02T21:42:03Z: clock=OK(200) leaderboard=OK(200) dealers=OK(200) schedule=OK(200) levels=OK(200) feed=OK(200) rastro_offers=OK(200)
2026-10-02T21:42:14Z cycle 2026-10-02T21:42:13Z: clock=OK(200) leaderboard=OK(200) dealers=OK(200) schedule=OK(200) levels=OK(200) feed=OK(200) rastro_offers=OK(200)
2026-10-02T21:42:25Z cycle 2026-10-02T21:42:24Z: clock=OK(200) leaderboard=OK(200) dealers=OK(200) schedule=OK(200) levels=OK(200) feed=OK(200) rastro_offers=OK(200)
2026-10-02T21:42:35Z cycle 2026-10-02T21:42:35Z: clock=OK(200) leaderboard=OK(200) dealers=OK(200) schedule=OK(200) levels=OK(200) feed=OK(200) rastro_offers=OK(200)
2026-10-02T21:42:46Z cycle 2026-10-02T21:42:45Z: clock=OK(200) leaderboard=OK(200) dealers=OK(200) schedule=OK(200) levels=OK(200) feed=OK(200) rastro_offers=OK(200)
2026-10-02T21:42:57Z cycle 2026-10-02T21:42:56Z: clock=OK(200) leaderboard=OK(200) dealers=OK(200) schedule=OK(200) levels=OK(200) feed=OK(200) rastro_offers=OK(200)
2026-10-02T21:43:08Z cycle 2026-10-02T21:43:07Z: clock=OK(200) leaderboard=OK(200) dealers=OK(200) schedule=OK(200) levels=OK(200) feed=OK(200) rastro_offers=OK(200)
2026-10-02T21:43:18Z cycle 2026-10-02T21:43:18Z: clock=OK(200) leaderboard=OK(200) dealers=OK(200) schedule=OK(200) levels=OK(200) feed=OK(200) rastro_offers=OK(200)
2026-10-02T21:43:29Z cycle 2026-10-02T21:43:28Z: clock=OK(200) leaderboard=OK(200) dealers=OK(200) schedule=OK(200) levels=OK(200) feed=OK(200) rastro_offers=OK(200)
2026-10-02T21:43:40Z cycle 2026-10-02T21:43:39Z: clock=OK(200) leaderboard=OK(200) dealers=OK(200) schedule=OK(200) levels=OK(200) feed=OK(200) rastro_offers=OK(200)
2026-10-02T21:43:51Z cycle 2026-10-02T21:43:50Z: clock=OK(200) leaderboard=OK(200) dealers=OK(200) schedule=OK(200) levels=OK(200) feed=OK(200) rastro_offers=OK(200)
2026-10-02T21:44:02Z cycle 2026-10-02T21:44:01Z: clock=OK(200) leaderboard=OK(200) dealers=OK(200) schedule=OK(200) levels=OK(200) feed=OK(200) rastro_offers=OK(200)
2026-10-02T21:44:12Z cycle 2026-10-02T21:44:12Z: clock=OK(200) leaderboard=OK(200) dealers=OK(200) schedule=OK(200) levels=OK(200) feed=OK(200) rastro_offers=OK(200)
2026-10-02T21:44:23Z cycle 2026-10-02T21:44:22Z: clock=OK(200) leaderboard=OK(200) dealers=OK(200) schedule=OK(200) levels=OK(200) feed=OK(200) rastro_offers=OK(200)
2026-10-02T21:44:34Z cycle 2026-10-02T21:44:33Z: clock=OK(200) leaderboard=OK(200) dealers=OK(200) schedule=OK(200) levels=OK(200) feed=OK(200) rastro_offers=OK(200)
2026-10-02T21:44:45Z cycle 2026-10-02T21:44:44Z: clock=OK(200) leaderboard=OK(200) dealers=OK(200) schedule=OK(200) levels=OK(200) feed=OK(200) rastro_offers=OK(200)
2026-10-02T21:44:56Z cycle 2026-10-02T21:44:55Z: clock=OK(200) leaderboard=OK(200) dealers=OK(200) schedule=OK(200) levels=OK(200) feed=OK(200) rastro_offers=OK(200)
2026-10-02T21:45:06Z cycle 2026-10-02T21:45:06Z: clock=OK(200) leaderboard=OK(200) dealers=OK(200) schedule=OK(200) levels=OK(200) feed=OK(200) rastro_offers=OK(200)
2026-10-02T21:45:17Z cycle 2026-10-02T21:45:16Z: clock=OK(200) leaderboard=OK(200) dealers=OK(200) schedule=OK(200) levels=OK(200) feed=OK(200) rastro_offers=OK(200)
2026-10-02T21:45:28Z cycle 2026-10-02T21:45:27Z: clock=OK(200) leaderboard=OK(200) dealers=OK(200) schedule=OK(200) levels=OK(200) feed=OK(200) rastro_offers=OK(200)
2026-10-02T21:45:39Z cycle 2026-10-02T21:45:38Z: clock=OK(200) leaderboard=OK(200) dealers=OK(200) schedule=OK(200) levels=OK(200) feed=OK(200) rastro_offers=OK(200)
2026-10-02T21:45:50Z cycle 2026-10-02T21:45:49Z: clock=OK(200) leaderboard=OK(200) dealers=OK(200) schedule=OK(200) levels=OK(200) feed=OK(200) rastro_offers=OK(200)
2026-10-02T21:46:00Z cycle 2026-10-02T21:46:00Z: clock=OK(200) leaderboard=OK(200) dealers=OK(200) schedule=OK(200) levels=OK(200) feed=OK(200) rastro_offers=OK(200)
2026-10-02T21:46:11Z cycle 2026-10-02T21:46:10Z: clock=OK(200) leaderboard=OK(200) dealers=OK(200) schedule=OK(200) levels=OK(200) feed=OK(200) rastro_offers=OK(200)
2026-10-02T21:46:22Z cycle 2026-10-02T21:46:21Z: clock=OK(200) leaderboard=OK(200) dealers=OK(200) schedule=OK(200) levels=OK(200) feed=OK(200) rastro_offers=OK(200)
2026-10-02T21:46:33Z cycle 2026-10-02T21:46:32Z: clock=OK(200) leaderboard=OK(200) dealers=OK(200) schedule=OK(200) levels=OK(200) feed=OK(200) rastro_offers=OK(200)
2026-10-02T21:46:44Z cycle 2026-10-02T21:46:43Z: clock=OK(200) leaderboard=OK(200) dealers=OK(200) schedule=OK(200) levels=OK(200) feed=OK(200) rastro_offers=OK(200)
2026-10-02T21:46:55Z cycle 2026-10-02T21:46:54Z: clock=OK(200) leaderboard=OK(200) dealers=OK(200) schedule=OK(200) levels=OK(200) feed=OK(200) rastro_offers=OK(200)
2026-10-02T21:47:05Z cycle 2026-10-02T21:47:05Z: clock=OK(200) leaderboard=OK(200) dealers=OK(200) schedule=OK(200) levels=OK(200) feed=OK(200) rastro_offers=OK(200)
2026-10-02T21:47:16Z cycle 2026-10-02T21:47:15Z: clock=OK(200) leaderboard=OK(200) dealers=OK(200) schedule=OK(200) levels=OK(200) feed=OK(200) rastro_offers=OK(200)
2026-10-02T21:47:27Z cycle 2026-10-02T21:47:26Z: clock=OK(200) leaderboard=OK(200) dealers=OK(200) schedule=OK(200) levels=OK(200) feed=OK(200) rastro_offers=OK(200)
2026-10-02T21:47:38Z cycle 2026-10-02T21:47:37Z: clock=OK(200) leaderboard=OK(200) dealers=OK(200) schedule=OK(200) levels=OK(200) feed=OK(200) rastro_offers=OK(200)
2026-10-02T21:47:48Z cycle 2026-10-02T21:47:48Z: clock=OK(200) leaderboard=OK(200) dealers=OK(200) schedule=OK(200) levels=OK(200) feed=OK(200) rastro_offers=OK(200)
2026-10-02T21:47:59Z cycle 2026-10-02T21:47:59Z: clock=OK(200) leaderboard=OK(200) dealers=OK(200) schedule=OK(200) levels=OK(200) feed=OK(200) rastro_offers=OK(200)
2026-10-02T21:48:10Z cycle 2026-10-02T21:48:09Z: clock=OK(200) leaderboard=OK(200) dealers=OK(200) schedule=OK(200) levels=OK(200) feed=OK(200) rastro_offers=OK(200)
2026-10-02T21:48:21Z cycle 2026-10-02T21:48:20Z: clock=OK(200) leaderboard=OK(200) dealers=OK(200) schedule=OK(200) levels=OK(200) feed=OK(200) rastro_offers=OK(200)
2026-10-02T21:48:31Z cycle 2026-10-02T21:48:31Z: clock=OK(200) leaderboard=OK(200) dealers=OK(200) schedule=OK(200) levels=OK(200) feed=OK(200) rastro_offers=OK(200)
2026-10-02T21:48:42Z cycle 2026-10-02T21:48:41Z: clock=OK(200) leaderboard=OK(200) dealers=OK(200) schedule=OK(200) levels=OK(200) feed=OK(200) rastro_offers=OK(200)
2026-10-02T21:48:53Z cycle 2026-10-02T21:48:52Z: clock=OK(200) leaderboard=OK(200) dealers=OK(200) schedule=OK(200) levels=OK(200) feed=OK(200) rastro_offers=OK(200)
2026-10-02T21:49:04Z cycle 2026-10-02T21:49:03Z: clock=OK(200) leaderboard=OK(200) dealers=OK(200) schedule=OK(200) levels=OK(200) feed=OK(200) rastro_offers=OK(200)
2026-10-02T21:49:14Z cycle 2026-10-02T21:49:14Z: clock=OK(200) leaderboard=OK(200) dealers=OK(200) schedule=OK(200) levels=OK(200) feed=OK(200) rastro_offers=OK(200)
2026-10-02T21:49:25Z cycle 2026-10-02T21:49:24Z: clock=OK(200) leaderboard=OK(200) dealers=OK(200) schedule=OK(200) levels=OK(200) feed=OK(200) rastro_offers=OK(200)
